Initialized native services in: C:\Dev\scoop\apps\gradle\current\.gradle\native
Initialized jansi services in: C:\Dev\scoop\apps\gradle\current\.gradle\native
Found daemon DaemonInfo{pid=28348, address=[ffb00405-7815-4ed2-a8a8-38e87bd49164 port:14861, addresses:[/127.0.0.1]], state=Idle, lastBusy=1766905011257, context=DefaultDaemonContext[uid=7fb89dfc-ef91-43e0-9240-6778e408a3b6,javaHome=C:\Users\DHSON_DESKTOP\.antigravity\extensions\redhat.java-1.50.0-win32-x64\jre\21.0.9-win32-x86_64,javaVersion=21,javaVendor=Eclipse Adoptium,daemonRegistryDir=C:\Dev\scoop\apps\gradle\current\.gradle\daemon,pid=28348,idleTimeout=10800000,priority=NORMAL,applyInstrumentationAgent=true,nativeServicesMode=ENABLED,daemonOpts=-XX:MaxMetaspaceSize=384m,-XX:+HeapDumpOnOutOfMemoryError,-Xms256m,-Xmx512m,-Dfile.encoding=UTF-8,-Duser.country=KR,-Duser.language=ko,-Duser.variant]} however its context does not match the desired criteria.
JVM is incompatible.
Wanted: DaemonRequestContext{jvmCriteria=C:\Dev\scoop\apps\temurin21-jdk\current (no JDK specified, using current Java home), daemonOpts=[-XX:MaxMetaspaceSize=384m, -XX:+HeapDumpOnOutOfMemoryError, -Xms256m, -Xmx512m, -Dfile.encoding=UTF-8, -Duser.country=KR, -Duser.language=ko, -Duser.variant], applyInstrumentationAgent=true, nativeServicesMode=ENABLED, priority=NORMAL}
Actual: DefaultDaemonContext[uid=7fb89dfc-ef91-43e0-9240-6778e408a3b6,javaHome=C:\Users\DHSON_DESKTOP\.antigravity\extensions\redhat.java-1.50.0-win32-x64\jre\21.0.9-win32-x86_64,javaVersion=21,javaVendor=Eclipse Adoptium,daemonRegistryDir=C:\Dev\scoop\apps\gradle\current\.gradle\daemon,pid=28348,idleTimeout=10800000,priority=NORMAL,applyInstrumentationAgent=true,nativeServicesMode=ENABLED,daemonOpts=-XX:MaxMetaspaceSize=384m,-XX:+HeapDumpOnOutOfMemoryError,-Xms256m,-Xmx512m,-Dfile.encoding=UTF-8,-Duser.country=KR,-Duser.language=ko,-Duser.variant]

  Looking for a different daemon...
The client will now receive all logging from the daemon (pid: 2336). The daemon log file: C:\Dev\scoop\apps\gradle\current\.gradle\daemon\9.0.0\daemon-2336.out.log
Starting 21st build in daemon [uptime: 45 mins 39.476 secs, performance: 100%, GC rate: 0.00/s, heap usage: 1% of 512 MiB, non-heap usage: 21% of 384 MiB]
Using 16 worker leases.
Now considering [C:\Dev\project\iam] as hierarchies to watch
Watching the file system is configured to be enabled if available
File system watching is active
Starting Build
Settings evaluated using settings file 'C:\Dev\project\iam\settings.gradle'.
Projects loaded. Root project using build file 'C:\Dev\project\iam\build.gradle'.
Included projects: [root project 'iam-mvp', project ':iam-connector-ad', project ':iam-connector-hr', project ':iam-core']

> Configure project :
Evaluating root project 'iam-mvp' using build file 'C:\Dev\project\iam\build.gradle'.
Resolved plugin [id: 'java']
Resolved plugin [id: 'org.springframework.boot', version: '3.5.8']
Resolved plugin [id: 'io.spring.dependency-management', version: '1.1.7']
Applying dependency management to configuration 'annotationProcessor' in project 'iam-mvp'
Applying dependency management to configuration 'apiElements' in project 'iam-mvp'
Applying dependency management to configuration 'archives' in project 'iam-mvp'
Applying dependency management to configuration 'bootArchives' in project 'iam-mvp'
Applying dependency management to configuration 'compileClasspath' in project 'iam-mvp'
Applying dependency management to configuration 'compileOnly' in project 'iam-mvp'
Applying dependency management to configuration 'default' in project 'iam-mvp'
Applying dependency management to configuration 'developmentOnly' in project 'iam-mvp'
Applying dependency management to configuration 'implementation' in project 'iam-mvp'
Applying dependency management to configuration 'mainSourceElements' in project 'iam-mvp'
Applying dependency management to configuration 'productionRuntimeClasspath' in project 'iam-mvp'
Applying dependency management to configuration 'runtimeClasspath' in project 'iam-mvp'
Applying dependency management to configuration 'runtimeElements' in project 'iam-mvp'
Applying dependency management to configuration 'runtimeOnly' in project 'iam-mvp'
Applying dependency management to configuration 'testAndDevelopmentOnly' in project 'iam-mvp'
Applying dependency management to configuration 'testAnnotationProcessor' in project 'iam-mvp'
Applying dependency management to configuration 'testCompileClasspath' in project 'iam-mvp'
Applying dependency management to configuration 'testCompileOnly' in project 'iam-mvp'
Applying dependency management to configuration 'testImplementation' in project 'iam-mvp'
Applying dependency management to configuration 'testResultsElementsForTest' in project 'iam-mvp'
Applying dependency management to configuration 'testRuntimeClasspath' in project 'iam-mvp'
Applying dependency management to configuration 'testRuntimeOnly' in project 'iam-mvp'
Applying dependency management to configuration 'annotationProcessor' in project 'iam-connector-ad'
Applying dependency management to configuration 'apiElements' in project 'iam-connector-ad'
Applying dependency management to configuration 'archives' in project 'iam-connector-ad'
Applying dependency management to configuration 'bootArchives' in project 'iam-connector-ad'
Applying dependency management to configuration 'compileClasspath' in project 'iam-connector-ad'
Applying dependency management to configuration 'compileOnly' in project 'iam-connector-ad'
Applying dependency management to configuration 'default' in project 'iam-connector-ad'
Applying dependency management to configuration 'developmentOnly' in project 'iam-connector-ad'
Applying dependency management to configuration 'implementation' in project 'iam-connector-ad'
Applying dependency management to configuration 'mainSourceElements' in project 'iam-connector-ad'
Applying dependency management to configuration 'productionRuntimeClasspath' in project 'iam-connector-ad'
Applying dependency management to configuration 'runtimeClasspath' in project 'iam-connector-ad'
Applying dependency management to configuration 'runtimeElements' in project 'iam-connector-ad'
Applying dependency management to configuration 'runtimeOnly' in project 'iam-connector-ad'
Applying dependency management to configuration 'testAndDevelopmentOnly' in project 'iam-connector-ad'
Applying dependency management to configuration 'testAnnotationProcessor' in project 'iam-connector-ad'
Applying dependency management to configuration 'testCompileClasspath' in project 'iam-connector-ad'
Applying dependency management to configuration 'testCompileOnly' in project 'iam-connector-ad'
Applying dependency management to configuration 'testImplementation' in project 'iam-connector-ad'
Applying dependency management to configuration 'testResultsElementsForTest' in project 'iam-connector-ad'
Applying dependency management to configuration 'testRuntimeClasspath' in project 'iam-connector-ad'
Applying dependency management to configuration 'testRuntimeOnly' in project 'iam-connector-ad'
Applying dependency management to configuration 'annotationProcessor' in project 'iam-connector-hr'
Applying dependency management to configuration 'apiElements' in project 'iam-connector-hr'
Applying dependency management to configuration 'archives' in project 'iam-connector-hr'
Applying dependency management to configuration 'bootArchives' in project 'iam-connector-hr'
Applying dependency management to configuration 'compileClasspath' in project 'iam-connector-hr'
Applying dependency management to configuration 'compileOnly' in project 'iam-connector-hr'
Applying dependency management to configuration 'default' in project 'iam-connector-hr'
Applying dependency management to configuration 'developmentOnly' in project 'iam-connector-hr'
Applying dependency management to configuration 'implementation' in project 'iam-connector-hr'
Applying dependency management to configuration 'mainSourceElements' in project 'iam-connector-hr'
Applying dependency management to configuration 'productionRuntimeClasspath' in project 'iam-connector-hr'
Applying dependency management to configuration 'runtimeClasspath' in project 'iam-connector-hr'
Applying dependency management to configuration 'runtimeElements' in project 'iam-connector-hr'
Applying dependency management to configuration 'runtimeOnly' in project 'iam-connector-hr'
Applying dependency management to configuration 'testAndDevelopmentOnly' in project 'iam-connector-hr'
Applying dependency management to configuration 'testAnnotationProcessor' in project 'iam-connector-hr'
Applying dependency management to configuration 'testCompileClasspath' in project 'iam-connector-hr'
Applying dependency management to configuration 'testCompileOnly' in project 'iam-connector-hr'
Applying dependency management to configuration 'testImplementation' in project 'iam-connector-hr'
Applying dependency management to configuration 'testResultsElementsForTest' in project 'iam-connector-hr'
Applying dependency management to configuration 'testRuntimeClasspath' in project 'iam-connector-hr'
Applying dependency management to configuration 'testRuntimeOnly' in project 'iam-connector-hr'
Applying dependency management to configuration 'annotationProcessor' in project 'iam-core'
Applying dependency management to configuration 'apiElements' in project 'iam-core'
Applying dependency management to configuration 'archives' in project 'iam-core'
Applying dependency management to configuration 'bootArchives' in project 'iam-core'
Applying dependency management to configuration 'compileClasspath' in project 'iam-core'
Applying dependency management to configuration 'compileOnly' in project 'iam-core'
Applying dependency management to configuration 'default' in project 'iam-core'
Applying dependency management to configuration 'developmentOnly' in project 'iam-core'
Applying dependency management to configuration 'implementation' in project 'iam-core'
Applying dependency management to configuration 'mainSourceElements' in project 'iam-core'
Applying dependency management to configuration 'productionRuntimeClasspath' in project 'iam-core'
Applying dependency management to configuration 'runtimeClasspath' in project 'iam-core'
Applying dependency management to configuration 'runtimeElements' in project 'iam-core'
Applying dependency management to configuration 'runtimeOnly' in project 'iam-core'
Applying dependency management to configuration 'testAndDevelopmentOnly' in project 'iam-core'
Applying dependency management to configuration 'testAnnotationProcessor' in project 'iam-core'
Applying dependency management to configuration 'testCompileClasspath' in project 'iam-core'
Applying dependency management to configuration 'testCompileOnly' in project 'iam-core'
Applying dependency management to configuration 'testImplementation' in project 'iam-core'
Applying dependency management to configuration 'testResultsElementsForTest' in project 'iam-core'
Applying dependency management to configuration 'testRuntimeClasspath' in project 'iam-core'
Applying dependency management to configuration 'testRuntimeOnly' in project 'iam-core'

> Configure project :iam-connector-ad
Evaluating project ':iam-connector-ad' using build file 'C:\Dev\project\iam\iam-connector-ad\build.gradle'.

> Configure project :iam-connector-hr
Evaluating project ':iam-connector-hr' using build file 'C:\Dev\project\iam\iam-connector-hr\build.gradle'.

> Configure project :iam-core
Evaluating project ':iam-core' using build file 'C:\Dev\project\iam\iam-core\build.gradle'.
All projects evaluated.
Task path ':iam-core:test' matched project ':iam-core'
Task name matched 'test'
Selected primary task 'test' from project :iam-core
Resolving global dependency management for project 'iam-core'
Excluding []
Excluding []
Excluding []
Excluding []
Excluding []
Excluding []
Tasks to be executed: [task ':iam-core:compileJava', task ':iam-core:processResources', task ':iam-core:classes', task ':iam-core:compileTestJava', task ':iam-core:processTestResources', task ':iam-core:testClasses', task ':iam-core:test']
Tasks that were excluded: []
Resolve mutations for :iam-core:compileJava (Thread[#4300,Execution worker,5,main]) started.
:iam-core:compileJava (Thread[#4300,Execution worker,5,main]) started.

> Task :iam-core:compileJava UP-TO-DATE
Custom actions are attached to task ':iam-core:compileJava'.
Caching disabled for task ':iam-core:compileJava' because:
  Build cache is disabled
Skipping task ':iam-core:compileJava' as it is up-to-date.
Resolve mutations for :iam-core:processResources (Thread[#4300,Execution worker,5,main]) started.
:iam-core:processResources (Thread[#4300,Execution worker,5,main]) started.

> Task :iam-core:processResources UP-TO-DATE
Caching disabled for task ':iam-core:processResources' because:
  Build cache is disabled
  Not worth caching
Skipping task ':iam-core:processResources' as it is up-to-date.
Resolve mutations for :iam-core:classes (Thread[#4300,Execution worker,5,main]) started.
:iam-core:classes (Thread[#4311,Execution worker Thread 12,5,main]) started.

> Task :iam-core:classes UP-TO-DATE
Skipping task ':iam-core:classes' as it has no actions.
Resolve mutations for :iam-core:compileTestJava (Thread[#4311,Execution worker Thread 12,5,main]) started.
:iam-core:compileTestJava (Thread[#4311,Execution worker Thread 12,5,main]) started.

> Task :iam-core:compileTestJava UP-TO-DATE
Custom actions are attached to task ':iam-core:compileTestJava'.
Caching disabled for task ':iam-core:compileTestJava' because:
  Build cache is disabled
Skipping task ':iam-core:compileTestJava' as it is up-to-date.
Resolve mutations for :iam-core:processTestResources (Thread[#4311,Execution worker Thread 12,5,main]) started.
:iam-core:processTestResources (Thread[#4311,Execution worker Thread 12,5,main]) started.

> Task :iam-core:processTestResources UP-TO-DATE
Caching disabled for task ':iam-core:processTestResources' because:
  Build cache is disabled
  Not worth caching
Skipping task ':iam-core:processTestResources' as it is up-to-date.
Resolve mutations for :iam-core:testClasses (Thread[#4311,Execution worker Thread 12,5,main]) started.
:iam-core:testClasses (Thread[#4311,Execution worker Thread 12,5,main]) started.

> Task :iam-core:testClasses UP-TO-DATE
Skipping task ':iam-core:testClasses' as it has no actions.
Resolve mutations for :iam-core:test (Thread[#4312,Execution worker Thread 13,5,main]) started.
:iam-core:test (Thread[#4312,Execution worker Thread 13,5,main]) started.
Gradle Test Executor 12 started executing tests.
./gradlew : OpenJDK 64-Bit Server VM warning: Sharing is only s
upported for boot loader classes because bootstrap classpath ha
s been appended
위치 줄:1 문자:1
+ ./gradlew :iam-core:test --tests UserSyncServiceTest --info >
 test_ou ...
+ ~~~~~~~~~~~~~~~~~~~~~~~~~~~~~~~~~~~~~~~~~~~~~~~~~~~~~~~~~~~~~
~~~~~~~~
    + CategoryInfo          : NotSpecified: (OpenJDK 64-Bit .. 
   .s been appended:String) [], RemoteException
    + FullyQualifiedErrorId : NativeCommandError
 

> Task :iam-core:test
Caching disabled for task ':iam-core:test' because:
  Build cache is disabled
Task ':iam-core:test' is not up-to-date because:
  Task has failed previously.
Starting process 'Gradle Test Executor 12'. Working directory: C:\Dev\project\iam\iam-core Command: C:\Dev\scoop\apps\temurin21-jdk\current\bin\java.exe -Dorg.gradle.internal.worker.tmpdir=C:\Dev\project\iam\iam-core\build\tmp\test\work @C:\Dev\scoop\apps\gradle\current\.gradle\.tmp\gradle-worker-classpath11398373228362503573txt -Xmx512m -Dfile.encoding=UTF-8 -Duser.country=KR -Duser.language=ko -Duser.variant -ea worker.org.gradle.process.internal.worker.GradleWorkerMain 'Gradle Test Executor 12'
Successfully started process 'Gradle Test Executor 12'

UserSyncServiceTest STANDARD_OUT
    16:25:23.452 [Test worker] INFO org.springframework.test.context.support.AnnotationConfigContextLoaderUtils -- Could not detect default configuration classes for test class [com.iam.core.application.service.UserSyncServiceTest]: UserSyncServiceTest does not declare any static, non-private, non-final, nested classes annotated with @Configuration.
    16:25:23.537 [Test worker] INFO org.springframework.boot.test.context.SpringBootTestContextBootstrapper -- Found @SpringBootConfiguration com.iam.core.IamCoreApplication for test class com.iam.core.application.service.UserSyncServiceTest

      .   ____          _            __ _ _
     /\\ / ___'_ __ _ _(_)_ __  __ _ \ \ \ \
    ( ( )\___ | '_ | '_| | '_ \/ _` | \ \ \ \
     \\/  ___)| |_)| | | | | || (_| |  ) ) ) )
      '  |____| .__|_| |_|_| |_\__, | / / / /
     =========|_|==============|___/=/_/_/_/

     :: Spring Boot ::                (v3.5.8)

    2025-12-28T16:25:23.809+09:00  INFO 28452 --- [iam-core] [    Test worker] c.i.c.a.service.UserSyncServiceTest      : Starting UserSyncServiceTest using Java 21.0.7 with PID 28452 (started by DHSON_DESKTOP in C:\Dev\project\iam\iam-core)
    2025-12-28T16:25:23.810+09:00 DEBUG 28452 --- [iam-core] [    Test worker] c.i.c.a.service.UserSyncServiceTest      : Running with Spring Boot v3.5.8, Spring v6.2.14
    2025-12-28T16:25:23.811+09:00  INFO 28452 --- [iam-core] [    Test worker] c.i.c.a.service.UserSyncServiceTest      : The following 1 profile is active: "test"
    2025-12-28T16:25:24.401+09:00  INFO 28452 --- [iam-core] [    Test worker] .s.d.r.c.RepositoryConfigurationDelegate : Bootstrapping Spring Data JPA repositories in DEFAULT mode.
    2025-12-28T16:25:24.447+09:00  INFO 28452 --- [iam-core] [    Test worker] .s.d.r.c.RepositoryConfigurationDelegate : Finished Spring Data repository scanning in 39 ms. Found 8 JPA repository interfaces.

UserSyncServiceTest STANDARD_ERROR
    Mockito is currently self-attaching to enable the inline-mock-maker. This will no longer work in future releases of the JDK. Please add Mockito as an agent to your build as described in Mockito's documentation: https://javadoc.io/doc/org.mockito/mockito-core/latest/org.mockito/org/mockito/Mockito.html#0.3
    WARNING: A Java agent has been loaded dynamically (C:\Dev\scoop\apps\gradle\current\.gradle\caches\modules-2\files-2.1\net.bytebuddy\byte-buddy-agent\1.17.8\f09415827a71be7ed621c7bd02550678f28bc81c\byte-buddy-agent-1.17.8.jar)
    WARNING: If a serviceability tool is in use, please run with -XX:+EnableDynamicAgentLoading to hide this warning
    WARNING: If a serviceability tool is not in use, please run with -Djdk.instrument.traceUsage for more information
    WARNING: Dynamic loading of agents will be disallowed by default in a future release

UserSyncServiceTest STANDARD_OUT
    2025-12-28T16:25:25.782+09:00  INFO 28452 --- [iam-core] [    Test worker] o.hibernate.jpa.internal.util.LogHelper  : HHH000204: Processing PersistenceUnitInfo [name: default]
    2025-12-28T16:25:25.820+09:00  INFO 28452 --- [iam-core] [    Test worker] org.hibernate.Version                    : HHH000412: Hibernate ORM core version 6.6.36.Final
    2025-12-28T16:25:25.845+09:00  INFO 28452 --- [iam-core] [    Test worker] o.h.c.internal.RegionFactoryInitiator    : HHH000026: Second-level cache disabled
    2025-12-28T16:25:25.922+09:00  INFO 28452 --- [iam-core] [    Test worker] com.zaxxer.hikari.HikariDataSource       : HikariPool-1 - Starting...
    2025-12-28T16:25:26.054+09:00  INFO 28452 --- [iam-core] [    Test worker] com.zaxxer.hikari.pool.HikariPool        : HikariPool-1 - Added connection conn0: url=jdbc:h2:mem:testdb user=SA
    2025-12-28T16:25:26.057+09:00  INFO 28452 --- [iam-core] [    Test worker] com.zaxxer.hikari.HikariDataSource       : HikariPool-1 - Start completed.
    2025-12-28T16:25:26.102+09:00  WARN 28452 --- [iam-core] [    Test worker] org.hibernate.dialect.Dialect            : HHH000511: The 2.3.232 version for [org.hibernate.dialect.PostgreSQLDialect] is no longer supported, hence certain features may not work properly. The minimum supported version is 12.0.0. Check the community dialects project for available legacy versions.
    2025-12-28T16:25:26.116+09:00  WARN 28452 --- [iam-core] [    Test worker] org.hibernate.orm.deprecation            : HHH90000025: PostgreSQLDialect does not need to be specified explicitly using 'hibernate.dialect' (remove the property setting and it will be selected by default)
    2025-12-28T16:25:26.160+09:00  INFO 28452 --- [iam-core] [    Test worker] org.hibernate.orm.connections.pooling    : HHH10001005: Database info:
    	Database JDBC URL [Connecting through datasource 'HikariDataSource (HikariPool-1)']
    	Database driver: undefined/unknown
    	Database version: 2.3.232
    	Autocommit mode: undefined/unknown
    	Isolation level: undefined/unknown
    	Minimum pool size: undefined/unknown
    	Maximum pool size: undefined/unknown
    2025-12-28T16:25:26.270+09:00  INFO 28452 --- [iam-core] [    Test worker] o.s.o.j.p.SpringPersistenceUnitInfo      : No LoadTimeWeaver setup: ignoring JPA class transformer
    2025-12-28T16:25:26.987+09:00  INFO 28452 --- [iam-core] [    Test worker] o.h.e.t.j.p.i.JtaPlatformInitiator       : HHH000489: No JTA platform available (set 'hibernate.transaction.jta.platform' to enable JTA platform integration)
    2025-12-28T16:25:26.995+09:00 DEBUG 28452 --- [iam-core] [    Test worker] org.hibernate.SQL                        : 
        set client_min_messages = WARNING
    Hibernate: 
        set client_min_messages = WARNING
    2025-12-28T16:25:26.997+09:00 DEBUG 28452 --- [iam-core] [    Test worker] org.hibernate.SQL                        : 
        alter table if exists iam_user_extension 
           drop constraint if exists FKtl2g2k0iy6fq4x4wkubk61qse
    Hibernate: 
        alter table if exists iam_user_extension 
           drop constraint if exists FKtl2g2k0iy6fq4x4wkubk61qse
    2025-12-28T16:25:26.997+09:00 DEBUG 28452 --- [iam-core] [    Test worker] org.hibernate.SQL                        : 
        alter table if exists iam_user_schema 
           drop constraint if exists FKti7a7wdijn9xlkk4jl9vmfons
    Hibernate: 
        alter table if exists iam_user_schema 
           drop constraint if exists FKti7a7wdijn9xlkk4jl9vmfons
    2025-12-28T16:25:26.998+09:00 DEBUG 28452 --- [iam-core] [    Test worker] org.hibernate.SQL                        : 
        drop table if exists iam_source_system cascade
    Hibernate: 
        drop table if exists iam_source_system cascade
    2025-12-28T16:25:26.998+09:00 DEBUG 28452 --- [iam-core] [    Test worker] org.hibernate.SQL                        : 
        drop table if exists iam_sync_transform_failure cascade
    Hibernate: 
        drop table if exists iam_sync_transform_failure cascade
    2025-12-28T16:25:26.998+09:00 DEBUG 28452 --- [iam-core] [    Test worker] org.hibernate.SQL                        : 
        drop table if exists iam_trans_mapping cascade
    Hibernate: 
        drop table if exists iam_trans_mapping cascade
    2025-12-28T16:25:26.998+09:00 DEBUG 28452 --- [iam-core] [    Test worker] org.hibernate.SQL                        : 
        drop table if exists iam_trans_rule_meta cascade
    Hibernate: 
        drop table if exists iam_trans_rule_meta cascade
    2025-12-28T16:25:26.998+09:00 DEBUG 28452 --- [iam-core] [    Test worker] org.hibernate.SQL                        : 
        drop table if exists iam_trans_rule_version cascade
    Hibernate: 
        drop table if exists iam_trans_rule_version cascade
    2025-12-28T16:25:26.998+09:00 DEBUG 28452 --- [iam-core] [    Test worker] org.hibernate.SQL                        : 
        drop table if exists iam_user cascade
    Hibernate: 
        drop table if exists iam_user cascade
    2025-12-28T16:25:26.998+09:00 DEBUG 28452 --- [iam-core] [    Test worker] org.hibernate.SQL                        : 
        drop table if exists iam_user_extension cascade
    Hibernate: 
        drop table if exists iam_user_extension cascade
    2025-12-28T16:25:26.998+09:00 DEBUG 28452 --- [iam-core] [    Test worker] org.hibernate.SQL                        : 
        drop table if exists iam_user_schema cascade
    Hibernate: 
        drop table if exists iam_user_schema cascade
    2025-12-28T16:25:26.998+09:00 DEBUG 28452 --- [iam-core] [    Test worker] org.hibernate.SQL                        : 
        drop table if exists identity_link cascade
    Hibernate: 
        drop table if exists identity_link cascade
    2025-12-28T16:25:26.999+09:00 DEBUG 28452 --- [iam-core] [    Test worker] org.hibernate.SQL                        : 
        drop table if exists sync_history cascade
    Hibernate: 
        drop table if exists sync_history cascade
    2025-12-28T16:25:27.002+09:00 DEBUG 28452 --- [iam-core] [    Test worker] org.hibernate.SQL                        : 
        create table iam_source_system (
            is_active boolean,
            created_at timestamp(6),
            updated_at timestamp(6),
            system_type varchar(20) not null,
            created_by varchar(50),
            system_id varchar(50) not null,
            system_name varchar(100) not null,
            conn_info jsonb not null,
            primary key (system_id)
        )
    Hibernate: 
        create table iam_source_system (
            is_active boolean,
            created_at timestamp(6),
            updated_at timestamp(6),
            system_type varchar(20) not null,
            created_by varchar(50),
            system_id varchar(50) not null,
            system_name varchar(100) not null,
            conn_info jsonb not null,
            primary key (system_id)
        )
    2025-12-28T16:25:27.007+09:00 DEBUG 28452 --- [iam-core] [    Test worker] org.hibernate.SQL                        : 
        create table iam_sync_transform_failure (
            created_at timestamp(6),
            failure_id bigint not null,
            history_id bigint not null,
            error_type varchar(50),
            field_name varchar(100),
            rule_name varchar(100),
            error_message TEXT,
            invalid_value TEXT,
            suggested_fix TEXT,
            primary key (failure_id)
        )
    Hibernate: 
        create table iam_sync_transform_failure (
            created_at timestamp(6),
            failure_id bigint not null,
            history_id bigint not null,
            error_type varchar(50),
            field_name varchar(100),
            rule_name varchar(100),
            error_message TEXT,
            invalid_value TEXT,
            suggested_fix TEXT,
            primary key (failure_id)
        )
    2025-12-28T16:25:27.008+09:00 DEBUG 28452 --- [iam-core] [    Test worker] org.hibernate.SQL                        : 
        create table iam_trans_mapping (
            exec_order integer,
            is_mandatory boolean,
            created_at timestamp(6),
            map_id bigint generated by default as identity,
            rule_id varchar(50) not null,
            system_id varchar(50) not null,
            primary key (map_id)
        )
    Hibernate: 
        create table iam_trans_mapping (
            exec_order integer,
            is_mandatory boolean,
            created_at timestamp(6),
            map_id bigint generated by default as identity,
            rule_id varchar(50) not null,
            system_id varchar(50) not null,
            primary key (map_id)
        )
    2025-12-28T16:25:27.011+09:00 DEBUG 28452 --- [iam-core] [    Test worker] org.hibernate.SQL                        : 
        create table iam_trans_rule_meta (
            created_at timestamp(6),
            updated_at timestamp(6),
            status varchar(20),
            rule_id varchar(50) not null,
            target_attr varchar(50) not null,
            rule_name varchar(100) not null,
            description TEXT,
            primary key (rule_id)
        )
    Hibernate: 
        create table iam_trans_rule_meta (
            created_at timestamp(6),
            updated_at timestamp(6),
            status varchar(20),
            rule_id varchar(50) not null,
            target_attr varchar(50) not null,
            rule_name varchar(100) not null,
            description TEXT,
            primary key (rule_id)
        )
    2025-12-28T16:25:27.011+09:00 DEBUG 28452 --- [iam-core] [    Test worker] org.hibernate.SQL                        : 
        create table iam_trans_rule_version (
            is_current boolean,
            version_no integer not null,
            created_at timestamp(6),
            ver_id bigint generated by default as identity,
            created_by varchar(50),
            rule_id varchar(50) not null,
            script_hash varchar(64) not null,
            change_log TEXT,
            script_content TEXT not null,
            primary key (ver_id)
        )
    Hibernate: 
        create table iam_trans_rule_version (
            is_current boolean,
            version_no integer not null,
            created_at timestamp(6),
            ver_id bigint generated by default as identity,
            created_by varchar(50),
            rule_id varchar(50) not null,
            script_hash varchar(64) not null,
            change_log TEXT,
            script_content TEXT not null,
            primary key (ver_id)
        )
    2025-12-28T16:25:27.013+09:00 DEBUG 28452 --- [iam-core] [    Test worker] org.hibernate.SQL                        : 
        create table iam_user (
            active boolean not null,
            created timestamp(6),
            last_modified timestamp(6),
            user_id bigint not null,
            external_id varchar(255),
            family_name varchar(255),
            formatted_name varchar(255),
            given_name varchar(255),
            resource_type varchar(255),
            title varchar(255),
            user_name varchar(255) not null unique,
            primary key (user_id)
        )
    Hibernate: 
        create table iam_user (
            active boolean not null,
            created timestamp(6),
            last_modified timestamp(6),
            user_id bigint not null,
            external_id varchar(255),
            family_name varchar(255),
            formatted_name varchar(255),
            given_name varchar(255),
            resource_type varchar(255),
            title varchar(255),
            user_name varchar(255) not null unique,
            primary key (user_id)
        )
    2025-12-28T16:25:27.015+09:00 DEBUG 28452 --- [iam-core] [    Test worker] org.hibernate.SQL                        : 
        create table iam_user_extension (
            user_id bigint not null,
            extensions jsonb,
            primary key (user_id)
        )
    Hibernate: 
        create table iam_user_extension (
            user_id bigint not null,
            extensions jsonb,
            primary key (user_id)
        )
    2025-12-28T16:25:27.016+09:00 DEBUG 28452 --- [iam-core] [    Test worker] org.hibernate.SQL                        : 
        create table iam_user_schema (
            user_id bigint not null,
            schema_uri varchar(255)
        )
    Hibernate: 
        create table iam_user_schema (
            user_id bigint not null,
            schema_uri varchar(255)
        )
    2025-12-28T16:25:27.016+09:00 DEBUG 28452 --- [iam-core] [    Test worker] org.hibernate.SQL                        : 
        create table identity_link (
            is_active boolean,
            iam_user_id bigint not null,
            id bigint not null,
            external_id varchar(255) not null,
            system_type varchar(255) not null,
            primary key (id)
        )
    Hibernate: 
        create table identity_link (
            is_active boolean,
            iam_user_id bigint not null,
            id bigint not null,
            external_id varchar(255) not null,
            system_type varchar(255) not null,
            primary key (id)
        )
    2025-12-28T16:25:27.017+09:00 DEBUG 28452 --- [iam-core] [    Test worker] org.hibernate.SQL                        : 
        create table sync_history (
            retry_count integer,
            completed_at timestamp(6),
            created_at timestamp(6),
            duration_ms bigint,
            expires_at timestamp(6),
            history_id bigint not null,
            parent_history_id bigint,
            status varchar(20),
            type varchar(32) not null,
            trace_id varchar(64) not null,
            source_system varchar(100),
            target_system varchar(100),
            message TEXT,
            payload TEXT,
            request_payload TEXT,
            response_payload TEXT,
            target_user varchar(255),
            primary key (history_id)
        )
    Hibernate: 
        create table sync_history (
            retry_count integer,
            completed_at timestamp(6),
            created_at timestamp(6),
            duration_ms bigint,
            expires_at timestamp(6),
            history_id bigint not null,
            parent_history_id bigint,
            status varchar(20),
            type varchar(32) not null,
            trace_id varchar(64) not null,
            source_system varchar(100),
            target_system varchar(100),
            message TEXT,
            payload TEXT,
            request_payload TEXT,
            response_payload TEXT,
            target_user varchar(255),
            primary key (history_id)
        )
    2025-12-28T16:25:27.017+09:00 DEBUG 28452 --- [iam-core] [    Test worker] org.hibernate.SQL                        : 
        create index idx_transform_history 
           on iam_sync_transform_failure (history_id)
    Hibernate: 
        create index idx_transform_history 
           on iam_sync_transform_failure (history_id)
    2025-12-28T16:25:27.018+09:00 DEBUG 28452 --- [iam-core] [    Test worker] org.hibernate.SQL                        : 
        create index idx_transform_field 
           on iam_sync_transform_failure (field_name)
    Hibernate: 
        create index idx_transform_field 
           on iam_sync_transform_failure (field_name)
    2025-12-28T16:25:27.018+09:00 DEBUG 28452 --- [iam-core] [    Test worker] org.hibernate.SQL                        : 
        create index idx_link_external 
           on identity_link (system_type, external_id)
    Hibernate: 
        create index idx_link_external 
           on identity_link (system_type, external_id)
    2025-12-28T16:25:27.019+09:00 DEBUG 28452 --- [iam-core] [    Test worker] org.hibernate.SQL                        : 
        create index idx_sync_trace 
           on sync_history (trace_id)
    Hibernate: 
        create index idx_sync_trace 
           on sync_history (trace_id)
    2025-12-28T16:25:27.019+09:00 DEBUG 28452 --- [iam-core] [    Test worker] org.hibernate.SQL                        : 
        create index idx_sync_target 
           on sync_history (target_user)
    Hibernate: 
        create index idx_sync_target 
           on sync_history (target_user)
    2025-12-28T16:25:27.020+09:00 DEBUG 28452 --- [iam-core] [    Test worker] org.hibernate.SQL                        : 
        alter table if exists iam_user_extension 
           add constraint FKtl2g2k0iy6fq4x4wkubk61qse 
           foreign key (user_id) 
           references iam_user
    Hibernate: 
        alter table if exists iam_user_extension 
           add constraint FKtl2g2k0iy6fq4x4wkubk61qse 
           foreign key (user_id) 
           references iam_user
    2025-12-28T16:25:27.027+09:00 DEBUG 28452 --- [iam-core] [    Test worker] org.hibernate.SQL                        : 
        alter table if exists iam_user_schema 
           add constraint FKti7a7wdijn9xlkk4jl9vmfons 
           foreign key (user_id) 
           references iam_user_extension
    Hibernate: 
        alter table if exists iam_user_schema 
           add constraint FKti7a7wdijn9xlkk4jl9vmfons 
           foreign key (user_id) 
           references iam_user_extension
    2025-12-28T16:25:27.030+09:00  INFO 28452 --- [iam-core] [    Test worker] j.LocalContainerEntityManagerFactoryBean : Initialized JPA EntityManagerFactory for persistence unit 'default'
    2025-12-28T16:25:27.487+09:00  WARN 28452 --- [iam-core] [    Test worker] JpaBaseConfiguration$JpaWebConfiguration : spring.jpa.open-in-view is enabled by default. Therefore, database queries may be performed during view rendering. Explicitly configure spring.jpa.open-in-view to disable this warning
    2025-12-28T16:25:27.736+09:00  INFO 28452 --- [iam-core] [    Test worker] c.i.c.a.service.UserSyncServiceTest      : Started UserSyncServiceTest in 4.106 seconds (process running for 4.842)
    2025-12-28T16:25:27.901+09:00 DEBUG 28452 --- [iam-core] [    Test worker] org.hibernate.SQL                        : 
        select
            count(*) 
        from
            iam_trans_rule_meta trm1_0
    Hibernate: 
        select
            count(*) 
        from
            iam_trans_rule_meta trm1_0
    2025-12-28T16:25:27.914+09:00  INFO 28452 --- [iam-core] [    Test worker] com.iam.core.config.DataInitializer      : ?? [DataInitializer] 洹쒖튃 ?붿쭊 珥덇린 ?곗씠???앹꽦???쒖옉?⑸땲??..
    2025-12-28T16:25:27.920+09:00 DEBUG 28452 --- [iam-core] [    Test worker] org.hibernate.SQL                        : 
        select
            trm1_0.rule_id,
            trm1_0.created_at,
            trm1_0.description,
            trm1_0.rule_name,
            trm1_0.status,
            trm1_0.target_attr,
            trm1_0.updated_at 
        from
            iam_trans_rule_meta trm1_0 
        where
            trm1_0.rule_id=?
    Hibernate: 
        select
            trm1_0.rule_id,
            trm1_0.created_at,
            trm1_0.description,
            trm1_0.rule_name,
            trm1_0.status,
            trm1_0.target_attr,
            trm1_0.updated_at 
        from
            iam_trans_rule_meta trm1_0 
        where
            trm1_0.rule_id=?
    2025-12-28T16:25:27.920+09:00 TRACE 28452 --- [iam-core] [    Test worker] org.hibernate.orm.jdbc.bind              : binding parameter (1:VARCHAR) <- [SAP_CORE_TRANS]
    2025-12-28T16:25:27.934+09:00 DEBUG 28452 --- [iam-core] [    Test worker] org.hibernate.SQL                        : 
        insert 
        into
            iam_trans_rule_meta
            (created_at, description, rule_name, status, target_attr, updated_at, rule_id) 
        values
            (?, ?, ?, ?, ?, ?, ?)
    Hibernate: 
        insert 
        into
            iam_trans_rule_meta
            (created_at, description, rule_name, status, target_attr, updated_at, rule_id) 
        values
            (?, ?, ?, ?, ?, ?, ?)
    2025-12-28T16:25:27.935+09:00 TRACE 28452 --- [iam-core] [    Test worker] org.hibernate.orm.jdbc.bind              : binding parameter (1:TIMESTAMP) <- [2025-12-28T16:25:27.932018]
    2025-12-28T16:25:27.936+09:00 TRACE 28452 --- [iam-core] [    Test worker] org.hibernate.orm.jdbc.bind              : binding parameter (2:VARCHAR) <- [null]
    2025-12-28T16:25:27.936+09:00 TRACE 28452 --- [iam-core] [    Test worker] org.hibernate.orm.jdbc.bind              : binding parameter (3:VARCHAR) <- [SAP HR Core Transformation]
    2025-12-28T16:25:27.936+09:00 TRACE 28452 --- [iam-core] [    Test worker] org.hibernate.orm.jdbc.bind              : binding parameter (4:VARCHAR) <- [ACTIVE]
    2025-12-28T16:25:27.936+09:00 TRACE 28452 --- [iam-core] [    Test worker] org.hibernate.orm.jdbc.bind              : binding parameter (5:VARCHAR) <- [CORE]
    2025-12-28T16:25:27.936+09:00 TRACE 28452 --- [iam-core] [    Test worker] org.hibernate.orm.jdbc.bind              : binding parameter (6:TIMESTAMP) <- [2025-12-28T16:25:27.932018]
    2025-12-28T16:25:27.936+09:00 TRACE 28452 --- [iam-core] [    Test worker] org.hibernate.orm.jdbc.bind              : binding parameter (7:VARCHAR) <- [SAP_CORE_TRANS]
    2025-12-28T16:25:27.937+09:00 DEBUG 28452 --- [iam-core] [    Test worker] org.hibernate.SQL                        : 
        insert 
        into
            iam_trans_rule_version
            (change_log, created_at, created_by, is_current, rule_id, script_content, script_hash, version_no) 
        values
            (?, ?, ?, ?, ?, ?, ?, ?)
    Hibernate: 
        insert 
        into
            iam_trans_rule_version
            (change_log, created_at, created_by, is_current, rule_id, script_content, script_hash, version_no) 
        values
            (?, ?, ?, ?, ?, ?, ?, ?)
    2025-12-28T16:25:27.937+09:00 TRACE 28452 --- [iam-core] [    Test worker] org.hibernate.orm.jdbc.bind              : binding parameter (1:VARCHAR) <- [null]
    2025-12-28T16:25:27.938+09:00 TRACE 28452 --- [iam-core] [    Test worker] org.hibernate.orm.jdbc.bind              : binding parameter (2:TIMESTAMP) <- [2025-12-28T16:25:27.937474]
    2025-12-28T16:25:27.938+09:00 TRACE 28452 --- [iam-core] [    Test worker] org.hibernate.orm.jdbc.bind              : binding parameter (3:VARCHAR) <- [null]
    2025-12-28T16:25:27.938+09:00 TRACE 28452 --- [iam-core] [    Test worker] org.hibernate.orm.jdbc.bind              : binding parameter (4:BOOLEAN) <- [true]
    2025-12-28T16:25:27.938+09:00 TRACE 28452 --- [iam-core] [    Test worker] org.hibernate.orm.jdbc.bind              : binding parameter (5:VARCHAR) <- [SAP_CORE_TRANS]
    2025-12-28T16:25:27.938+09:00 TRACE 28452 --- [iam-core] [    Test worker] org.hibernate.orm.jdbc.bind              : binding parameter (6:VARCHAR) <- [    def res = [:]
        res.userName = source.userName?.asString()
        res.familyName = source.familyName?.asString()
        res.givenName = source.givenName?.asString()
        res.title = source.title?.asString()
        res.active = source.active ?: new com.iam.core.domain.vo.BooleanData(true)

        // Extension mapping
        res.employeeNumber = source.externalId
        res.department = source.departmentCode ?: source.deptCode
        return res
    ]
    2025-12-28T16:25:27.938+09:00 TRACE 28452 --- [iam-core] [    Test worker] org.hibernate.orm.jdbc.bind              : binding parameter (7:VARCHAR) <- [init-hash]
    2025-12-28T16:25:27.938+09:00 TRACE 28452 --- [iam-core] [    Test worker] org.hibernate.orm.jdbc.bind              : binding parameter (8:INTEGER) <- [1]
    2025-12-28T16:25:27.943+09:00 DEBUG 28452 --- [iam-core] [    Test worker] org.hibernate.SQL                        : 
        insert 
        into
            iam_trans_mapping
            (created_at, exec_order, is_mandatory, rule_id, system_id) 
        values
            (?, ?, ?, ?, ?)
    Hibernate: 
        insert 
        into
            iam_trans_mapping
            (created_at, exec_order, is_mandatory, rule_id, system_id) 
        values
            (?, ?, ?, ?, ?)
    2025-12-28T16:25:27.943+09:00 TRACE 28452 --- [iam-core] [    Test worker] org.hibernate.orm.jdbc.bind              : binding parameter (1:TIMESTAMP) <- [2025-12-28T16:25:27.942502]
    2025-12-28T16:25:27.943+09:00 TRACE 28452 --- [iam-core] [    Test worker] org.hibernate.orm.jdbc.bind              : binding parameter (2:INTEGER) <- [1]
    2025-12-28T16:25:27.943+09:00 TRACE 28452 --- [iam-core] [    Test worker] org.hibernate.orm.jdbc.bind              : binding parameter (3:BOOLEAN) <- [true]
    2025-12-28T16:25:27.943+09:00 TRACE 28452 --- [iam-core] [    Test worker] org.hibernate.orm.jdbc.bind              : binding parameter (4:VARCHAR) <- [SAP_CORE_TRANS]
    2025-12-28T16:25:27.943+09:00 TRACE 28452 --- [iam-core] [    Test worker] org.hibernate.orm.jdbc.bind              : binding parameter (5:VARCHAR) <- [SAP_HR]
    2025-12-28T16:25:27.943+09:00  INFO 28452 --- [iam-core] [    Test worker] com.iam.core.config.DataInitializer      : ??[DataInitializer] SAP_HR 洹쒖튃 留ㅽ븨???앹꽦?덉뒿?덈떎.
    2025-12-28T16:25:27.946+09:00 DEBUG 28452 --- [iam-core] [    Test worker] org.hibernate.SQL                        : 
        select
            count(*) 
        from
            iam_user iu1_0
    Hibernate: 
        select
            count(*) 
        from
            iam_user iu1_0
    2025-12-28T16:25:27.947+09:00  INFO 28452 --- [iam-core] [    Test worker] com.iam.core.config.DataInitializer      : ?? [DataInitializer] ?섑뵆 ?곗씠???앹꽦???쒖옉?⑸땲??..
    2025-12-28T16:25:27.982+09:00  INFO 28452 --- [iam-core] [    Test worker] com.iam.core.config.DataInitializer      : ??[DataInitializer] 珥?4嫄댁쓽 ?ъ슜???곗씠?곕? ?앹꽦?덉뒿?덈떎.
    2025-12-28T16:25:27.984+09:00  INFO 28452 --- [iam-core] [    Test worker] com.iam.core.config.DataInitializer      : ??[DataInitializer] ?洹쒕え ?꾨줈鍮꾩???20媛??寃? ?쒕굹由ъ삤 ?곗씠?곕? ?앹꽦?덉뒿?덈떎.
    2025-12-28T16:25:27.989+09:00 DEBUG 28452 --- [iam-core] [    Test worker] org.hibernate.SQL                        : 
        insert 
        into
            iam_user
            (active, created, external_id, family_name, formatted_name, given_name, last_modified, resource_type, title, user_name, user_id) 
        values
            (?, ?, ?, ?, ?, ?, ?, ?, ?, ?, ?)
    Hibernate: 
        insert 
        into
            iam_user
            (active, created, external_id, family_name, formatted_name, given_name, last_modified, resource_type, title, user_name, user_id) 
        values
            (?, ?, ?, ?, ?, ?, ?, ?, ?, ?, ?)
    2025-12-28T16:25:27.989+09:00 TRACE 28452 --- [iam-core] [    Test worker] org.hibernate.orm.jdbc.bind              : binding parameter (1:BOOLEAN) <- [true]
    2025-12-28T16:25:27.989+09:00 TRACE 28452 --- [iam-core] [    Test worker] org.hibernate.orm.jdbc.bind              : binding parameter (2:TIMESTAMP) <- [2025-12-28T16:25:27.947047600]
    2025-12-28T16:25:27.989+09:00 TRACE 28452 --- [iam-core] [    Test worker] org.hibernate.orm.jdbc.bind              : binding parameter (3:VARCHAR) <- [null]
    2025-12-28T16:25:27.989+09:00 TRACE 28452 --- [iam-core] [    Test worker] org.hibernate.orm.jdbc.bind              : binding parameter (4:VARCHAR) <- [Michael]
    2025-12-28T16:25:27.989+09:00 TRACE 28452 --- [iam-core] [    Test worker] org.hibernate.orm.jdbc.bind              : binding parameter (5:VARCHAR) <- [Admin Michael]
    2025-12-28T16:25:27.989+09:00 TRACE 28452 --- [iam-core] [    Test worker] org.hibernate.orm.jdbc.bind              : binding parameter (6:VARCHAR) <- [Admin]
    2025-12-28T16:25:27.989+09:00 TRACE 28452 --- [iam-core] [    Test worker] org.hibernate.orm.jdbc.bind              : binding parameter (7:TIMESTAMP) <- [2025-12-28T16:25:27.947047600]
    2025-12-28T16:25:27.989+09:00 TRACE 28452 --- [iam-core] [    Test worker] org.hibernate.orm.jdbc.bind              : binding parameter (8:VARCHAR) <- [null]
    2025-12-28T16:25:27.989+09:00 TRACE 28452 --- [iam-core] [    Test worker] org.hibernate.orm.jdbc.bind              : binding parameter (9:VARCHAR) <- [IT Director]
    2025-12-28T16:25:27.989+09:00 TRACE 28452 --- [iam-core] [    Test worker] org.hibernate.orm.jdbc.bind              : binding parameter (10:VARCHAR) <- [super.admin]
    2025-12-28T16:25:27.989+09:00 TRACE 28452 --- [iam-core] [    Test worker] org.hibernate.orm.jdbc.bind              : binding parameter (11:BIGINT) <- [793016755070730299]
    2025-12-28T16:25:27.990+09:00 DEBUG 28452 --- [iam-core] [    Test worker] org.hibernate.SQL                        : 
        insert 
        into
            iam_user_extension
            (extensions, user_id) 
        values
            (cast(? as jsonb), ?)
    Hibernate: 
        insert 
        into
            iam_user_extension
            (extensions, user_id) 
        values
            (cast(? as jsonb), ?)
    2025-12-28T16:25:27.990+09:00 TRACE 28452 --- [iam-core] [    Test worker] org.hibernate.orm.jdbc.bind              : binding parameter (1:JSON) <- [{urn:ietf:params:scim:schemas:extension:enterprise:2.0:User=com.iam.core.domain.user.EnterpriseUserExtension@39ad1fdb}]
    2025-12-28T16:25:27.990+09:00 TRACE 28452 --- [iam-core] [    Test worker] org.hibernate.orm.jdbc.bind              : binding parameter (2:BIGINT) <- [793016755070730299]
    2025-12-28T16:25:27.991+09:00 DEBUG 28452 --- [iam-core] [    Test worker] org.hibernate.SQL                        : 
        insert 
        into
            iam_user
            (active, created, external_id, family_name, formatted_name, given_name, last_modified, resource_type, title, user_name, user_id) 
        values
            (?, ?, ?, ?, ?, ?, ?, ?, ?, ?, ?)
    Hibernate: 
        insert 
        into
            iam_user
            (active, created, external_id, family_name, formatted_name, given_name, last_modified, resource_type, title, user_name, user_id) 
        values
            (?, ?, ?, ?, ?, ?, ?, ?, ?, ?, ?)
    2025-12-28T16:25:27.991+09:00 TRACE 28452 --- [iam-core] [    Test worker] org.hibernate.orm.jdbc.bind              : binding parameter (1:BOOLEAN) <- [true]
    2025-12-28T16:25:27.991+09:00 TRACE 28452 --- [iam-core] [    Test worker] org.hibernate.orm.jdbc.bind              : binding parameter (2:TIMESTAMP) <- [2025-12-28T16:25:27.947047600]
    2025-12-28T16:25:27.991+09:00 TRACE 28452 --- [iam-core] [    Test worker] org.hibernate.orm.jdbc.bind              : binding parameter (3:VARCHAR) <- [null]
    2025-12-28T16:25:27.991+09:00 TRACE 28452 --- [iam-core] [    Test worker] org.hibernate.orm.jdbc.bind              : binding parameter (4:VARCHAR) <- [Jane]
    2025-12-28T16:25:27.991+09:00 TRACE 28452 --- [iam-core] [    Test worker] org.hibernate.orm.jdbc.bind              : binding parameter (5:VARCHAR) <- [Doe Jane]
    2025-12-28T16:25:27.991+09:00 TRACE 28452 --- [iam-core] [    Test worker] org.hibernate.orm.jdbc.bind              : binding parameter (6:VARCHAR) <- [Doe]
    2025-12-28T16:25:27.991+09:00 TRACE 28452 --- [iam-core] [    Test worker] org.hibernate.orm.jdbc.bind              : binding parameter (7:TIMESTAMP) <- [2025-12-28T16:25:27.947047600]
    2025-12-28T16:25:27.991+09:00 TRACE 28452 --- [iam-core] [    Test worker] org.hibernate.orm.jdbc.bind              : binding parameter (8:VARCHAR) <- [null]
    2025-12-28T16:25:27.991+09:00 TRACE 28452 --- [iam-core] [    Test worker] org.hibernate.orm.jdbc.bind              : binding parameter (9:VARCHAR) <- [External Auditor]
    2025-12-28T16:25:27.991+09:00 TRACE 28452 --- [iam-core] [    Test worker] org.hibernate.orm.jdbc.bind              : binding parameter (10:VARCHAR) <- [jane.doe]
    2025-12-28T16:25:27.991+09:00 TRACE 28452 --- [iam-core] [    Test worker] org.hibernate.orm.jdbc.bind              : binding parameter (11:BIGINT) <- [793016755209142518]
    2025-12-28T16:25:27.991+09:00 DEBUG 28452 --- [iam-core] [    Test worker] org.hibernate.SQL                        : 
        insert 
        into
            iam_user_extension
            (extensions, user_id) 
        values
            (cast(? as jsonb), ?)
    Hibernate: 
        insert 
        into
            iam_user_extension
            (extensions, user_id) 
        values
            (cast(? as jsonb), ?)
    2025-12-28T16:25:27.992+09:00 TRACE 28452 --- [iam-core] [    Test worker] org.hibernate.orm.jdbc.bind              : binding parameter (1:JSON) <- [{urn:ietf:params:scim:schemas:extension:enterprise:2.0:User=com.iam.core.domain.user.EnterpriseUserExtension@10009505}]
    2025-12-28T16:25:27.992+09:00 TRACE 28452 --- [iam-core] [    Test worker] org.hibernate.orm.jdbc.bind              : binding parameter (2:BIGINT) <- [793016755209142518]
    2025-12-28T16:25:27.992+09:00 DEBUG 28452 --- [iam-core] [    Test worker] org.hibernate.SQL                        : 
        insert 
        into
            iam_user
            (active, created, external_id, family_name, formatted_name, given_name, last_modified, resource_type, title, user_name, user_id) 
        values
            (?, ?, ?, ?, ?, ?, ?, ?, ?, ?, ?)
    Hibernate: 
        insert 
        into
            iam_user
            (active, created, external_id, family_name, formatted_name, given_name, last_modified, resource_type, title, user_name, user_id) 
        values
            (?, ?, ?, ?, ?, ?, ?, ?, ?, ?, ?)
    2025-12-28T16:25:27.992+09:00 TRACE 28452 --- [iam-core] [    Test worker] org.hibernate.orm.jdbc.bind              : binding parameter (1:BOOLEAN) <- [true]
    2025-12-28T16:25:27.992+09:00 TRACE 28452 --- [iam-core] [    Test worker] org.hibernate.orm.jdbc.bind              : binding parameter (2:TIMESTAMP) <- [2025-12-28T16:25:27.947047600]
    2025-12-28T16:25:27.992+09:00 TRACE 28452 --- [iam-core] [    Test worker] org.hibernate.orm.jdbc.bind              : binding parameter (3:VARCHAR) <- [null]
    2025-12-28T16:25:27.992+09:00 TRACE 28452 --- [iam-core] [    Test worker] org.hibernate.orm.jdbc.bind              : binding parameter (4:VARCHAR) <- [John]
    2025-12-28T16:25:27.992+09:00 TRACE 28452 --- [iam-core] [    Test worker] org.hibernate.orm.jdbc.bind              : binding parameter (5:VARCHAR) <- [Smith John]
    2025-12-28T16:25:27.992+09:00 TRACE 28452 --- [iam-core] [    Test worker] org.hibernate.orm.jdbc.bind              : binding parameter (6:VARCHAR) <- [Smith]
    2025-12-28T16:25:27.992+09:00 TRACE 28452 --- [iam-core] [    Test worker] org.hibernate.orm.jdbc.bind              : binding parameter (7:TIMESTAMP) <- [2025-12-28T16:25:27.947047600]
    2025-12-28T16:25:27.992+09:00 TRACE 28452 --- [iam-core] [    Test worker] org.hibernate.orm.jdbc.bind              : binding parameter (8:VARCHAR) <- [null]
    2025-12-28T16:25:27.992+09:00 TRACE 28452 --- [iam-core] [    Test worker] org.hibernate.orm.jdbc.bind              : binding parameter (9:VARCHAR) <- [Security Analyst]
    2025-12-28T16:25:27.992+09:00 TRACE 28452 --- [iam-core] [    Test worker] org.hibernate.orm.jdbc.bind              : binding parameter (10:VARCHAR) <- [john.smith]
    2025-12-28T16:25:27.992+09:00 TRACE 28452 --- [iam-core] [    Test worker] org.hibernate.orm.jdbc.bind              : binding parameter (11:BIGINT) <- [793016755209142519]
    2025-12-28T16:25:27.992+09:00 DEBUG 28452 --- [iam-core] [    Test worker] org.hibernate.SQL                        : 
        insert 
        into
            iam_user_extension
            (extensions, user_id) 
        values
            (cast(? as jsonb), ?)
    Hibernate: 
        insert 
        into
            iam_user_extension
            (extensions, user_id) 
        values
            (cast(? as jsonb), ?)
    2025-12-28T16:25:27.992+09:00 TRACE 28452 --- [iam-core] [    Test worker] org.hibernate.orm.jdbc.bind              : binding parameter (1:JSON) <- [{urn:ietf:params:scim:schemas:extension:enterprise:2.0:User=com.iam.core.domain.user.EnterpriseUserExtension@8dbe78f}]
    2025-12-28T16:25:27.992+09:00 TRACE 28452 --- [iam-core] [    Test worker] org.hibernate.orm.jdbc.bind              : binding parameter (2:BIGINT) <- [793016755209142519]
    2025-12-28T16:25:27.993+09:00 DEBUG 28452 --- [iam-core] [    Test worker] org.hibernate.SQL                        : 
        insert 
        into
            iam_user
            (active, created, external_id, family_name, formatted_name, given_name, last_modified, resource_type, title, user_name, user_id) 
        values
            (?, ?, ?, ?, ?, ?, ?, ?, ?, ?, ?)
    Hibernate: 
        insert 
        into
            iam_user
            (active, created, external_id, family_name, formatted_name, given_name, last_modified, resource_type, title, user_name, user_id) 
        values
            (?, ?, ?, ?, ?, ?, ?, ?, ?, ?, ?)
    2025-12-28T16:25:27.993+09:00 TRACE 28452 --- [iam-core] [    Test worker] org.hibernate.orm.jdbc.bind              : binding parameter (1:BOOLEAN) <- [false]
    2025-12-28T16:25:27.993+09:00 TRACE 28452 --- [iam-core] [    Test worker] org.hibernate.orm.jdbc.bind              : binding parameter (2:TIMESTAMP) <- [2025-12-28T16:25:27.947047600]
    2025-12-28T16:25:27.993+09:00 TRACE 28452 --- [iam-core] [    Test worker] org.hibernate.orm.jdbc.bind              : binding parameter (3:VARCHAR) <- [null]
    2025-12-28T16:25:27.993+09:00 TRACE 28452 --- [iam-core] [    Test worker] org.hibernate.orm.jdbc.bind              : binding parameter (4:VARCHAR) <- [Sarah]
    2025-12-28T16:25:27.993+09:00 TRACE 28452 --- [iam-core] [    Test worker] org.hibernate.orm.jdbc.bind              : binding parameter (5:VARCHAR) <- [Vendor Sarah]
    2025-12-28T16:25:27.993+09:00 TRACE 28452 --- [iam-core] [    Test worker] org.hibernate.orm.jdbc.bind              : binding parameter (6:VARCHAR) <- [Vendor]
    2025-12-28T16:25:27.993+09:00 TRACE 28452 --- [iam-core] [    Test worker] org.hibernate.orm.jdbc.bind              : binding parameter (7:TIMESTAMP) <- [2025-12-28T16:25:27.947047600]
    2025-12-28T16:25:27.993+09:00 TRACE 28452 --- [iam-core] [    Test worker] org.hibernate.orm.jdbc.bind              : binding parameter (8:VARCHAR) <- [null]
    2025-12-28T16:25:27.993+09:00 TRACE 28452 --- [iam-core] [    Test worker] org.hibernate.orm.jdbc.bind              : binding parameter (9:VARCHAR) <- [Implementation Partner]
    2025-12-28T16:25:27.993+09:00 TRACE 28452 --- [iam-core] [    Test worker] org.hibernate.orm.jdbc.bind              : binding parameter (10:VARCHAR) <- [sarah.v]
    2025-12-28T16:25:27.993+09:00 TRACE 28452 --- [iam-core] [    Test worker] org.hibernate.orm.jdbc.bind              : binding parameter (11:BIGINT) <- [793016755209142520]
    2025-12-28T16:25:27.994+09:00 DEBUG 28452 --- [iam-core] [    Test worker] org.hibernate.SQL                        : 
        insert 
        into
            iam_user_extension
            (extensions, user_id) 
        values
            (cast(? as jsonb), ?)
    Hibernate: 
        insert 
        into
            iam_user_extension
            (extensions, user_id) 
        values
            (cast(? as jsonb), ?)
    2025-12-28T16:25:27.994+09:00 TRACE 28452 --- [iam-core] [    Test worker] org.hibernate.orm.jdbc.bind              : binding parameter (1:JSON) <- [{urn:ietf:params:scim:schemas:extension:enterprise:2.0:User=com.iam.core.domain.user.EnterpriseUserExtension@735a3e0d}]
    2025-12-28T16:25:27.994+09:00 TRACE 28452 --- [iam-core] [    Test worker] org.hibernate.orm.jdbc.bind              : binding parameter (2:BIGINT) <- [793016755209142520]
    2025-12-28T16:25:27.995+09:00 DEBUG 28452 --- [iam-core] [    Test worker] org.hibernate.SQL                        : 
        insert 
        into
            sync_history
            (completed_at, created_at, duration_ms, expires_at, message, parent_history_id, payload, request_payload, response_payload, retry_count, source_system, status, target_system, target_user, trace_id, type, history_id) 
        values
            (?, ?, ?, ?, ?, ?, ?, ?, ?, ?, ?, ?, ?, ?, ?, ?, ?)
    Hibernate: 
        insert 
        into
            sync_history
            (completed_at, created_at, duration_ms, expires_at, message, parent_history_id, payload, request_payload, response_payload, retry_count, source_system, status, target_system, target_user, trace_id, type, history_id) 
        values
            (?, ?, ?, ?, ?, ?, ?, ?, ?, ?, ?, ?, ?, ?, ?, ?, ?)
    2025-12-28T16:25:27.995+09:00 TRACE 28452 --- [iam-core] [    Test worker] org.hibernate.orm.jdbc.bind              : binding parameter (1:TIMESTAMP) <- [null]
    2025-12-28T16:25:27.995+09:00 TRACE 28452 --- [iam-core] [    Test worker] org.hibernate.orm.jdbc.bind              : binding parameter (2:TIMESTAMP) <- [2025-12-28T16:25:27.994965]
    2025-12-28T16:25:27.995+09:00 TRACE 28452 --- [iam-core] [    Test worker] org.hibernate.orm.jdbc.bind              : binding parameter (3:BIGINT) <- [null]
    2025-12-28T16:25:27.995+09:00 TRACE 28452 --- [iam-core] [    Test worker] org.hibernate.orm.jdbc.bind              : binding parameter (4:TIMESTAMP) <- [null]
    2025-12-28T16:25:27.995+09:00 TRACE 28452 --- [iam-core] [    Test worker] org.hibernate.orm.jdbc.bind              : binding parameter (5:VARCHAR) <- [null]
    2025-12-28T16:25:27.995+09:00 TRACE 28452 --- [iam-core] [    Test worker] org.hibernate.orm.jdbc.bind              : binding parameter (6:BIGINT) <- [null]
    2025-12-28T16:25:27.995+09:00 TRACE 28452 --- [iam-core] [    Test worker] org.hibernate.orm.jdbc.bind              : binding parameter (7:VARCHAR) <- [null]
    2025-12-28T16:25:27.995+09:00 TRACE 28452 --- [iam-core] [    Test worker] org.hibernate.orm.jdbc.bind              : binding parameter (8:VARCHAR) <- [{
      "userId": "793016755209142518",
      "syncType": "JOIN",
      "snapshot": {
        "layer": "HR",
        "data": { "empId": "H001", "name": "jane.doe", "position": "Senior Engineer", "dept": "Dev Team" }
      },
      "mappings": [
        { "fromLabel": "HR", "toLabel": "IAM", "fromField": "position", "toField": "title", "value": "Senior Engineer" }
      ]
    }
    ]
    2025-12-28T16:25:27.995+09:00 TRACE 28452 --- [iam-core] [    Test worker] org.hibernate.orm.jdbc.bind              : binding parameter (9:VARCHAR) <- [New employee joined from HR]
    2025-12-28T16:25:27.995+09:00 TRACE 28452 --- [iam-core] [    Test worker] org.hibernate.orm.jdbc.bind              : binding parameter (10:INTEGER) <- [0]
    2025-12-28T16:25:27.995+09:00 TRACE 28452 --- [iam-core] [    Test worker] org.hibernate.orm.jdbc.bind              : binding parameter (11:VARCHAR) <- [null]
    2025-12-28T16:25:27.995+09:00 TRACE 28452 --- [iam-core] [    Test worker] org.hibernate.orm.jdbc.bind              : binding parameter (12:VARCHAR) <- [SUCCESS]
    2025-12-28T16:25:27.995+09:00 TRACE 28452 --- [iam-core] [    Test worker] org.hibernate.orm.jdbc.bind              : binding parameter (13:VARCHAR) <- [null]
    2025-12-28T16:25:27.995+09:00 TRACE 28452 --- [iam-core] [    Test worker] org.hibernate.orm.jdbc.bind              : binding parameter (14:VARCHAR) <- [jane.doe]
    2025-12-28T16:25:27.995+09:00 TRACE 28452 --- [iam-core] [    Test worker] org.hibernate.orm.jdbc.bind              : binding parameter (15:VARCHAR) <- [T-793016755218766041]
    2025-12-28T16:25:27.995+09:00 TRACE 28452 --- [iam-core] [    Test worker] org.hibernate.orm.jdbc.bind              : binding parameter (16:VARCHAR) <- [HR_SYNC]
    2025-12-28T16:25:27.995+09:00 TRACE 28452 --- [iam-core] [    Test worker] org.hibernate.orm.jdbc.bind              : binding parameter (17:BIGINT) <- [793016755217530904]
    2025-12-28T16:25:27.995+09:00 DEBUG 28452 --- [iam-core] [    Test worker] org.hibernate.SQL                        : 
        insert 
        into
            sync_history
            (completed_at, created_at, duration_ms, expires_at, message, parent_history_id, payload, request_payload, response_payload, retry_count, source_system, status, target_system, target_user, trace_id, type, history_id) 
        values
            (?, ?, ?, ?, ?, ?, ?, ?, ?, ?, ?, ?, ?, ?, ?, ?, ?)
    Hibernate: 
        insert 
        into
            sync_history
            (completed_at, created_at, duration_ms, expires_at, message, parent_history_id, payload, request_payload, response_payload, retry_count, source_system, status, target_system, target_user, trace_id, type, history_id) 
        values
            (?, ?, ?, ?, ?, ?, ?, ?, ?, ?, ?, ?, ?, ?, ?, ?, ?)
    2025-12-28T16:25:27.995+09:00 TRACE 28452 --- [iam-core] [    Test worker] org.hibernate.orm.jdbc.bind              : binding parameter (1:TIMESTAMP) <- [null]
    2025-12-28T16:25:27.995+09:00 TRACE 28452 --- [iam-core] [    Test worker] org.hibernate.orm.jdbc.bind              : binding parameter (2:TIMESTAMP) <- [2025-12-28T16:25:27.995468]
    2025-12-28T16:25:27.995+09:00 TRACE 28452 --- [iam-core] [    Test worker] org.hibernate.orm.jdbc.bind              : binding parameter (3:BIGINT) <- [null]
    2025-12-28T16:25:27.995+09:00 TRACE 28452 --- [iam-core] [    Test worker] org.hibernate.orm.jdbc.bind              : binding parameter (4:TIMESTAMP) <- [null]
    2025-12-28T16:25:27.995+09:00 TRACE 28452 --- [iam-core] [    Test worker] org.hibernate.orm.jdbc.bind              : binding parameter (5:VARCHAR) <- [null]
    2025-12-28T16:25:27.995+09:00 TRACE 28452 --- [iam-core] [    Test worker] org.hibernate.orm.jdbc.bind              : binding parameter (6:BIGINT) <- [null]
    2025-12-28T16:25:27.995+09:00 TRACE 28452 --- [iam-core] [    Test worker] org.hibernate.orm.jdbc.bind              : binding parameter (7:VARCHAR) <- [null]
    2025-12-28T16:25:27.995+09:00 TRACE 28452 --- [iam-core] [    Test worker] org.hibernate.orm.jdbc.bind              : binding parameter (8:VARCHAR) <- [{
      "userId": "793016755209142518",
      "syncType": "JOIN",
      "snapshot": {
        "layer": "IAM",
        "data": { "id": "793016755209142518", "userName": "jane.doe", "active": true }
      }
    }
    ]
    2025-12-28T16:25:27.995+09:00 TRACE 28452 --- [iam-core] [    Test worker] org.hibernate.orm.jdbc.bind              : binding parameter (9:VARCHAR) <- [IAM User record updated]
    2025-12-28T16:25:27.995+09:00 TRACE 28452 --- [iam-core] [    Test worker] org.hibernate.orm.jdbc.bind              : binding parameter (10:INTEGER) <- [0]
    2025-12-28T16:25:27.995+09:00 TRACE 28452 --- [iam-core] [    Test worker] org.hibernate.orm.jdbc.bind              : binding parameter (11:VARCHAR) <- [null]
    2025-12-28T16:25:27.995+09:00 TRACE 28452 --- [iam-core] [    Test worker] org.hibernate.orm.jdbc.bind              : binding parameter (12:VARCHAR) <- [SUCCESS]
    2025-12-28T16:25:27.995+09:00 TRACE 28452 --- [iam-core] [    Test worker] org.hibernate.orm.jdbc.bind              : binding parameter (13:VARCHAR) <- [null]
    2025-12-28T16:25:27.995+09:00 TRACE 28452 --- [iam-core] [    Test worker] org.hibernate.orm.jdbc.bind              : binding parameter (14:VARCHAR) <- [jane.doe]
    2025-12-28T16:25:27.995+09:00 TRACE 28452 --- [iam-core] [    Test worker] org.hibernate.orm.jdbc.bind              : binding parameter (15:VARCHAR) <- [T-793016755218766041]
    2025-12-28T16:25:27.995+09:00 TRACE 28452 --- [iam-core] [    Test worker] org.hibernate.orm.jdbc.bind              : binding parameter (16:VARCHAR) <- [USER_UPDATE]
    2025-12-28T16:25:27.995+09:00 TRACE 28452 --- [iam-core] [    Test worker] org.hibernate.orm.jdbc.bind              : binding parameter (17:BIGINT) <- [793016755221725373]
    2025-12-28T16:25:27.996+09:00 DEBUG 28452 --- [iam-core] [    Test worker] org.hibernate.SQL                        : 
        insert 
        into
            sync_history
            (completed_at, created_at, duration_ms, expires_at, message, parent_history_id, payload, request_payload, response_payload, retry_count, source_system, status, target_system, target_user, trace_id, type, history_id) 
        values
            (?, ?, ?, ?, ?, ?, ?, ?, ?, ?, ?, ?, ?, ?, ?, ?, ?)
    Hibernate: 
        insert 
        into
            sync_history
            (completed_at, created_at, duration_ms, expires_at, message, parent_history_id, payload, request_payload, response_payload, retry_count, source_system, status, target_system, target_user, trace_id, type, history_id) 
        values
            (?, ?, ?, ?, ?, ?, ?, ?, ?, ?, ?, ?, ?, ?, ?, ?, ?)
    2025-12-28T16:25:27.996+09:00 TRACE 28452 --- [iam-core] [    Test worker] org.hibernate.orm.jdbc.bind              : binding parameter (1:TIMESTAMP) <- [null]
    2025-12-28T16:25:27.996+09:00 TRACE 28452 --- [iam-core] [    Test worker] org.hibernate.orm.jdbc.bind              : binding parameter (2:TIMESTAMP) <- [2025-12-28T16:25:27.995468]
    2025-12-28T16:25:27.996+09:00 TRACE 28452 --- [iam-core] [    Test worker] org.hibernate.orm.jdbc.bind              : binding parameter (3:BIGINT) <- [null]
    2025-12-28T16:25:27.996+09:00 TRACE 28452 --- [iam-core] [    Test worker] org.hibernate.orm.jdbc.bind              : binding parameter (4:TIMESTAMP) <- [null]
    2025-12-28T16:25:27.996+09:00 TRACE 28452 --- [iam-core] [    Test worker] org.hibernate.orm.jdbc.bind              : binding parameter (5:VARCHAR) <- [null]
    2025-12-28T16:25:27.996+09:00 TRACE 28452 --- [iam-core] [    Test worker] org.hibernate.orm.jdbc.bind              : binding parameter (6:BIGINT) <- [null]
    2025-12-28T16:25:27.996+09:00 TRACE 28452 --- [iam-core] [    Test worker] org.hibernate.orm.jdbc.bind              : binding parameter (7:VARCHAR) <- [null]
    2025-12-28T16:25:27.996+09:00 TRACE 28452 --- [iam-core] [    Test worker] org.hibernate.orm.jdbc.bind              : binding parameter (8:VARCHAR) <- [{
      "userId": "793016755209142518",
      "syncType": "JOIN",
      "snapshot": {
        "layer": "AD",
        "data": { "sAMAccountName": "jane.doe", "displayName": "jane.doe" }
      },
      "mappings": [
        { "fromLabel": "IAM", "toLabel": "AD", "fromField": "title", "toField": "title", "value": "Senior Engineer" }
      ]
    }
    ]
    2025-12-28T16:25:27.996+09:00 TRACE 28452 --- [iam-core] [    Test worker] org.hibernate.orm.jdbc.bind              : binding parameter (9:VARCHAR) <- [AD Account provisioned]
    2025-12-28T16:25:27.996+09:00 TRACE 28452 --- [iam-core] [    Test worker] org.hibernate.orm.jdbc.bind              : binding parameter (10:INTEGER) <- [0]
    2025-12-28T16:25:27.996+09:00 TRACE 28452 --- [iam-core] [    Test worker] org.hibernate.orm.jdbc.bind              : binding parameter (11:VARCHAR) <- [null]
    2025-12-28T16:25:27.996+09:00 TRACE 28452 --- [iam-core] [    Test worker] org.hibernate.orm.jdbc.bind              : binding parameter (12:VARCHAR) <- [SUCCESS]
    2025-12-28T16:25:27.996+09:00 TRACE 28452 --- [iam-core] [    Test worker] org.hibernate.orm.jdbc.bind              : binding parameter (13:VARCHAR) <- [null]
    2025-12-28T16:25:27.996+09:00 TRACE 28452 --- [iam-core] [    Test worker] org.hibernate.orm.jdbc.bind              : binding parameter (14:VARCHAR) <- [jane.doe]
    2025-12-28T16:25:27.996+09:00 TRACE 28452 --- [iam-core] [    Test worker] org.hibernate.orm.jdbc.bind              : binding parameter (15:VARCHAR) <- [T-793016755218766041]
    2025-12-28T16:25:27.996+09:00 TRACE 28452 --- [iam-core] [    Test worker] org.hibernate.orm.jdbc.bind              : binding parameter (16:VARCHAR) <- [AD_PROVISION]
    2025-12-28T16:25:27.996+09:00 TRACE 28452 --- [iam-core] [    Test worker] org.hibernate.orm.jdbc.bind              : binding parameter (17:BIGINT) <- [793016755221725374]
    2025-12-28T16:25:27.996+09:00 DEBUG 28452 --- [iam-core] [    Test worker] org.hibernate.SQL                        : 
        insert 
        into
            sync_history
            (completed_at, created_at, duration_ms, expires_at, message, parent_history_id, payload, request_payload, response_payload, retry_count, source_system, status, target_system, target_user, trace_id, type, history_id) 
        values
            (?, ?, ?, ?, ?, ?, ?, ?, ?, ?, ?, ?, ?, ?, ?, ?, ?)
    Hibernate: 
        insert 
        into
            sync_history
            (completed_at, created_at, duration_ms, expires_at, message, parent_history_id, payload, request_payload, response_payload, retry_count, source_system, status, target_system, target_user, trace_id, type, history_id) 
        values
            (?, ?, ?, ?, ?, ?, ?, ?, ?, ?, ?, ?, ?, ?, ?, ?, ?)
    2025-12-28T16:25:27.996+09:00 TRACE 28452 --- [iam-core] [    Test worker] org.hibernate.orm.jdbc.bind              : binding parameter (1:TIMESTAMP) <- [null]
    2025-12-28T16:25:27.996+09:00 TRACE 28452 --- [iam-core] [    Test worker] org.hibernate.orm.jdbc.bind              : binding parameter (2:TIMESTAMP) <- [2025-12-28T16:25:27.996981]
    2025-12-28T16:25:27.996+09:00 TRACE 28452 --- [iam-core] [    Test worker] org.hibernate.orm.jdbc.bind              : binding parameter (3:BIGINT) <- [null]
    2025-12-28T16:25:27.997+09:00 TRACE 28452 --- [iam-core] [    Test worker] org.hibernate.orm.jdbc.bind              : binding parameter (4:TIMESTAMP) <- [null]
    2025-12-28T16:25:27.997+09:00 TRACE 28452 --- [iam-core] [    Test worker] org.hibernate.orm.jdbc.bind              : binding parameter (5:VARCHAR) <- [null]
    2025-12-28T16:25:27.997+09:00 TRACE 28452 --- [iam-core] [    Test worker] org.hibernate.orm.jdbc.bind              : binding parameter (6:BIGINT) <- [null]
    2025-12-28T16:25:27.997+09:00 TRACE 28452 --- [iam-core] [    Test worker] org.hibernate.orm.jdbc.bind              : binding parameter (7:VARCHAR) <- [null]
    2025-12-28T16:25:27.997+09:00 TRACE 28452 --- [iam-core] [    Test worker] org.hibernate.orm.jdbc.bind              : binding parameter (8:VARCHAR) <- [{
      "userId": "793016755209142518",
      "syncType": "UPDATE_CRITICAL",
      "changes": [{ "field": "position", "old": "Senior Engineer", "new": "Principal Engineer" }],
      "snapshot": {
        "layer": "HR",
        "data": { "empId": "H001", "name": "jane.doe", "position": "Principal Engineer", "dept": "Dev Team" }
      },
      "mappings": [
        { "fromLabel": "HR", "toLabel": "IAM", "fromField": "position", "toField": "title", "value": "Principal Engineer" }
      ]
    }
    ]
    2025-12-28T16:25:27.997+09:00 TRACE 28452 --- [iam-core] [    Test worker] org.hibernate.orm.jdbc.bind              : binding parameter (9:VARCHAR) <- [User promoted to Principal Engineer]
    2025-12-28T16:25:27.997+09:00 TRACE 28452 --- [iam-core] [    Test worker] org.hibernate.orm.jdbc.bind              : binding parameter (10:INTEGER) <- [0]
    2025-12-28T16:25:27.997+09:00 TRACE 28452 --- [iam-core] [    Test worker] org.hibernate.orm.jdbc.bind              : binding parameter (11:VARCHAR) <- [null]
    2025-12-28T16:25:27.997+09:00 TRACE 28452 --- [iam-core] [    Test worker] org.hibernate.orm.jdbc.bind              : binding parameter (12:VARCHAR) <- [SUCCESS]
    2025-12-28T16:25:27.997+09:00 TRACE 28452 --- [iam-core] [    Test worker] org.hibernate.orm.jdbc.bind              : binding parameter (13:VARCHAR) <- [null]
    2025-12-28T16:25:27.997+09:00 TRACE 28452 --- [iam-core] [    Test worker] org.hibernate.orm.jdbc.bind              : binding parameter (14:VARCHAR) <- [jane.doe]
    2025-12-28T16:25:27.997+09:00 TRACE 28452 --- [iam-core] [    Test worker] org.hibernate.orm.jdbc.bind              : binding parameter (15:VARCHAR) <- [T-793016755222960346]
    2025-12-28T16:25:27.997+09:00 TRACE 28452 --- [iam-core] [    Test worker] org.hibernate.orm.jdbc.bind              : binding parameter (16:VARCHAR) <- [HR_SYNC]
    2025-12-28T16:25:27.997+09:00 TRACE 28452 --- [iam-core] [    Test worker] org.hibernate.orm.jdbc.bind              : binding parameter (17:BIGINT) <- [793016755221725375]
    2025-12-28T16:25:27.997+09:00 DEBUG 28452 --- [iam-core] [    Test worker] org.hibernate.SQL                        : 
        insert 
        into
            sync_history
            (completed_at, created_at, duration_ms, expires_at, message, parent_history_id, payload, request_payload, response_payload, retry_count, source_system, status, target_system, target_user, trace_id, type, history_id) 
        values
            (?, ?, ?, ?, ?, ?, ?, ?, ?, ?, ?, ?, ?, ?, ?, ?, ?)
    Hibernate: 
        insert 
        into
            sync_history
            (completed_at, created_at, duration_ms, expires_at, message, parent_history_id, payload, request_payload, response_payload, retry_count, source_system, status, target_system, target_user, trace_id, type, history_id) 
        values
            (?, ?, ?, ?, ?, ?, ?, ?, ?, ?, ?, ?, ?, ?, ?, ?, ?)
    2025-12-28T16:25:27.997+09:00 TRACE 28452 --- [iam-core] [    Test worker] org.hibernate.orm.jdbc.bind              : binding parameter (1:TIMESTAMP) <- [null]
    2025-12-28T16:25:27.997+09:00 TRACE 28452 --- [iam-core] [    Test worker] org.hibernate.orm.jdbc.bind              : binding parameter (2:TIMESTAMP) <- [2025-12-28T16:25:27.997985]
    2025-12-28T16:25:27.997+09:00 TRACE 28452 --- [iam-core] [    Test worker] org.hibernate.orm.jdbc.bind              : binding parameter (3:BIGINT) <- [null]
    2025-12-28T16:25:27.997+09:00 TRACE 28452 --- [iam-core] [    Test worker] org.hibernate.orm.jdbc.bind              : binding parameter (4:TIMESTAMP) <- [null]
    2025-12-28T16:25:27.997+09:00 TRACE 28452 --- [iam-core] [    Test worker] org.hibernate.orm.jdbc.bind              : binding parameter (5:VARCHAR) <- [null]
    2025-12-28T16:25:27.997+09:00 TRACE 28452 --- [iam-core] [    Test worker] org.hibernate.orm.jdbc.bind              : binding parameter (6:BIGINT) <- [null]
    2025-12-28T16:25:27.997+09:00 TRACE 28452 --- [iam-core] [    Test worker] org.hibernate.orm.jdbc.bind              : binding parameter (7:VARCHAR) <- [null]
    2025-12-28T16:25:27.997+09:00 TRACE 28452 --- [iam-core] [    Test worker] org.hibernate.orm.jdbc.bind              : binding parameter (8:VARCHAR) <- [{
      "userId": "793016755209142518",
      "syncType": "UPDATE_CRITICAL",
      "changes": [{ "field": "title", "old": "Senior Engineer", "new": "Principal Engineer" }],
      "snapshot": {
        "layer": "IAM",
        "data": { "id": "793016755209142518", "title": "Principal Engineer" }
      }
    }
    ]
    2025-12-28T16:25:27.997+09:00 TRACE 28452 --- [iam-core] [    Test worker] org.hibernate.orm.jdbc.bind              : binding parameter (9:VARCHAR) <- [IAM title updated]
    2025-12-28T16:25:27.997+09:00 TRACE 28452 --- [iam-core] [    Test worker] org.hibernate.orm.jdbc.bind              : binding parameter (10:INTEGER) <- [0]
    2025-12-28T16:25:27.997+09:00 TRACE 28452 --- [iam-core] [    Test worker] org.hibernate.orm.jdbc.bind              : binding parameter (11:VARCHAR) <- [null]
    2025-12-28T16:25:27.997+09:00 TRACE 28452 --- [iam-core] [    Test worker] org.hibernate.orm.jdbc.bind              : binding parameter (12:VARCHAR) <- [SUCCESS]
    2025-12-28T16:25:27.997+09:00 TRACE 28452 --- [iam-core] [    Test worker] org.hibernate.orm.jdbc.bind              : binding parameter (13:VARCHAR) <- [null]
    2025-12-28T16:25:27.997+09:00 TRACE 28452 --- [iam-core] [    Test worker] org.hibernate.orm.jdbc.bind              : binding parameter (14:VARCHAR) <- [jane.doe]
    2025-12-28T16:25:27.997+09:00 TRACE 28452 --- [iam-core] [    Test worker] org.hibernate.orm.jdbc.bind              : binding parameter (15:VARCHAR) <- [T-793016755222960346]
    2025-12-28T16:25:27.997+09:00 TRACE 28452 --- [iam-core] [    Test worker] org.hibernate.orm.jdbc.bind              : binding parameter (16:VARCHAR) <- [USER_UPDATE]
    2025-12-28T16:25:27.997+09:00 TRACE 28452 --- [iam-core] [    Test worker] org.hibernate.orm.jdbc.bind              : binding parameter (17:BIGINT) <- [793016755221725376]
    2025-12-28T16:25:27.998+09:00 DEBUG 28452 --- [iam-core] [    Test worker] org.hibernate.SQL                        : 
        insert 
        into
            sync_history
            (completed_at, created_at, duration_ms, expires_at, message, parent_history_id, payload, request_payload, response_payload, retry_count, source_system, status, target_system, target_user, trace_id, type, history_id) 
        values
            (?, ?, ?, ?, ?, ?, ?, ?, ?, ?, ?, ?, ?, ?, ?, ?, ?)
    Hibernate: 
        insert 
        into
            sync_history
            (completed_at, created_at, duration_ms, expires_at, message, parent_history_id, payload, request_payload, response_payload, retry_count, source_system, status, target_system, target_user, trace_id, type, history_id) 
        values
            (?, ?, ?, ?, ?, ?, ?, ?, ?, ?, ?, ?, ?, ?, ?, ?, ?)
    2025-12-28T16:25:27.998+09:00 TRACE 28452 --- [iam-core] [    Test worker] org.hibernate.orm.jdbc.bind              : binding parameter (1:TIMESTAMP) <- [null]
    2025-12-28T16:25:27.998+09:00 TRACE 28452 --- [iam-core] [    Test worker] org.hibernate.orm.jdbc.bind              : binding parameter (2:TIMESTAMP) <- [2025-12-28T16:25:27.997985]
    2025-12-28T16:25:27.998+09:00 TRACE 28452 --- [iam-core] [    Test worker] org.hibernate.orm.jdbc.bind              : binding parameter (3:BIGINT) <- [null]
    2025-12-28T16:25:27.998+09:00 TRACE 28452 --- [iam-core] [    Test worker] org.hibernate.orm.jdbc.bind              : binding parameter (4:TIMESTAMP) <- [null]
    2025-12-28T16:25:27.998+09:00 TRACE 28452 --- [iam-core] [    Test worker] org.hibernate.orm.jdbc.bind              : binding parameter (5:VARCHAR) <- [null]
    2025-12-28T16:25:27.998+09:00 TRACE 28452 --- [iam-core] [    Test worker] org.hibernate.orm.jdbc.bind              : binding parameter (6:BIGINT) <- [null]
    2025-12-28T16:25:27.998+09:00 TRACE 28452 --- [iam-core] [    Test worker] org.hibernate.orm.jdbc.bind              : binding parameter (7:VARCHAR) <- [null]
    2025-12-28T16:25:27.998+09:00 TRACE 28452 --- [iam-core] [    Test worker] org.hibernate.orm.jdbc.bind              : binding parameter (8:VARCHAR) <- [{
      "userId": "793016755209142518",
      "syncType": "UPDATE_CRITICAL",
      "changes": [{ "field": "title", "old": "Senior Engineer", "new": "Principal Engineer" }],
      "snapshot": {
        "layer": "AD",
        "data": { "sAMAccountName": "jane.doe", "title": "Principal Engineer" }
      },
      "mappings": [
        { "fromLabel": "IAM", "toLabel": "AD", "fromField": "title", "toField": "title", "value": "Principal Engineer" }
      ]
    }
    ]
    2025-12-28T16:25:27.998+09:00 TRACE 28452 --- [iam-core] [    Test worker] org.hibernate.orm.jdbc.bind              : binding parameter (9:VARCHAR) <- [AD title provisioned]
    2025-12-28T16:25:27.998+09:00 TRACE 28452 --- [iam-core] [    Test worker] org.hibernate.orm.jdbc.bind              : binding parameter (10:INTEGER) <- [0]
    2025-12-28T16:25:27.998+09:00 TRACE 28452 --- [iam-core] [    Test worker] org.hibernate.orm.jdbc.bind              : binding parameter (11:VARCHAR) <- [null]
    2025-12-28T16:25:27.998+09:00 TRACE 28452 --- [iam-core] [    Test worker] org.hibernate.orm.jdbc.bind              : binding parameter (12:VARCHAR) <- [SUCCESS]
    2025-12-28T16:25:27.998+09:00 TRACE 28452 --- [iam-core] [    Test worker] org.hibernate.orm.jdbc.bind              : binding parameter (13:VARCHAR) <- [null]
    2025-12-28T16:25:27.998+09:00 TRACE 28452 --- [iam-core] [    Test worker] org.hibernate.orm.jdbc.bind              : binding parameter (14:VARCHAR) <- [jane.doe]
    2025-12-28T16:25:27.998+09:00 TRACE 28452 --- [iam-core] [    Test worker] org.hibernate.orm.jdbc.bind              : binding parameter (15:VARCHAR) <- [T-793016755222960346]
    2025-12-28T16:25:27.998+09:00 TRACE 28452 --- [iam-core] [    Test worker] org.hibernate.orm.jdbc.bind              : binding parameter (16:VARCHAR) <- [AD_PROVISION]
    2025-12-28T16:25:27.998+09:00 TRACE 28452 --- [iam-core] [    Test worker] org.hibernate.orm.jdbc.bind              : binding parameter (17:BIGINT) <- [793016755221725377]
    2025-12-28T16:25:27.998+09:00 DEBUG 28452 --- [iam-core] [    Test worker] org.hibernate.SQL                        : 
        insert 
        into
            sync_history
            (completed_at, created_at, duration_ms, expires_at, message, parent_history_id, payload, request_payload, response_payload, retry_count, source_system, status, target_system, target_user, trace_id, type, history_id) 
        values
            (?, ?, ?, ?, ?, ?, ?, ?, ?, ?, ?, ?, ?, ?, ?, ?, ?)
    Hibernate: 
        insert 
        into
            sync_history
            (completed_at, created_at, duration_ms, expires_at, message, parent_history_id, payload, request_payload, response_payload, retry_count, source_system, status, target_system, target_user, trace_id, type, history_id) 
        values
            (?, ?, ?, ?, ?, ?, ?, ?, ?, ?, ?, ?, ?, ?, ?, ?, ?)
    2025-12-28T16:25:27.998+09:00 TRACE 28452 --- [iam-core] [    Test worker] org.hibernate.orm.jdbc.bind              : binding parameter (1:TIMESTAMP) <- [null]
    2025-12-28T16:25:27.998+09:00 TRACE 28452 --- [iam-core] [    Test worker] org.hibernate.orm.jdbc.bind              : binding parameter (2:TIMESTAMP) <- [2025-12-28T16:25:27.998984]
    2025-12-28T16:25:27.998+09:00 TRACE 28452 --- [iam-core] [    Test worker] org.hibernate.orm.jdbc.bind              : binding parameter (3:BIGINT) <- [null]
    2025-12-28T16:25:27.998+09:00 TRACE 28452 --- [iam-core] [    Test worker] org.hibernate.orm.jdbc.bind              : binding parameter (4:TIMESTAMP) <- [null]
    2025-12-28T16:25:27.998+09:00 TRACE 28452 --- [iam-core] [    Test worker] org.hibernate.orm.jdbc.bind              : binding parameter (5:VARCHAR) <- [null]
    2025-12-28T16:25:27.998+09:00 TRACE 28452 --- [iam-core] [    Test worker] org.hibernate.orm.jdbc.bind              : binding parameter (6:BIGINT) <- [null]
    2025-12-28T16:25:27.998+09:00 TRACE 28452 --- [iam-core] [    Test worker] org.hibernate.orm.jdbc.bind              : binding parameter (7:VARCHAR) <- [null]
    2025-12-28T16:25:27.998+09:00 TRACE 28452 --- [iam-core] [    Test worker] org.hibernate.orm.jdbc.bind              : binding parameter (8:VARCHAR) <- [{"syncType": "UPDATE_SIMPLE", "userId": "793016755209142518"}]
    2025-12-28T16:25:27.999+09:00 TRACE 28452 --- [iam-core] [    Test worker] org.hibernate.orm.jdbc.bind              : binding parameter (9:VARCHAR) <- [User attributes updated in HR]
    2025-12-28T16:25:27.999+09:00 TRACE 28452 --- [iam-core] [    Test worker] org.hibernate.orm.jdbc.bind              : binding parameter (10:INTEGER) <- [0]
    2025-12-28T16:25:27.999+09:00 TRACE 28452 --- [iam-core] [    Test worker] org.hibernate.orm.jdbc.bind              : binding parameter (11:VARCHAR) <- [null]
    2025-12-28T16:25:27.999+09:00 TRACE 28452 --- [iam-core] [    Test worker] org.hibernate.orm.jdbc.bind              : binding parameter (12:VARCHAR) <- [SUCCESS]
    2025-12-28T16:25:27.999+09:00 TRACE 28452 --- [iam-core] [    Test worker] org.hibernate.orm.jdbc.bind              : binding parameter (13:VARCHAR) <- [null]
    2025-12-28T16:25:27.999+09:00 TRACE 28452 --- [iam-core] [    Test worker] org.hibernate.orm.jdbc.bind              : binding parameter (14:VARCHAR) <- [jane.doe]
    2025-12-28T16:25:27.999+09:00 TRACE 28452 --- [iam-core] [    Test worker] org.hibernate.orm.jdbc.bind              : binding parameter (15:VARCHAR) <- [T-793016755222960347]
    2025-12-28T16:25:27.999+09:00 TRACE 28452 --- [iam-core] [    Test worker] org.hibernate.orm.jdbc.bind              : binding parameter (16:VARCHAR) <- [HR_SYNC]
    2025-12-28T16:25:27.999+09:00 TRACE 28452 --- [iam-core] [    Test worker] org.hibernate.orm.jdbc.bind              : binding parameter (17:BIGINT) <- [793016755221725378]
    2025-12-28T16:25:27.999+09:00 DEBUG 28452 --- [iam-core] [    Test worker] org.hibernate.SQL                        : 
        insert 
        into
            sync_history
            (completed_at, created_at, duration_ms, expires_at, message, parent_history_id, payload, request_payload, response_payload, retry_count, source_system, status, target_system, target_user, trace_id, type, history_id) 
        values
            (?, ?, ?, ?, ?, ?, ?, ?, ?, ?, ?, ?, ?, ?, ?, ?, ?)
    Hibernate: 
        insert 
        into
            sync_history
            (completed_at, created_at, duration_ms, expires_at, message, parent_history_id, payload, request_payload, response_payload, retry_count, source_system, status, target_system, target_user, trace_id, type, history_id) 
        values
            (?, ?, ?, ?, ?, ?, ?, ?, ?, ?, ?, ?, ?, ?, ?, ?, ?)
    2025-12-28T16:25:27.999+09:00 TRACE 28452 --- [iam-core] [    Test worker] org.hibernate.orm.jdbc.bind              : binding parameter (1:TIMESTAMP) <- [null]
    2025-12-28T16:25:27.999+09:00 TRACE 28452 --- [iam-core] [    Test worker] org.hibernate.orm.jdbc.bind              : binding parameter (2:TIMESTAMP) <- [2025-12-28T16:25:27.999985]
    2025-12-28T16:25:27.999+09:00 TRACE 28452 --- [iam-core] [    Test worker] org.hibernate.orm.jdbc.bind              : binding parameter (3:BIGINT) <- [null]
    2025-12-28T16:25:27.999+09:00 TRACE 28452 --- [iam-core] [    Test worker] org.hibernate.orm.jdbc.bind              : binding parameter (4:TIMESTAMP) <- [null]
    2025-12-28T16:25:27.999+09:00 TRACE 28452 --- [iam-core] [    Test worker] org.hibernate.orm.jdbc.bind              : binding parameter (5:VARCHAR) <- [null]
    2025-12-28T16:25:27.999+09:00 TRACE 28452 --- [iam-core] [    Test worker] org.hibernate.orm.jdbc.bind              : binding parameter (6:BIGINT) <- [null]
    2025-12-28T16:25:27.999+09:00 TRACE 28452 --- [iam-core] [    Test worker] org.hibernate.orm.jdbc.bind              : binding parameter (7:VARCHAR) <- [null]
    2025-12-28T16:25:27.999+09:00 TRACE 28452 --- [iam-core] [    Test worker] org.hibernate.orm.jdbc.bind              : binding parameter (8:VARCHAR) <- [{"syncType": "UPDATE_SIMPLE", "userId": "793016755209142518"}]
    2025-12-28T16:25:27.999+09:00 TRACE 28452 --- [iam-core] [    Test worker] org.hibernate.orm.jdbc.bind              : binding parameter (9:VARCHAR) <- [IAM Core synchronized]
    2025-12-28T16:25:27.999+09:00 TRACE 28452 --- [iam-core] [    Test worker] org.hibernate.orm.jdbc.bind              : binding parameter (10:INTEGER) <- [0]
    2025-12-28T16:25:27.999+09:00 TRACE 28452 --- [iam-core] [    Test worker] org.hibernate.orm.jdbc.bind              : binding parameter (11:VARCHAR) <- [null]
    2025-12-28T16:25:27.999+09:00 TRACE 28452 --- [iam-core] [    Test worker] org.hibernate.orm.jdbc.bind              : binding parameter (12:VARCHAR) <- [SUCCESS]
    2025-12-28T16:25:27.999+09:00 TRACE 28452 --- [iam-core] [    Test worker] org.hibernate.orm.jdbc.bind              : binding parameter (13:VARCHAR) <- [null]
    2025-12-28T16:25:27.999+09:00 TRACE 28452 --- [iam-core] [    Test worker] org.hibernate.orm.jdbc.bind              : binding parameter (14:VARCHAR) <- [jane.doe]
    2025-12-28T16:25:27.999+09:00 TRACE 28452 --- [iam-core] [    Test worker] org.hibernate.orm.jdbc.bind              : binding parameter (15:VARCHAR) <- [T-793016755222960347]
    2025-12-28T16:25:27.999+09:00 TRACE 28452 --- [iam-core] [    Test worker] org.hibernate.orm.jdbc.bind              : binding parameter (16:VARCHAR) <- [USER_UPDATE]
    2025-12-28T16:25:27.999+09:00 TRACE 28452 --- [iam-core] [    Test worker] org.hibernate.orm.jdbc.bind              : binding parameter (17:BIGINT) <- [793016755221725379]
    2025-12-28T16:25:27.999+09:00 DEBUG 28452 --- [iam-core] [    Test worker] org.hibernate.SQL                        : 
        insert 
        into
            sync_history
            (completed_at, created_at, duration_ms, expires_at, message, parent_history_id, payload, request_payload, response_payload, retry_count, source_system, status, target_system, target_user, trace_id, type, history_id) 
        values
            (?, ?, ?, ?, ?, ?, ?, ?, ?, ?, ?, ?, ?, ?, ?, ?, ?)
    Hibernate: 
        insert 
        into
            sync_history
            (completed_at, created_at, duration_ms, expires_at, message, parent_history_id, payload, request_payload, response_payload, retry_count, source_system, status, target_system, target_user, trace_id, type, history_id) 
        values
            (?, ?, ?, ?, ?, ?, ?, ?, ?, ?, ?, ?, ?, ?, ?, ?, ?)
    2025-12-28T16:25:27.999+09:00 TRACE 28452 --- [iam-core] [    Test worker] org.hibernate.orm.jdbc.bind              : binding parameter (1:TIMESTAMP) <- [null]
    2025-12-28T16:25:27.999+09:00 TRACE 28452 --- [iam-core] [    Test worker] org.hibernate.orm.jdbc.bind              : binding parameter (2:TIMESTAMP) <- [2025-12-28T16:25:27.999985]
    2025-12-28T16:25:28.001+09:00 TRACE 28452 --- [iam-core] [    Test worker] org.hibernate.orm.jdbc.bind              : binding parameter (3:BIGINT) <- [null]
    2025-12-28T16:25:28.001+09:00 TRACE 28452 --- [iam-core] [    Test worker] org.hibernate.orm.jdbc.bind              : binding parameter (4:TIMESTAMP) <- [null]
    2025-12-28T16:25:28.001+09:00 TRACE 28452 --- [iam-core] [    Test worker] org.hibernate.orm.jdbc.bind              : binding parameter (5:VARCHAR) <- [null]
    2025-12-28T16:25:28.001+09:00 TRACE 28452 --- [iam-core] [    Test worker] org.hibernate.orm.jdbc.bind              : binding parameter (6:BIGINT) <- [null]
    2025-12-28T16:25:28.001+09:00 TRACE 28452 --- [iam-core] [    Test worker] org.hibernate.orm.jdbc.bind              : binding parameter (7:VARCHAR) <- [null]
    2025-12-28T16:25:28.001+09:00 TRACE 28452 --- [iam-core] [    Test worker] org.hibernate.orm.jdbc.bind              : binding parameter (8:VARCHAR) <- [{
      "userId": "793016755209142518",
      "syncType": "UPDATE_SIMPLE",
      "targetSystem": "AD",
      "snapshot": {
        "layer": "TARGET",
        "data": { "account": "hong.g", "status": "active" }
      },
      "mappings": [
        { "fromLabel": "IAM", "toLabel": "AD", "fromField": "userName", "toField": "account", "value": "hong.g" }
      ]
    }
    ]
    2025-12-28T16:25:28.001+09:00 TRACE 28452 --- [iam-core] [    Test worker] org.hibernate.orm.jdbc.bind              : binding parameter (9:VARCHAR) <- [Provisioned to AD]
    2025-12-28T16:25:28.001+09:00 TRACE 28452 --- [iam-core] [    Test worker] org.hibernate.orm.jdbc.bind              : binding parameter (10:INTEGER) <- [0]
    2025-12-28T16:25:28.001+09:00 TRACE 28452 --- [iam-core] [    Test worker] org.hibernate.orm.jdbc.bind              : binding parameter (11:VARCHAR) <- [null]
    2025-12-28T16:25:28.001+09:00 TRACE 28452 --- [iam-core] [    Test worker] org.hibernate.orm.jdbc.bind              : binding parameter (12:VARCHAR) <- [SUCCESS]
    2025-12-28T16:25:28.001+09:00 TRACE 28452 --- [iam-core] [    Test worker] org.hibernate.orm.jdbc.bind              : binding parameter (13:VARCHAR) <- [null]
    2025-12-28T16:25:28.001+09:00 TRACE 28452 --- [iam-core] [    Test worker] org.hibernate.orm.jdbc.bind              : binding parameter (14:VARCHAR) <- [jane.doe]
    2025-12-28T16:25:28.001+09:00 TRACE 28452 --- [iam-core] [    Test worker] org.hibernate.orm.jdbc.bind              : binding parameter (15:VARCHAR) <- [T-793016755222960347]
    2025-12-28T16:25:28.001+09:00 TRACE 28452 --- [iam-core] [    Test worker] org.hibernate.orm.jdbc.bind              : binding parameter (16:VARCHAR) <- [AD_PROVISION]
    2025-12-28T16:25:28.001+09:00 TRACE 28452 --- [iam-core] [    Test worker] org.hibernate.orm.jdbc.bind              : binding parameter (17:BIGINT) <- [793016755221725380]
    2025-12-28T16:25:28.001+09:00 DEBUG 28452 --- [iam-core] [    Test worker] org.hibernate.SQL                        : 
        insert 
        into
            sync_history
            (completed_at, created_at, duration_ms, expires_at, message, parent_history_id, payload, request_payload, response_payload, retry_count, source_system, status, target_system, target_user, trace_id, type, history_id) 
        values
            (?, ?, ?, ?, ?, ?, ?, ?, ?, ?, ?, ?, ?, ?, ?, ?, ?)
    Hibernate: 
        insert 
        into
            sync_history
            (completed_at, created_at, duration_ms, expires_at, message, parent_history_id, payload, request_payload, response_payload, retry_count, source_system, status, target_system, target_user, trace_id, type, history_id) 
        values
            (?, ?, ?, ?, ?, ?, ?, ?, ?, ?, ?, ?, ?, ?, ?, ?, ?)
    2025-12-28T16:25:28.001+09:00 TRACE 28452 --- [iam-core] [    Test worker] org.hibernate.orm.jdbc.bind              : binding parameter (1:TIMESTAMP) <- [null]
    2025-12-28T16:25:28.001+09:00 TRACE 28452 --- [iam-core] [    Test worker] org.hibernate.orm.jdbc.bind              : binding parameter (2:TIMESTAMP) <- [2025-12-28T16:25:28.001003]
    2025-12-28T16:25:28.001+09:00 TRACE 28452 --- [iam-core] [    Test worker] org.hibernate.orm.jdbc.bind              : binding parameter (3:BIGINT) <- [null]
    2025-12-28T16:25:28.001+09:00 TRACE 28452 --- [iam-core] [    Test worker] org.hibernate.orm.jdbc.bind              : binding parameter (4:TIMESTAMP) <- [null]
    2025-12-28T16:25:28.001+09:00 TRACE 28452 --- [iam-core] [    Test worker] org.hibernate.orm.jdbc.bind              : binding parameter (5:VARCHAR) <- [null]
    2025-12-28T16:25:28.001+09:00 TRACE 28452 --- [iam-core] [    Test worker] org.hibernate.orm.jdbc.bind              : binding parameter (6:BIGINT) <- [null]
    2025-12-28T16:25:28.001+09:00 TRACE 28452 --- [iam-core] [    Test worker] org.hibernate.orm.jdbc.bind              : binding parameter (7:VARCHAR) <- [null]
    2025-12-28T16:25:28.001+09:00 TRACE 28452 --- [iam-core] [    Test worker] org.hibernate.orm.jdbc.bind              : binding parameter (8:VARCHAR) <- [{
      "userId": "793016755209142518",
      "syncType": "UPDATE_SIMPLE",
      "targetSystem": "Google Workspace",
      "snapshot": {
        "layer": "TARGET",
        "data": { "account": "hong.g", "status": "active" }
      },
      "mappings": [
        { "fromLabel": "IAM", "toLabel": "Google Workspace", "fromField": "userName", "toField": "account", "value": "hong.g" }
      ]
    }
    ]
    2025-12-28T16:25:28.001+09:00 TRACE 28452 --- [iam-core] [    Test worker] org.hibernate.orm.jdbc.bind              : binding parameter (9:VARCHAR) <- [Provisioned to Google Workspace]
    2025-12-28T16:25:28.001+09:00 TRACE 28452 --- [iam-core] [    Test worker] org.hibernate.orm.jdbc.bind              : binding parameter (10:INTEGER) <- [0]
    2025-12-28T16:25:28.001+09:00 TRACE 28452 --- [iam-core] [    Test worker] org.hibernate.orm.jdbc.bind              : binding parameter (11:VARCHAR) <- [null]
    2025-12-28T16:25:28.001+09:00 TRACE 28452 --- [iam-core] [    Test worker] org.hibernate.orm.jdbc.bind              : binding parameter (12:VARCHAR) <- [SUCCESS]
    2025-12-28T16:25:28.001+09:00 TRACE 28452 --- [iam-core] [    Test worker] org.hibernate.orm.jdbc.bind              : binding parameter (13:VARCHAR) <- [null]
    2025-12-28T16:25:28.001+09:00 TRACE 28452 --- [iam-core] [    Test worker] org.hibernate.orm.jdbc.bind              : binding parameter (14:VARCHAR) <- [jane.doe]
    2025-12-28T16:25:28.001+09:00 TRACE 28452 --- [iam-core] [    Test worker] org.hibernate.orm.jdbc.bind              : binding parameter (15:VARCHAR) <- [T-793016755222960347]
    2025-12-28T16:25:28.001+09:00 TRACE 28452 --- [iam-core] [    Test worker] org.hibernate.orm.jdbc.bind              : binding parameter (16:VARCHAR) <- [AD_PROVISION]
    2025-12-28T16:25:28.001+09:00 TRACE 28452 --- [iam-core] [    Test worker] org.hibernate.orm.jdbc.bind              : binding parameter (17:BIGINT) <- [793016755221725381]
    2025-12-28T16:25:28.001+09:00 DEBUG 28452 --- [iam-core] [    Test worker] org.hibernate.SQL                        : 
        insert 
        into
            sync_history
            (completed_at, created_at, duration_ms, expires_at, message, parent_history_id, payload, request_payload, response_payload, retry_count, source_system, status, target_system, target_user, trace_id, type, history_id) 
        values
            (?, ?, ?, ?, ?, ?, ?, ?, ?, ?, ?, ?, ?, ?, ?, ?, ?)
    Hibernate: 
        insert 
        into
            sync_history
            (completed_at, created_at, duration_ms, expires_at, message, parent_history_id, payload, request_payload, response_payload, retry_count, source_system, status, target_system, target_user, trace_id, type, history_id) 
        values
            (?, ?, ?, ?, ?, ?, ?, ?, ?, ?, ?, ?, ?, ?, ?, ?, ?)
    2025-12-28T16:25:28.001+09:00 TRACE 28452 --- [iam-core] [    Test worker] org.hibernate.orm.jdbc.bind              : binding parameter (1:TIMESTAMP) <- [null]
    2025-12-28T16:25:28.001+09:00 TRACE 28452 --- [iam-core] [    Test worker] org.hibernate.orm.jdbc.bind              : binding parameter (2:TIMESTAMP) <- [2025-12-28T16:25:28.001557]
    2025-12-28T16:25:28.001+09:00 TRACE 28452 --- [iam-core] [    Test worker] org.hibernate.orm.jdbc.bind              : binding parameter (3:BIGINT) <- [null]
    2025-12-28T16:25:28.001+09:00 TRACE 28452 --- [iam-core] [    Test worker] org.hibernate.orm.jdbc.bind              : binding parameter (4:TIMESTAMP) <- [null]
    2025-12-28T16:25:28.001+09:00 TRACE 28452 --- [iam-core] [    Test worker] org.hibernate.orm.jdbc.bind              : binding parameter (5:VARCHAR) <- [null]
    2025-12-28T16:25:28.001+09:00 TRACE 28452 --- [iam-core] [    Test worker] org.hibernate.orm.jdbc.bind              : binding parameter (6:BIGINT) <- [null]
    2025-12-28T16:25:28.001+09:00 TRACE 28452 --- [iam-core] [    Test worker] org.hibernate.orm.jdbc.bind              : binding parameter (7:VARCHAR) <- [null]
    2025-12-28T16:25:28.001+09:00 TRACE 28452 --- [iam-core] [    Test worker] org.hibernate.orm.jdbc.bind              : binding parameter (8:VARCHAR) <- [{
      "userId": "793016755209142518",
      "syncType": "UPDATE_SIMPLE",
      "targetSystem": "Slack",
      "snapshot": {
        "layer": "TARGET",
        "data": { "account": "hong.g", "status": "active" }
      },
      "mappings": [
        { "fromLabel": "IAM", "toLabel": "Slack", "fromField": "userName", "toField": "account", "value": "hong.g" }
      ]
    }
    ]
    2025-12-28T16:25:28.001+09:00 TRACE 28452 --- [iam-core] [    Test worker] org.hibernate.orm.jdbc.bind              : binding parameter (9:VARCHAR) <- [Provisioned to Slack]
    2025-12-28T16:25:28.001+09:00 TRACE 28452 --- [iam-core] [    Test worker] org.hibernate.orm.jdbc.bind              : binding parameter (10:INTEGER) <- [0]
    2025-12-28T16:25:28.001+09:00 TRACE 28452 --- [iam-core] [    Test worker] org.hibernate.orm.jdbc.bind              : binding parameter (11:VARCHAR) <- [null]
    2025-12-28T16:25:28.001+09:00 TRACE 28452 --- [iam-core] [    Test worker] org.hibernate.orm.jdbc.bind              : binding parameter (12:VARCHAR) <- [SUCCESS]
    2025-12-28T16:25:28.001+09:00 TRACE 28452 --- [iam-core] [    Test worker] org.hibernate.orm.jdbc.bind              : binding parameter (13:VARCHAR) <- [null]
    2025-12-28T16:25:28.001+09:00 TRACE 28452 --- [iam-core] [    Test worker] org.hibernate.orm.jdbc.bind              : binding parameter (14:VARCHAR) <- [jane.doe]
    2025-12-28T16:25:28.001+09:00 TRACE 28452 --- [iam-core] [    Test worker] org.hibernate.orm.jdbc.bind              : binding parameter (15:VARCHAR) <- [T-793016755222960347]
    2025-12-28T16:25:28.001+09:00 TRACE 28452 --- [iam-core] [    Test worker] org.hibernate.orm.jdbc.bind              : binding parameter (16:VARCHAR) <- [AD_PROVISION]
    2025-12-28T16:25:28.001+09:00 TRACE 28452 --- [iam-core] [    Test worker] org.hibernate.orm.jdbc.bind              : binding parameter (17:BIGINT) <- [793016755225919647]
    2025-12-28T16:25:28.001+09:00 DEBUG 28452 --- [iam-core] [    Test worker] org.hibernate.SQL                        : 
        insert 
        into
            sync_history
            (completed_at, created_at, duration_ms, expires_at, message, parent_history_id, payload, request_payload, response_payload, retry_count, source_system, status, target_system, target_user, trace_id, type, history_id) 
        values
            (?, ?, ?, ?, ?, ?, ?, ?, ?, ?, ?, ?, ?, ?, ?, ?, ?)
    Hibernate: 
        insert 
        into
            sync_history
            (completed_at, created_at, duration_ms, expires_at, message, parent_history_id, payload, request_payload, response_payload, retry_count, source_system, status, target_system, target_user, trace_id, type, history_id) 
        values
            (?, ?, ?, ?, ?, ?, ?, ?, ?, ?, ?, ?, ?, ?, ?, ?, ?)
    2025-12-28T16:25:28.001+09:00 TRACE 28452 --- [iam-core] [    Test worker] org.hibernate.orm.jdbc.bind              : binding parameter (1:TIMESTAMP) <- [null]
    2025-12-28T16:25:28.001+09:00 TRACE 28452 --- [iam-core] [    Test worker] org.hibernate.orm.jdbc.bind              : binding parameter (2:TIMESTAMP) <- [2025-12-28T16:25:28.001557]
    2025-12-28T16:25:28.001+09:00 TRACE 28452 --- [iam-core] [    Test worker] org.hibernate.orm.jdbc.bind              : binding parameter (3:BIGINT) <- [null]
    2025-12-28T16:25:28.001+09:00 TRACE 28452 --- [iam-core] [    Test worker] org.hibernate.orm.jdbc.bind              : binding parameter (4:TIMESTAMP) <- [null]
    2025-12-28T16:25:28.001+09:00 TRACE 28452 --- [iam-core] [    Test worker] org.hibernate.orm.jdbc.bind              : binding parameter (5:VARCHAR) <- [null]
    2025-12-28T16:25:28.001+09:00 TRACE 28452 --- [iam-core] [    Test worker] org.hibernate.orm.jdbc.bind              : binding parameter (6:BIGINT) <- [null]
    2025-12-28T16:25:28.001+09:00 TRACE 28452 --- [iam-core] [    Test worker] org.hibernate.orm.jdbc.bind              : binding parameter (7:VARCHAR) <- [null]
    2025-12-28T16:25:28.001+09:00 TRACE 28452 --- [iam-core] [    Test worker] org.hibernate.orm.jdbc.bind              : binding parameter (8:VARCHAR) <- [{
      "userId": "793016755209142518",
      "syncType": "UPDATE_SIMPLE",
      "targetSystem": "Zoom",
      "snapshot": {
        "layer": "TARGET",
        "data": { "account": "hong.g", "status": "active" }
      },
      "mappings": [
        { "fromLabel": "IAM", "toLabel": "Zoom", "fromField": "userName", "toField": "account", "value": "hong.g" }
      ]
    }
    ]
    2025-12-28T16:25:28.003+09:00 TRACE 28452 --- [iam-core] [    Test worker] org.hibernate.orm.jdbc.bind              : binding parameter (9:VARCHAR) <- [Provisioned to Zoom]
    2025-12-28T16:25:28.003+09:00 TRACE 28452 --- [iam-core] [    Test worker] org.hibernate.orm.jdbc.bind              : binding parameter (10:INTEGER) <- [0]
    2025-12-28T16:25:28.003+09:00 TRACE 28452 --- [iam-core] [    Test worker] org.hibernate.orm.jdbc.bind              : binding parameter (11:VARCHAR) <- [null]
    2025-12-28T16:25:28.003+09:00 TRACE 28452 --- [iam-core] [    Test worker] org.hibernate.orm.jdbc.bind              : binding parameter (12:VARCHAR) <- [SUCCESS]
    2025-12-28T16:25:28.003+09:00 TRACE 28452 --- [iam-core] [    Test worker] org.hibernate.orm.jdbc.bind              : binding parameter (13:VARCHAR) <- [null]
    2025-12-28T16:25:28.003+09:00 TRACE 28452 --- [iam-core] [    Test worker] org.hibernate.orm.jdbc.bind              : binding parameter (14:VARCHAR) <- [jane.doe]
    2025-12-28T16:25:28.003+09:00 TRACE 28452 --- [iam-core] [    Test worker] org.hibernate.orm.jdbc.bind              : binding parameter (15:VARCHAR) <- [T-793016755222960347]
    2025-12-28T16:25:28.003+09:00 TRACE 28452 --- [iam-core] [    Test worker] org.hibernate.orm.jdbc.bind              : binding parameter (16:VARCHAR) <- [AD_PROVISION]
    2025-12-28T16:25:28.003+09:00 TRACE 28452 --- [iam-core] [    Test worker] org.hibernate.orm.jdbc.bind              : binding parameter (17:BIGINT) <- [793016755225919648]
    2025-12-28T16:25:28.003+09:00 DEBUG 28452 --- [iam-core] [    Test worker] org.hibernate.SQL                        : 
        insert 
        into
            sync_history
            (completed_at, created_at, duration_ms, expires_at, message, parent_history_id, payload, request_payload, response_payload, retry_count, source_system, status, target_system, target_user, trace_id, type, history_id) 
        values
            (?, ?, ?, ?, ?, ?, ?, ?, ?, ?, ?, ?, ?, ?, ?, ?, ?)
    Hibernate: 
        insert 
        into
            sync_history
            (completed_at, created_at, duration_ms, expires_at, message, parent_history_id, payload, request_payload, response_payload, retry_count, source_system, status, target_system, target_user, trace_id, type, history_id) 
        values
            (?, ?, ?, ?, ?, ?, ?, ?, ?, ?, ?, ?, ?, ?, ?, ?, ?)
    2025-12-28T16:25:28.003+09:00 TRACE 28452 --- [iam-core] [    Test worker] org.hibernate.orm.jdbc.bind              : binding parameter (1:TIMESTAMP) <- [null]
    2025-12-28T16:25:28.003+09:00 TRACE 28452 --- [iam-core] [    Test worker] org.hibernate.orm.jdbc.bind              : binding parameter (2:TIMESTAMP) <- [2025-12-28T16:25:28.003067]
    2025-12-28T16:25:28.003+09:00 TRACE 28452 --- [iam-core] [    Test worker] org.hibernate.orm.jdbc.bind              : binding parameter (3:BIGINT) <- [null]
    2025-12-28T16:25:28.003+09:00 TRACE 28452 --- [iam-core] [    Test worker] org.hibernate.orm.jdbc.bind              : binding parameter (4:TIMESTAMP) <- [null]
    2025-12-28T16:25:28.003+09:00 TRACE 28452 --- [iam-core] [    Test worker] org.hibernate.orm.jdbc.bind              : binding parameter (5:VARCHAR) <- [null]
    2025-12-28T16:25:28.003+09:00 TRACE 28452 --- [iam-core] [    Test worker] org.hibernate.orm.jdbc.bind              : binding parameter (6:BIGINT) <- [null]
    2025-12-28T16:25:28.003+09:00 TRACE 28452 --- [iam-core] [    Test worker] org.hibernate.orm.jdbc.bind              : binding parameter (7:VARCHAR) <- [null]
    2025-12-28T16:25:28.003+09:00 TRACE 28452 --- [iam-core] [    Test worker] org.hibernate.orm.jdbc.bind              : binding parameter (8:VARCHAR) <- [{
      "userId": "793016755209142518",
      "syncType": "UPDATE_SIMPLE",
      "targetSystem": "GitHub",
      "snapshot": {
        "layer": "TARGET",
        "data": { "account": "hong.g", "status": "active" }
      },
      "mappings": [
        { "fromLabel": "IAM", "toLabel": "GitHub", "fromField": "userName", "toField": "account", "value": "hong.g" }
      ]
    }
    ]
    2025-12-28T16:25:28.003+09:00 TRACE 28452 --- [iam-core] [    Test worker] org.hibernate.orm.jdbc.bind              : binding parameter (9:VARCHAR) <- [Provisioned to GitHub]
    2025-12-28T16:25:28.003+09:00 TRACE 28452 --- [iam-core] [    Test worker] org.hibernate.orm.jdbc.bind              : binding parameter (10:INTEGER) <- [0]
    2025-12-28T16:25:28.003+09:00 TRACE 28452 --- [iam-core] [    Test worker] org.hibernate.orm.jdbc.bind              : binding parameter (11:VARCHAR) <- [null]
    2025-12-28T16:25:28.003+09:00 TRACE 28452 --- [iam-core] [    Test worker] org.hibernate.orm.jdbc.bind              : binding parameter (12:VARCHAR) <- [SUCCESS]
    2025-12-28T16:25:28.003+09:00 TRACE 28452 --- [iam-core] [    Test worker] org.hibernate.orm.jdbc.bind              : binding parameter (13:VARCHAR) <- [null]
    2025-12-28T16:25:28.003+09:00 TRACE 28452 --- [iam-core] [    Test worker] org.hibernate.orm.jdbc.bind              : binding parameter (14:VARCHAR) <- [jane.doe]
    2025-12-28T16:25:28.003+09:00 TRACE 28452 --- [iam-core] [    Test worker] org.hibernate.orm.jdbc.bind              : binding parameter (15:VARCHAR) <- [T-793016755222960347]
    2025-12-28T16:25:28.003+09:00 TRACE 28452 --- [iam-core] [    Test worker] org.hibernate.orm.jdbc.bind              : binding parameter (16:VARCHAR) <- [AD_PROVISION]
    2025-12-28T16:25:28.003+09:00 TRACE 28452 --- [iam-core] [    Test worker] org.hibernate.orm.jdbc.bind              : binding parameter (17:BIGINT) <- [793016755225919649]
    2025-12-28T16:25:28.003+09:00 DEBUG 28452 --- [iam-core] [    Test worker] org.hibernate.SQL                        : 
        insert 
        into
            sync_history
            (completed_at, created_at, duration_ms, expires_at, message, parent_history_id, payload, request_payload, response_payload, retry_count, source_system, status, target_system, target_user, trace_id, type, history_id) 
        values
            (?, ?, ?, ?, ?, ?, ?, ?, ?, ?, ?, ?, ?, ?, ?, ?, ?)
    Hibernate: 
        insert 
        into
            sync_history
            (completed_at, created_at, duration_ms, expires_at, message, parent_history_id, payload, request_payload, response_payload, retry_count, source_system, status, target_system, target_user, trace_id, type, history_id) 
        values
            (?, ?, ?, ?, ?, ?, ?, ?, ?, ?, ?, ?, ?, ?, ?, ?, ?)
    2025-12-28T16:25:28.003+09:00 TRACE 28452 --- [iam-core] [    Test worker] org.hibernate.orm.jdbc.bind              : binding parameter (1:TIMESTAMP) <- [null]
    2025-12-28T16:25:28.003+09:00 TRACE 28452 --- [iam-core] [    Test worker] org.hibernate.orm.jdbc.bind              : binding parameter (2:TIMESTAMP) <- [2025-12-28T16:25:28.003067]
    2025-12-28T16:25:28.004+09:00 TRACE 28452 --- [iam-core] [    Test worker] org.hibernate.orm.jdbc.bind              : binding parameter (3:BIGINT) <- [null]
    2025-12-28T16:25:28.004+09:00 TRACE 28452 --- [iam-core] [    Test worker] org.hibernate.orm.jdbc.bind              : binding parameter (4:TIMESTAMP) <- [null]
    2025-12-28T16:25:28.004+09:00 TRACE 28452 --- [iam-core] [    Test worker] org.hibernate.orm.jdbc.bind              : binding parameter (5:VARCHAR) <- [null]
    2025-12-28T16:25:28.004+09:00 TRACE 28452 --- [iam-core] [    Test worker] org.hibernate.orm.jdbc.bind              : binding parameter (6:BIGINT) <- [null]
    2025-12-28T16:25:28.004+09:00 TRACE 28452 --- [iam-core] [    Test worker] org.hibernate.orm.jdbc.bind              : binding parameter (7:VARCHAR) <- [null]
    2025-12-28T16:25:28.004+09:00 TRACE 28452 --- [iam-core] [    Test worker] org.hibernate.orm.jdbc.bind              : binding parameter (8:VARCHAR) <- [{
      "userId": "793016755209142518",
      "syncType": "UPDATE_SIMPLE",
      "targetSystem": "Jira",
      "snapshot": {
        "layer": "TARGET",
        "data": { "account": "hong.g", "status": "active" }
      },
      "mappings": [
        { "fromLabel": "IAM", "toLabel": "Jira", "fromField": "userName", "toField": "account", "value": "hong.g" }
      ]
    }
    ]
    2025-12-28T16:25:28.004+09:00 TRACE 28452 --- [iam-core] [    Test worker] org.hibernate.orm.jdbc.bind              : binding parameter (9:VARCHAR) <- [Provisioned to Jira]
    2025-12-28T16:25:28.004+09:00 TRACE 28452 --- [iam-core] [    Test worker] org.hibernate.orm.jdbc.bind              : binding parameter (10:INTEGER) <- [0]
    2025-12-28T16:25:28.004+09:00 TRACE 28452 --- [iam-core] [    Test worker] org.hibernate.orm.jdbc.bind              : binding parameter (11:VARCHAR) <- [null]
    2025-12-28T16:25:28.004+09:00 TRACE 28452 --- [iam-core] [    Test worker] org.hibernate.orm.jdbc.bind              : binding parameter (12:VARCHAR) <- [SUCCESS]
    2025-12-28T16:25:28.004+09:00 TRACE 28452 --- [iam-core] [    Test worker] org.hibernate.orm.jdbc.bind              : binding parameter (13:VARCHAR) <- [null]
    2025-12-28T16:25:28.004+09:00 TRACE 28452 --- [iam-core] [    Test worker] org.hibernate.orm.jdbc.bind              : binding parameter (14:VARCHAR) <- [jane.doe]
    2025-12-28T16:25:28.004+09:00 TRACE 28452 --- [iam-core] [    Test worker] org.hibernate.orm.jdbc.bind              : binding parameter (15:VARCHAR) <- [T-793016755222960347]
    2025-12-28T16:25:28.004+09:00 TRACE 28452 --- [iam-core] [    Test worker] org.hibernate.orm.jdbc.bind              : binding parameter (16:VARCHAR) <- [AD_PROVISION]
    2025-12-28T16:25:28.004+09:00 TRACE 28452 --- [iam-core] [    Test worker] org.hibernate.orm.jdbc.bind              : binding parameter (17:BIGINT) <- [793016755225919650]
    2025-12-28T16:25:28.004+09:00 DEBUG 28452 --- [iam-core] [    Test worker] org.hibernate.SQL                        : 
        insert 
        into
            sync_history
            (completed_at, created_at, duration_ms, expires_at, message, parent_history_id, payload, request_payload, response_payload, retry_count, source_system, status, target_system, target_user, trace_id, type, history_id) 
        values
            (?, ?, ?, ?, ?, ?, ?, ?, ?, ?, ?, ?, ?, ?, ?, ?, ?)
    Hibernate: 
        insert 
        into
            sync_history
            (completed_at, created_at, duration_ms, expires_at, message, parent_history_id, payload, request_payload, response_payload, retry_count, source_system, status, target_system, target_user, trace_id, type, history_id) 
        values
            (?, ?, ?, ?, ?, ?, ?, ?, ?, ?, ?, ?, ?, ?, ?, ?, ?)
    2025-12-28T16:25:28.004+09:00 TRACE 28452 --- [iam-core] [    Test worker] org.hibernate.orm.jdbc.bind              : binding parameter (1:TIMESTAMP) <- [null]
    2025-12-28T16:25:28.004+09:00 TRACE 28452 --- [iam-core] [    Test worker] org.hibernate.orm.jdbc.bind              : binding parameter (2:TIMESTAMP) <- [2025-12-28T16:25:28.004070]
    2025-12-28T16:25:28.004+09:00 TRACE 28452 --- [iam-core] [    Test worker] org.hibernate.orm.jdbc.bind              : binding parameter (3:BIGINT) <- [null]
    2025-12-28T16:25:28.004+09:00 TRACE 28452 --- [iam-core] [    Test worker] org.hibernate.orm.jdbc.bind              : binding parameter (4:TIMESTAMP) <- [null]
    2025-12-28T16:25:28.004+09:00 TRACE 28452 --- [iam-core] [    Test worker] org.hibernate.orm.jdbc.bind              : binding parameter (5:VARCHAR) <- [null]
    2025-12-28T16:25:28.004+09:00 TRACE 28452 --- [iam-core] [    Test worker] org.hibernate.orm.jdbc.bind              : binding parameter (6:BIGINT) <- [null]
    2025-12-28T16:25:28.004+09:00 TRACE 28452 --- [iam-core] [    Test worker] org.hibernate.orm.jdbc.bind              : binding parameter (7:VARCHAR) <- [null]
    2025-12-28T16:25:28.004+09:00 TRACE 28452 --- [iam-core] [    Test worker] org.hibernate.orm.jdbc.bind              : binding parameter (8:VARCHAR) <- [{
      "userId": "793016755209142518",
      "syncType": "UPDATE_SIMPLE",
      "targetSystem": "Confluence",
      "snapshot": {
        "layer": "TARGET",
        "data": { "account": "hong.g", "status": "active" }
      },
      "mappings": [
        { "fromLabel": "IAM", "toLabel": "Confluence", "fromField": "userName", "toField": "account", "value": "hong.g" }
      ]
    }
    ]
    2025-12-28T16:25:28.004+09:00 TRACE 28452 --- [iam-core] [    Test worker] org.hibernate.orm.jdbc.bind              : binding parameter (9:VARCHAR) <- [Provisioned to Confluence]
    2025-12-28T16:25:28.004+09:00 TRACE 28452 --- [iam-core] [    Test worker] org.hibernate.orm.jdbc.bind              : binding parameter (10:INTEGER) <- [0]
    2025-12-28T16:25:28.004+09:00 TRACE 28452 --- [iam-core] [    Test worker] org.hibernate.orm.jdbc.bind              : binding parameter (11:VARCHAR) <- [null]
    2025-12-28T16:25:28.004+09:00 TRACE 28452 --- [iam-core] [    Test worker] org.hibernate.orm.jdbc.bind              : binding parameter (12:VARCHAR) <- [SUCCESS]
    2025-12-28T16:25:28.004+09:00 TRACE 28452 --- [iam-core] [    Test worker] org.hibernate.orm.jdbc.bind              : binding parameter (13:VARCHAR) <- [null]
    2025-12-28T16:25:28.004+09:00 TRACE 28452 --- [iam-core] [    Test worker] org.hibernate.orm.jdbc.bind              : binding parameter (14:VARCHAR) <- [jane.doe]
    2025-12-28T16:25:28.004+09:00 TRACE 28452 --- [iam-core] [    Test worker] org.hibernate.orm.jdbc.bind              : binding parameter (15:VARCHAR) <- [T-793016755222960347]
    2025-12-28T16:25:28.004+09:00 TRACE 28452 --- [iam-core] [    Test worker] org.hibernate.orm.jdbc.bind              : binding parameter (16:VARCHAR) <- [AD_PROVISION]
    2025-12-28T16:25:28.004+09:00 TRACE 28452 --- [iam-core] [    Test worker] org.hibernate.orm.jdbc.bind              : binding parameter (17:BIGINT) <- [793016755225919651]
    2025-12-28T16:25:28.004+09:00 DEBUG 28452 --- [iam-core] [    Test worker] org.hibernate.SQL                        : 
        insert 
        into
            sync_history
            (completed_at, created_at, duration_ms, expires_at, message, parent_history_id, payload, request_payload, response_payload, retry_count, source_system, status, target_system, target_user, trace_id, type, history_id) 
        values
            (?, ?, ?, ?, ?, ?, ?, ?, ?, ?, ?, ?, ?, ?, ?, ?, ?)
    Hibernate: 
        insert 
        into
            sync_history
            (completed_at, created_at, duration_ms, expires_at, message, parent_history_id, payload, request_payload, response_payload, retry_count, source_system, status, target_system, target_user, trace_id, type, history_id) 
        values
            (?, ?, ?, ?, ?, ?, ?, ?, ?, ?, ?, ?, ?, ?, ?, ?, ?)
    2025-12-28T16:25:28.004+09:00 TRACE 28452 --- [iam-core] [    Test worker] org.hibernate.orm.jdbc.bind              : binding parameter (1:TIMESTAMP) <- [null]
    2025-12-28T16:25:28.004+09:00 TRACE 28452 --- [iam-core] [    Test worker] org.hibernate.orm.jdbc.bind              : binding parameter (2:TIMESTAMP) <- [2025-12-28T16:25:28.004070]
    2025-12-28T16:25:28.004+09:00 TRACE 28452 --- [iam-core] [    Test worker] org.hibernate.orm.jdbc.bind              : binding parameter (3:BIGINT) <- [null]
    2025-12-28T16:25:28.004+09:00 TRACE 28452 --- [iam-core] [    Test worker] org.hibernate.orm.jdbc.bind              : binding parameter (4:TIMESTAMP) <- [null]
    2025-12-28T16:25:28.004+09:00 TRACE 28452 --- [iam-core] [    Test worker] org.hibernate.orm.jdbc.bind              : binding parameter (5:VARCHAR) <- [null]
    2025-12-28T16:25:28.004+09:00 TRACE 28452 --- [iam-core] [    Test worker] org.hibernate.orm.jdbc.bind              : binding parameter (6:BIGINT) <- [null]
    2025-12-28T16:25:28.004+09:00 TRACE 28452 --- [iam-core] [    Test worker] org.hibernate.orm.jdbc.bind              : binding parameter (7:VARCHAR) <- [null]
    2025-12-28T16:25:28.004+09:00 TRACE 28452 --- [iam-core] [    Test worker] org.hibernate.orm.jdbc.bind              : binding parameter (8:VARCHAR) <- [{
      "userId": "793016755209142518",
      "syncType": "UPDATE_SIMPLE",
      "targetSystem": "AWS",
      "snapshot": {
        "layer": "TARGET",
        "data": { "account": "hong.g", "status": "active" }
      },
      "mappings": [
        { "fromLabel": "IAM", "toLabel": "AWS", "fromField": "userName", "toField": "account", "value": "hong.g" }
      ]
    }
    ]
    2025-12-28T16:25:28.004+09:00 TRACE 28452 --- [iam-core] [    Test worker] org.hibernate.orm.jdbc.bind              : binding parameter (9:VARCHAR) <- [Provisioned to AWS]
    2025-12-28T16:25:28.004+09:00 TRACE 28452 --- [iam-core] [    Test worker] org.hibernate.orm.jdbc.bind              : binding parameter (10:INTEGER) <- [0]
    2025-12-28T16:25:28.004+09:00 TRACE 28452 --- [iam-core] [    Test worker] org.hibernate.orm.jdbc.bind              : binding parameter (11:VARCHAR) <- [null]
    2025-12-28T16:25:28.004+09:00 TRACE 28452 --- [iam-core] [    Test worker] org.hibernate.orm.jdbc.bind              : binding parameter (12:VARCHAR) <- [SUCCESS]
    2025-12-28T16:25:28.004+09:00 TRACE 28452 --- [iam-core] [    Test worker] org.hibernate.orm.jdbc.bind              : binding parameter (13:VARCHAR) <- [null]
    2025-12-28T16:25:28.004+09:00 TRACE 28452 --- [iam-core] [    Test worker] org.hibernate.orm.jdbc.bind              : binding parameter (14:VARCHAR) <- [jane.doe]
    2025-12-28T16:25:28.004+09:00 TRACE 28452 --- [iam-core] [    Test worker] org.hibernate.orm.jdbc.bind              : binding parameter (15:VARCHAR) <- [T-793016755222960347]
    2025-12-28T16:25:28.004+09:00 TRACE 28452 --- [iam-core] [    Test worker] org.hibernate.orm.jdbc.bind              : binding parameter (16:VARCHAR) <- [AD_PROVISION]
    2025-12-28T16:25:28.004+09:00 TRACE 28452 --- [iam-core] [    Test worker] org.hibernate.orm.jdbc.bind              : binding parameter (17:BIGINT) <- [793016755225919652]
    2025-12-28T16:25:28.005+09:00 DEBUG 28452 --- [iam-core] [    Test worker] org.hibernate.SQL                        : 
        insert 
        into
            sync_history
            (completed_at, created_at, duration_ms, expires_at, message, parent_history_id, payload, request_payload, response_payload, retry_count, source_system, status, target_system, target_user, trace_id, type, history_id) 
        values
            (?, ?, ?, ?, ?, ?, ?, ?, ?, ?, ?, ?, ?, ?, ?, ?, ?)
    Hibernate: 
        insert 
        into
            sync_history
            (completed_at, created_at, duration_ms, expires_at, message, parent_history_id, payload, request_payload, response_payload, retry_count, source_system, status, target_system, target_user, trace_id, type, history_id) 
        values
            (?, ?, ?, ?, ?, ?, ?, ?, ?, ?, ?, ?, ?, ?, ?, ?, ?)
    2025-12-28T16:25:28.005+09:00 TRACE 28452 --- [iam-core] [    Test worker] org.hibernate.orm.jdbc.bind              : binding parameter (1:TIMESTAMP) <- [null]
    2025-12-28T16:25:28.005+09:00 TRACE 28452 --- [iam-core] [    Test worker] org.hibernate.orm.jdbc.bind              : binding parameter (2:TIMESTAMP) <- [2025-12-28T16:25:28.005573]
    2025-12-28T16:25:28.005+09:00 TRACE 28452 --- [iam-core] [    Test worker] org.hibernate.orm.jdbc.bind              : binding parameter (3:BIGINT) <- [null]
    2025-12-28T16:25:28.005+09:00 TRACE 28452 --- [iam-core] [    Test worker] org.hibernate.orm.jdbc.bind              : binding parameter (4:TIMESTAMP) <- [null]
    2025-12-28T16:25:28.005+09:00 TRACE 28452 --- [iam-core] [    Test worker] org.hibernate.orm.jdbc.bind              : binding parameter (5:VARCHAR) <- [null]
    2025-12-28T16:25:28.005+09:00 TRACE 28452 --- [iam-core] [    Test worker] org.hibernate.orm.jdbc.bind              : binding parameter (6:BIGINT) <- [null]
    2025-12-28T16:25:28.005+09:00 TRACE 28452 --- [iam-core] [    Test worker] org.hibernate.orm.jdbc.bind              : binding parameter (7:VARCHAR) <- [null]
    2025-12-28T16:25:28.005+09:00 TRACE 28452 --- [iam-core] [    Test worker] org.hibernate.orm.jdbc.bind              : binding parameter (8:VARCHAR) <- [{
      "userId": "793016755209142518",
      "syncType": "UPDATE_SIMPLE",
      "targetSystem": "Azure",
      "snapshot": {
        "layer": "TARGET",
        "data": { "account": "hong.g", "status": "active" }
      },
      "mappings": [
        { "fromLabel": "IAM", "toLabel": "Azure", "fromField": "userName", "toField": "account", "value": "hong.g" }
      ]
    }
    ]
    2025-12-28T16:25:28.005+09:00 TRACE 28452 --- [iam-core] [    Test worker] org.hibernate.orm.jdbc.bind              : binding parameter (9:VARCHAR) <- [Provisioned to Azure]
    2025-12-28T16:25:28.005+09:00 TRACE 28452 --- [iam-core] [    Test worker] org.hibernate.orm.jdbc.bind              : binding parameter (10:INTEGER) <- [0]
    2025-12-28T16:25:28.005+09:00 TRACE 28452 --- [iam-core] [    Test worker] org.hibernate.orm.jdbc.bind              : binding parameter (11:VARCHAR) <- [null]
    2025-12-28T16:25:28.005+09:00 TRACE 28452 --- [iam-core] [    Test worker] org.hibernate.orm.jdbc.bind              : binding parameter (12:VARCHAR) <- [SUCCESS]
    2025-12-28T16:25:28.005+09:00 TRACE 28452 --- [iam-core] [    Test worker] org.hibernate.orm.jdbc.bind              : binding parameter (13:VARCHAR) <- [null]
    2025-12-28T16:25:28.005+09:00 TRACE 28452 --- [iam-core] [    Test worker] org.hibernate.orm.jdbc.bind              : binding parameter (14:VARCHAR) <- [jane.doe]
    2025-12-28T16:25:28.005+09:00 TRACE 28452 --- [iam-core] [    Test worker] org.hibernate.orm.jdbc.bind              : binding parameter (15:VARCHAR) <- [T-793016755222960347]
    2025-12-28T16:25:28.005+09:00 TRACE 28452 --- [iam-core] [    Test worker] org.hibernate.orm.jdbc.bind              : binding parameter (16:VARCHAR) <- [AD_PROVISION]
    2025-12-28T16:25:28.005+09:00 TRACE 28452 --- [iam-core] [    Test worker] org.hibernate.orm.jdbc.bind              : binding parameter (17:BIGINT) <- [793016755225919653]
    2025-12-28T16:25:28.006+09:00 DEBUG 28452 --- [iam-core] [    Test worker] org.hibernate.SQL                        : 
        insert 
        into
            sync_history
            (completed_at, created_at, duration_ms, expires_at, message, parent_history_id, payload, request_payload, response_payload, retry_count, source_system, status, target_system, target_user, trace_id, type, history_id) 
        values
            (?, ?, ?, ?, ?, ?, ?, ?, ?, ?, ?, ?, ?, ?, ?, ?, ?)
    Hibernate: 
        insert 
        into
            sync_history
            (completed_at, created_at, duration_ms, expires_at, message, parent_history_id, payload, request_payload, response_payload, retry_count, source_system, status, target_system, target_user, trace_id, type, history_id) 
        values
            (?, ?, ?, ?, ?, ?, ?, ?, ?, ?, ?, ?, ?, ?, ?, ?, ?)
    2025-12-28T16:25:28.006+09:00 TRACE 28452 --- [iam-core] [    Test worker] org.hibernate.orm.jdbc.bind              : binding parameter (1:TIMESTAMP) <- [null]
    2025-12-28T16:25:28.006+09:00 TRACE 28452 --- [iam-core] [    Test worker] org.hibernate.orm.jdbc.bind              : binding parameter (2:TIMESTAMP) <- [2025-12-28T16:25:28.006113]
    2025-12-28T16:25:28.006+09:00 TRACE 28452 --- [iam-core] [    Test worker] org.hibernate.orm.jdbc.bind              : binding parameter (3:BIGINT) <- [null]
    2025-12-28T16:25:28.006+09:00 TRACE 28452 --- [iam-core] [    Test worker] org.hibernate.orm.jdbc.bind              : binding parameter (4:TIMESTAMP) <- [null]
    2025-12-28T16:25:28.006+09:00 TRACE 28452 --- [iam-core] [    Test worker] org.hibernate.orm.jdbc.bind              : binding parameter (5:VARCHAR) <- [null]
    2025-12-28T16:25:28.006+09:00 TRACE 28452 --- [iam-core] [    Test worker] org.hibernate.orm.jdbc.bind              : binding parameter (6:BIGINT) <- [null]
    2025-12-28T16:25:28.006+09:00 TRACE 28452 --- [iam-core] [    Test worker] org.hibernate.orm.jdbc.bind              : binding parameter (7:VARCHAR) <- [null]
    2025-12-28T16:25:28.006+09:00 TRACE 28452 --- [iam-core] [    Test worker] org.hibernate.orm.jdbc.bind              : binding parameter (8:VARCHAR) <- [{
      "userId": "793016755209142518",
      "syncType": "UPDATE_SIMPLE",
      "targetSystem": "Office 365",
      "snapshot": {
        "layer": "TARGET",
        "data": { "account": "hong.g", "status": "active" }
      },
      "mappings": [
        { "fromLabel": "IAM", "toLabel": "Office 365", "fromField": "userName", "toField": "account", "value": "hong.g" }
      ]
    }
    ]
    2025-12-28T16:25:28.006+09:00 TRACE 28452 --- [iam-core] [    Test worker] org.hibernate.orm.jdbc.bind              : binding parameter (9:VARCHAR) <- [Provisioned to Office 365]
    2025-12-28T16:25:28.006+09:00 TRACE 28452 --- [iam-core] [    Test worker] org.hibernate.orm.jdbc.bind              : binding parameter (10:INTEGER) <- [0]
    2025-12-28T16:25:28.006+09:00 TRACE 28452 --- [iam-core] [    Test worker] org.hibernate.orm.jdbc.bind              : binding parameter (11:VARCHAR) <- [null]
    2025-12-28T16:25:28.006+09:00 TRACE 28452 --- [iam-core] [    Test worker] org.hibernate.orm.jdbc.bind              : binding parameter (12:VARCHAR) <- [SUCCESS]
    2025-12-28T16:25:28.006+09:00 TRACE 28452 --- [iam-core] [    Test worker] org.hibernate.orm.jdbc.bind              : binding parameter (13:VARCHAR) <- [null]
    2025-12-28T16:25:28.006+09:00 TRACE 28452 --- [iam-core] [    Test worker] org.hibernate.orm.jdbc.bind              : binding parameter (14:VARCHAR) <- [jane.doe]
    2025-12-28T16:25:28.006+09:00 TRACE 28452 --- [iam-core] [    Test worker] org.hibernate.orm.jdbc.bind              : binding parameter (15:VARCHAR) <- [T-793016755222960347]
    2025-12-28T16:25:28.006+09:00 TRACE 28452 --- [iam-core] [    Test worker] org.hibernate.orm.jdbc.bind              : binding parameter (16:VARCHAR) <- [AD_PROVISION]
    2025-12-28T16:25:28.006+09:00 TRACE 28452 --- [iam-core] [    Test worker] org.hibernate.orm.jdbc.bind              : binding parameter (17:BIGINT) <- [793016755225919654]
    2025-12-28T16:25:28.006+09:00 DEBUG 28452 --- [iam-core] [    Test worker] org.hibernate.SQL                        : 
        insert 
        into
            sync_history
            (completed_at, created_at, duration_ms, expires_at, message, parent_history_id, payload, request_payload, response_payload, retry_count, source_system, status, target_system, target_user, trace_id, type, history_id) 
        values
            (?, ?, ?, ?, ?, ?, ?, ?, ?, ?, ?, ?, ?, ?, ?, ?, ?)
    Hibernate: 
        insert 
        into
            sync_history
            (completed_at, created_at, duration_ms, expires_at, message, parent_history_id, payload, request_payload, response_payload, retry_count, source_system, status, target_system, target_user, trace_id, type, history_id) 
        values
            (?, ?, ?, ?, ?, ?, ?, ?, ?, ?, ?, ?, ?, ?, ?, ?, ?)
    2025-12-28T16:25:28.006+09:00 TRACE 28452 --- [iam-core] [    Test worker] org.hibernate.orm.jdbc.bind              : binding parameter (1:TIMESTAMP) <- [null]
    2025-12-28T16:25:28.006+09:00 TRACE 28452 --- [iam-core] [    Test worker] org.hibernate.orm.jdbc.bind              : binding parameter (2:TIMESTAMP) <- [2025-12-28T16:25:28.006113]
    2025-12-28T16:25:28.006+09:00 TRACE 28452 --- [iam-core] [    Test worker] org.hibernate.orm.jdbc.bind              : binding parameter (3:BIGINT) <- [null]
    2025-12-28T16:25:28.006+09:00 TRACE 28452 --- [iam-core] [    Test worker] org.hibernate.orm.jdbc.bind              : binding parameter (4:TIMESTAMP) <- [null]
    2025-12-28T16:25:28.006+09:00 TRACE 28452 --- [iam-core] [    Test worker] org.hibernate.orm.jdbc.bind              : binding parameter (5:VARCHAR) <- [null]
    2025-12-28T16:25:28.006+09:00 TRACE 28452 --- [iam-core] [    Test worker] org.hibernate.orm.jdbc.bind              : binding parameter (6:BIGINT) <- [null]
    2025-12-28T16:25:28.006+09:00 TRACE 28452 --- [iam-core] [    Test worker] org.hibernate.orm.jdbc.bind              : binding parameter (7:VARCHAR) <- [null]
    2025-12-28T16:25:28.006+09:00 TRACE 28452 --- [iam-core] [    Test worker] org.hibernate.orm.jdbc.bind              : binding parameter (8:VARCHAR) <- [{
      "userId": "793016755209142518",
      "syncType": "UPDATE_SIMPLE",
      "targetSystem": "Salesforce",
      "snapshot": {
        "layer": "TARGET",
        "data": { "account": "hong.g", "status": "active" }
      },
      "mappings": [
        { "fromLabel": "IAM", "toLabel": "Salesforce", "fromField": "userName", "toField": "account", "value": "hong.g" }
      ]
    }
    ]
    2025-12-28T16:25:28.006+09:00 TRACE 28452 --- [iam-core] [    Test worker] org.hibernate.orm.jdbc.bind              : binding parameter (9:VARCHAR) <- [Provisioned to Salesforce]
    2025-12-28T16:25:28.006+09:00 TRACE 28452 --- [iam-core] [    Test worker] org.hibernate.orm.jdbc.bind              : binding parameter (10:INTEGER) <- [0]
    2025-12-28T16:25:28.006+09:00 TRACE 28452 --- [iam-core] [    Test worker] org.hibernate.orm.jdbc.bind              : binding parameter (11:VARCHAR) <- [null]
    2025-12-28T16:25:28.006+09:00 TRACE 28452 --- [iam-core] [    Test worker] org.hibernate.orm.jdbc.bind              : binding parameter (12:VARCHAR) <- [SUCCESS]
    2025-12-28T16:25:28.006+09:00 TRACE 28452 --- [iam-core] [    Test worker] org.hibernate.orm.jdbc.bind              : binding parameter (13:VARCHAR) <- [null]
    2025-12-28T16:25:28.006+09:00 TRACE 28452 --- [iam-core] [    Test worker] org.hibernate.orm.jdbc.bind              : binding parameter (14:VARCHAR) <- [jane.doe]
    2025-12-28T16:25:28.006+09:00 TRACE 28452 --- [iam-core] [    Test worker] org.hibernate.orm.jdbc.bind              : binding parameter (15:VARCHAR) <- [T-793016755222960347]
    2025-12-28T16:25:28.006+09:00 TRACE 28452 --- [iam-core] [    Test worker] org.hibernate.orm.jdbc.bind              : binding parameter (16:VARCHAR) <- [AD_PROVISION]
    2025-12-28T16:25:28.006+09:00 TRACE 28452 --- [iam-core] [    Test worker] org.hibernate.orm.jdbc.bind              : binding parameter (17:BIGINT) <- [793016755225919655]
    2025-12-28T16:25:28.007+09:00 DEBUG 28452 --- [iam-core] [    Test worker] org.hibernate.SQL                        : 
        insert 
        into
            sync_history
            (completed_at, created_at, duration_ms, expires_at, message, parent_history_id, payload, request_payload, response_payload, retry_count, source_system, status, target_system, target_user, trace_id, type, history_id) 
        values
            (?, ?, ?, ?, ?, ?, ?, ?, ?, ?, ?, ?, ?, ?, ?, ?, ?)
    Hibernate: 
        insert 
        into
            sync_history
            (completed_at, created_at, duration_ms, expires_at, message, parent_history_id, payload, request_payload, response_payload, retry_count, source_system, status, target_system, target_user, trace_id, type, history_id) 
        values
            (?, ?, ?, ?, ?, ?, ?, ?, ?, ?, ?, ?, ?, ?, ?, ?, ?)
    2025-12-28T16:25:28.007+09:00 TRACE 28452 --- [iam-core] [    Test worker] org.hibernate.orm.jdbc.bind              : binding parameter (1:TIMESTAMP) <- [null]
    2025-12-28T16:25:28.007+09:00 TRACE 28452 --- [iam-core] [    Test worker] org.hibernate.orm.jdbc.bind              : binding parameter (2:TIMESTAMP) <- [2025-12-28T16:25:28.006113]
    2025-12-28T16:25:28.007+09:00 TRACE 28452 --- [iam-core] [    Test worker] org.hibernate.orm.jdbc.bind              : binding parameter (3:BIGINT) <- [null]
    2025-12-28T16:25:28.007+09:00 TRACE 28452 --- [iam-core] [    Test worker] org.hibernate.orm.jdbc.bind              : binding parameter (4:TIMESTAMP) <- [null]
    2025-12-28T16:25:28.007+09:00 TRACE 28452 --- [iam-core] [    Test worker] org.hibernate.orm.jdbc.bind              : binding parameter (5:VARCHAR) <- [null]
    2025-12-28T16:25:28.007+09:00 TRACE 28452 --- [iam-core] [    Test worker] org.hibernate.orm.jdbc.bind              : binding parameter (6:BIGINT) <- [null]
    2025-12-28T16:25:28.007+09:00 TRACE 28452 --- [iam-core] [    Test worker] org.hibernate.orm.jdbc.bind              : binding parameter (7:VARCHAR) <- [null]
    2025-12-28T16:25:28.007+09:00 TRACE 28452 --- [iam-core] [    Test worker] org.hibernate.orm.jdbc.bind              : binding parameter (8:VARCHAR) <- [{
      "userId": "793016755209142518",
      "syncType": "UPDATE_SIMPLE",
      "targetSystem": "Datadog",
      "snapshot": {
        "layer": "TARGET",
        "data": { "account": "hong.g", "status": "active" }
      },
      "mappings": [
        { "fromLabel": "IAM", "toLabel": "Datadog", "fromField": "userName", "toField": "account", "value": "hong.g" }
      ]
    }
    ]
    2025-12-28T16:25:28.007+09:00 TRACE 28452 --- [iam-core] [    Test worker] org.hibernate.orm.jdbc.bind              : binding parameter (9:VARCHAR) <- [Provisioned to Datadog]
    2025-12-28T16:25:28.007+09:00 TRACE 28452 --- [iam-core] [    Test worker] org.hibernate.orm.jdbc.bind              : binding parameter (10:INTEGER) <- [0]
    2025-12-28T16:25:28.007+09:00 TRACE 28452 --- [iam-core] [    Test worker] org.hibernate.orm.jdbc.bind              : binding parameter (11:VARCHAR) <- [null]
    2025-12-28T16:25:28.007+09:00 TRACE 28452 --- [iam-core] [    Test worker] org.hibernate.orm.jdbc.bind              : binding parameter (12:VARCHAR) <- [SUCCESS]
    2025-12-28T16:25:28.007+09:00 TRACE 28452 --- [iam-core] [    Test worker] org.hibernate.orm.jdbc.bind              : binding parameter (13:VARCHAR) <- [null]
    2025-12-28T16:25:28.007+09:00 TRACE 28452 --- [iam-core] [    Test worker] org.hibernate.orm.jdbc.bind              : binding parameter (14:VARCHAR) <- [jane.doe]
    2025-12-28T16:25:28.007+09:00 TRACE 28452 --- [iam-core] [    Test worker] org.hibernate.orm.jdbc.bind              : binding parameter (15:VARCHAR) <- [T-793016755222960347]
    2025-12-28T16:25:28.007+09:00 TRACE 28452 --- [iam-core] [    Test worker] org.hibernate.orm.jdbc.bind              : binding parameter (16:VARCHAR) <- [AD_PROVISION]
    2025-12-28T16:25:28.007+09:00 TRACE 28452 --- [iam-core] [    Test worker] org.hibernate.orm.jdbc.bind              : binding parameter (17:BIGINT) <- [793016755225919656]
    2025-12-28T16:25:28.007+09:00 DEBUG 28452 --- [iam-core] [    Test worker] org.hibernate.SQL                        : 
        insert 
        into
            sync_history
            (completed_at, created_at, duration_ms, expires_at, message, parent_history_id, payload, request_payload, response_payload, retry_count, source_system, status, target_system, target_user, trace_id, type, history_id) 
        values
            (?, ?, ?, ?, ?, ?, ?, ?, ?, ?, ?, ?, ?, ?, ?, ?, ?)
    Hibernate: 
        insert 
        into
            sync_history
            (completed_at, created_at, duration_ms, expires_at, message, parent_history_id, payload, request_payload, response_payload, retry_count, source_system, status, target_system, target_user, trace_id, type, history_id) 
        values
            (?, ?, ?, ?, ?, ?, ?, ?, ?, ?, ?, ?, ?, ?, ?, ?, ?)
    2025-12-28T16:25:28.007+09:00 TRACE 28452 --- [iam-core] [    Test worker] org.hibernate.orm.jdbc.bind              : binding parameter (1:TIMESTAMP) <- [null]
    2025-12-28T16:25:28.007+09:00 TRACE 28452 --- [iam-core] [    Test worker] org.hibernate.orm.jdbc.bind              : binding parameter (2:TIMESTAMP) <- [2025-12-28T16:25:28.007618]
    2025-12-28T16:25:28.007+09:00 TRACE 28452 --- [iam-core] [    Test worker] org.hibernate.orm.jdbc.bind              : binding parameter (3:BIGINT) <- [null]
    2025-12-28T16:25:28.007+09:00 TRACE 28452 --- [iam-core] [    Test worker] org.hibernate.orm.jdbc.bind              : binding parameter (4:TIMESTAMP) <- [null]
    2025-12-28T16:25:28.007+09:00 TRACE 28452 --- [iam-core] [    Test worker] org.hibernate.orm.jdbc.bind              : binding parameter (5:VARCHAR) <- [null]
    2025-12-28T16:25:28.007+09:00 TRACE 28452 --- [iam-core] [    Test worker] org.hibernate.orm.jdbc.bind              : binding parameter (6:BIGINT) <- [null]
    2025-12-28T16:25:28.007+09:00 TRACE 28452 --- [iam-core] [    Test worker] org.hibernate.orm.jdbc.bind              : binding parameter (7:VARCHAR) <- [null]
    2025-12-28T16:25:28.007+09:00 TRACE 28452 --- [iam-core] [    Test worker] org.hibernate.orm.jdbc.bind              : binding parameter (8:VARCHAR) <- [{
      "userId": "793016755209142518",
      "syncType": "UPDATE_SIMPLE",
      "targetSystem": "Sentry",
      "snapshot": {
        "layer": "TARGET",
        "data": { "account": "hong.g", "status": "active" }
      },
      "mappings": [
        { "fromLabel": "IAM", "toLabel": "Sentry", "fromField": "userName", "toField": "account", "value": "hong.g" }
      ]
    }
    ]
    2025-12-28T16:25:28.007+09:00 TRACE 28452 --- [iam-core] [    Test worker] org.hibernate.orm.jdbc.bind              : binding parameter (9:VARCHAR) <- [Provisioned to Sentry]
    2025-12-28T16:25:28.007+09:00 TRACE 28452 --- [iam-core] [    Test worker] org.hibernate.orm.jdbc.bind              : binding parameter (10:INTEGER) <- [0]
    2025-12-28T16:25:28.007+09:00 TRACE 28452 --- [iam-core] [    Test worker] org.hibernate.orm.jdbc.bind              : binding parameter (11:VARCHAR) <- [null]
    2025-12-28T16:25:28.007+09:00 TRACE 28452 --- [iam-core] [    Test worker] org.hibernate.orm.jdbc.bind              : binding parameter (12:VARCHAR) <- [SUCCESS]
    2025-12-28T16:25:28.007+09:00 TRACE 28452 --- [iam-core] [    Test worker] org.hibernate.orm.jdbc.bind              : binding parameter (13:VARCHAR) <- [null]
    2025-12-28T16:25:28.007+09:00 TRACE 28452 --- [iam-core] [    Test worker] org.hibernate.orm.jdbc.bind              : binding parameter (14:VARCHAR) <- [jane.doe]
    2025-12-28T16:25:28.007+09:00 TRACE 28452 --- [iam-core] [    Test worker] org.hibernate.orm.jdbc.bind              : binding parameter (15:VARCHAR) <- [T-793016755222960347]
    2025-12-28T16:25:28.007+09:00 TRACE 28452 --- [iam-core] [    Test worker] org.hibernate.orm.jdbc.bind              : binding parameter (16:VARCHAR) <- [AD_PROVISION]
    2025-12-28T16:25:28.007+09:00 TRACE 28452 --- [iam-core] [    Test worker] org.hibernate.orm.jdbc.bind              : binding parameter (17:BIGINT) <- [793016755225919657]
    2025-12-28T16:25:28.007+09:00 DEBUG 28452 --- [iam-core] [    Test worker] org.hibernate.SQL                        : 
        insert 
        into
            sync_history
            (completed_at, created_at, duration_ms, expires_at, message, parent_history_id, payload, request_payload, response_payload, retry_count, source_system, status, target_system, target_user, trace_id, type, history_id) 
        values
            (?, ?, ?, ?, ?, ?, ?, ?, ?, ?, ?, ?, ?, ?, ?, ?, ?)
    Hibernate: 
        insert 
        into
            sync_history
            (completed_at, created_at, duration_ms, expires_at, message, parent_history_id, payload, request_payload, response_payload, retry_count, source_system, status, target_system, target_user, trace_id, type, history_id) 
        values
            (?, ?, ?, ?, ?, ?, ?, ?, ?, ?, ?, ?, ?, ?, ?, ?, ?)
    2025-12-28T16:25:28.007+09:00 TRACE 28452 --- [iam-core] [    Test worker] org.hibernate.orm.jdbc.bind              : binding parameter (1:TIMESTAMP) <- [null]
    2025-12-28T16:25:28.007+09:00 TRACE 28452 --- [iam-core] [    Test worker] org.hibernate.orm.jdbc.bind              : binding parameter (2:TIMESTAMP) <- [2025-12-28T16:25:28.007618]
    2025-12-28T16:25:28.007+09:00 TRACE 28452 --- [iam-core] [    Test worker] org.hibernate.orm.jdbc.bind              : binding parameter (3:BIGINT) <- [null]
    2025-12-28T16:25:28.007+09:00 TRACE 28452 --- [iam-core] [    Test worker] org.hibernate.orm.jdbc.bind              : binding parameter (4:TIMESTAMP) <- [null]
    2025-12-28T16:25:28.007+09:00 TRACE 28452 --- [iam-core] [    Test worker] org.hibernate.orm.jdbc.bind              : binding parameter (5:VARCHAR) <- [null]
    2025-12-28T16:25:28.007+09:00 TRACE 28452 --- [iam-core] [    Test worker] org.hibernate.orm.jdbc.bind              : binding parameter (6:BIGINT) <- [null]
    2025-12-28T16:25:28.007+09:00 TRACE 28452 --- [iam-core] [    Test worker] org.hibernate.orm.jdbc.bind              : binding parameter (7:VARCHAR) <- [null]
    2025-12-28T16:25:28.007+09:00 TRACE 28452 --- [iam-core] [    Test worker] org.hibernate.orm.jdbc.bind              : binding parameter (8:VARCHAR) <- [{
      "userId": "793016755209142518",
      "syncType": "UPDATE_SIMPLE",
      "targetSystem": "Figma",
      "snapshot": {
        "layer": "TARGET",
        "data": { "account": "hong.g", "status": "active" }
      },
      "mappings": [
        { "fromLabel": "IAM", "toLabel": "Figma", "fromField": "userName", "toField": "account", "value": "hong.g" }
      ]
    }
    ]
    2025-12-28T16:25:28.007+09:00 TRACE 28452 --- [iam-core] [    Test worker] org.hibernate.orm.jdbc.bind              : binding parameter (9:VARCHAR) <- [Provisioned to Figma]
    2025-12-28T16:25:28.007+09:00 TRACE 28452 --- [iam-core] [    Test worker] org.hibernate.orm.jdbc.bind              : binding parameter (10:INTEGER) <- [0]
    2025-12-28T16:25:28.007+09:00 TRACE 28452 --- [iam-core] [    Test worker] org.hibernate.orm.jdbc.bind              : binding parameter (11:VARCHAR) <- [null]
    2025-12-28T16:25:28.007+09:00 TRACE 28452 --- [iam-core] [    Test worker] org.hibernate.orm.jdbc.bind              : binding parameter (12:VARCHAR) <- [SUCCESS]
    2025-12-28T16:25:28.007+09:00 TRACE 28452 --- [iam-core] [    Test worker] org.hibernate.orm.jdbc.bind              : binding parameter (13:VARCHAR) <- [null]
    2025-12-28T16:25:28.007+09:00 TRACE 28452 --- [iam-core] [    Test worker] org.hibernate.orm.jdbc.bind              : binding parameter (14:VARCHAR) <- [jane.doe]
    2025-12-28T16:25:28.007+09:00 TRACE 28452 --- [iam-core] [    Test worker] org.hibernate.orm.jdbc.bind              : binding parameter (15:VARCHAR) <- [T-793016755222960347]
    2025-12-28T16:25:28.007+09:00 TRACE 28452 --- [iam-core] [    Test worker] org.hibernate.orm.jdbc.bind              : binding parameter (16:VARCHAR) <- [AD_PROVISION]
    2025-12-28T16:25:28.007+09:00 TRACE 28452 --- [iam-core] [    Test worker] org.hibernate.orm.jdbc.bind              : binding parameter (17:BIGINT) <- [793016755225919658]
    2025-12-28T16:25:28.008+09:00 DEBUG 28452 --- [iam-core] [    Test worker] org.hibernate.SQL                        : 
        insert 
        into
            sync_history
            (completed_at, created_at, duration_ms, expires_at, message, parent_history_id, payload, request_payload, response_payload, retry_count, source_system, status, target_system, target_user, trace_id, type, history_id) 
        values
            (?, ?, ?, ?, ?, ?, ?, ?, ?, ?, ?, ?, ?, ?, ?, ?, ?)
    Hibernate: 
        insert 
        into
            sync_history
            (completed_at, created_at, duration_ms, expires_at, message, parent_history_id, payload, request_payload, response_payload, retry_count, source_system, status, target_system, target_user, trace_id, type, history_id) 
        values
            (?, ?, ?, ?, ?, ?, ?, ?, ?, ?, ?, ?, ?, ?, ?, ?, ?)
    2025-12-28T16:25:28.008+09:00 TRACE 28452 --- [iam-core] [    Test worker] org.hibernate.orm.jdbc.bind              : binding parameter (1:TIMESTAMP) <- [null]
    2025-12-28T16:25:28.008+09:00 TRACE 28452 --- [iam-core] [    Test worker] org.hibernate.orm.jdbc.bind              : binding parameter (2:TIMESTAMP) <- [2025-12-28T16:25:28.008621]
    2025-12-28T16:25:28.008+09:00 TRACE 28452 --- [iam-core] [    Test worker] org.hibernate.orm.jdbc.bind              : binding parameter (3:BIGINT) <- [null]
    2025-12-28T16:25:28.008+09:00 TRACE 28452 --- [iam-core] [    Test worker] org.hibernate.orm.jdbc.bind              : binding parameter (4:TIMESTAMP) <- [null]
    2025-12-28T16:25:28.008+09:00 TRACE 28452 --- [iam-core] [    Test worker] org.hibernate.orm.jdbc.bind              : binding parameter (5:VARCHAR) <- [null]
    2025-12-28T16:25:28.008+09:00 TRACE 28452 --- [iam-core] [    Test worker] org.hibernate.orm.jdbc.bind              : binding parameter (6:BIGINT) <- [null]
    2025-12-28T16:25:28.008+09:00 TRACE 28452 --- [iam-core] [    Test worker] org.hibernate.orm.jdbc.bind              : binding parameter (7:VARCHAR) <- [null]
    2025-12-28T16:25:28.008+09:00 TRACE 28452 --- [iam-core] [    Test worker] org.hibernate.orm.jdbc.bind              : binding parameter (8:VARCHAR) <- [{
      "userId": "793016755209142518",
      "syncType": "UPDATE_SIMPLE",
      "targetSystem": "Notion",
      "snapshot": {
        "layer": "TARGET",
        "data": { "account": "hong.g", "status": "active" }
      },
      "mappings": [
        { "fromLabel": "IAM", "toLabel": "Notion", "fromField": "userName", "toField": "account", "value": "hong.g" }
      ]
    }
    ]
    2025-12-28T16:25:28.008+09:00 TRACE 28452 --- [iam-core] [    Test worker] org.hibernate.orm.jdbc.bind              : binding parameter (9:VARCHAR) <- [Provisioned to Notion]
    2025-12-28T16:25:28.008+09:00 TRACE 28452 --- [iam-core] [    Test worker] org.hibernate.orm.jdbc.bind              : binding parameter (10:INTEGER) <- [0]
    2025-12-28T16:25:28.008+09:00 TRACE 28452 --- [iam-core] [    Test worker] org.hibernate.orm.jdbc.bind              : binding parameter (11:VARCHAR) <- [null]
    2025-12-28T16:25:28.008+09:00 TRACE 28452 --- [iam-core] [    Test worker] org.hibernate.orm.jdbc.bind              : binding parameter (12:VARCHAR) <- [SUCCESS]
    2025-12-28T16:25:28.008+09:00 TRACE 28452 --- [iam-core] [    Test worker] org.hibernate.orm.jdbc.bind              : binding parameter (13:VARCHAR) <- [null]
    2025-12-28T16:25:28.008+09:00 TRACE 28452 --- [iam-core] [    Test worker] org.hibernate.orm.jdbc.bind              : binding parameter (14:VARCHAR) <- [jane.doe]
    2025-12-28T16:25:28.008+09:00 TRACE 28452 --- [iam-core] [    Test worker] org.hibernate.orm.jdbc.bind              : binding parameter (15:VARCHAR) <- [T-793016755222960347]
    2025-12-28T16:25:28.008+09:00 TRACE 28452 --- [iam-core] [    Test worker] org.hibernate.orm.jdbc.bind              : binding parameter (16:VARCHAR) <- [AD_PROVISION]
    2025-12-28T16:25:28.008+09:00 TRACE 28452 --- [iam-core] [    Test worker] org.hibernate.orm.jdbc.bind              : binding parameter (17:BIGINT) <- [793016755225919659]
    2025-12-28T16:25:28.008+09:00 DEBUG 28452 --- [iam-core] [    Test worker] org.hibernate.SQL                        : 
        insert 
        into
            sync_history
            (completed_at, created_at, duration_ms, expires_at, message, parent_history_id, payload, request_payload, response_payload, retry_count, source_system, status, target_system, target_user, trace_id, type, history_id) 
        values
            (?, ?, ?, ?, ?, ?, ?, ?, ?, ?, ?, ?, ?, ?, ?, ?, ?)
    Hibernate: 
        insert 
        into
            sync_history
            (completed_at, created_at, duration_ms, expires_at, message, parent_history_id, payload, request_payload, response_payload, retry_count, source_system, status, target_system, target_user, trace_id, type, history_id) 
        values
            (?, ?, ?, ?, ?, ?, ?, ?, ?, ?, ?, ?, ?, ?, ?, ?, ?)
    2025-12-28T16:25:28.008+09:00 TRACE 28452 --- [iam-core] [    Test worker] org.hibernate.orm.jdbc.bind              : binding parameter (1:TIMESTAMP) <- [null]
    2025-12-28T16:25:28.008+09:00 TRACE 28452 --- [iam-core] [    Test worker] org.hibernate.orm.jdbc.bind              : binding parameter (2:TIMESTAMP) <- [2025-12-28T16:25:28.008621]
    2025-12-28T16:25:28.008+09:00 TRACE 28452 --- [iam-core] [    Test worker] org.hibernate.orm.jdbc.bind              : binding parameter (3:BIGINT) <- [null]
    2025-12-28T16:25:28.008+09:00 TRACE 28452 --- [iam-core] [    Test worker] org.hibernate.orm.jdbc.bind              : binding parameter (4:TIMESTAMP) <- [null]
    2025-12-28T16:25:28.008+09:00 TRACE 28452 --- [iam-core] [    Test worker] org.hibernate.orm.jdbc.bind              : binding parameter (5:VARCHAR) <- [null]
    2025-12-28T16:25:28.008+09:00 TRACE 28452 --- [iam-core] [    Test worker] org.hibernate.orm.jdbc.bind              : binding parameter (6:BIGINT) <- [null]
    2025-12-28T16:25:28.008+09:00 TRACE 28452 --- [iam-core] [    Test worker] org.hibernate.orm.jdbc.bind              : binding parameter (7:VARCHAR) <- [null]
    2025-12-28T16:25:28.008+09:00 TRACE 28452 --- [iam-core] [    Test worker] org.hibernate.orm.jdbc.bind              : binding parameter (8:VARCHAR) <- [{
      "userId": "793016755209142518",
      "syncType": "UPDATE_SIMPLE",
      "targetSystem": "Zendesk",
      "snapshot": {
        "layer": "TARGET",
        "data": { "account": "hong.g", "status": "active" }
      },
      "mappings": [
        { "fromLabel": "IAM", "toLabel": "Zendesk", "fromField": "userName", "toField": "account", "value": "hong.g" }
      ]
    }
    ]
    2025-12-28T16:25:28.008+09:00 TRACE 28452 --- [iam-core] [    Test worker] org.hibernate.orm.jdbc.bind              : binding parameter (9:VARCHAR) <- [Provisioned to Zendesk]
    2025-12-28T16:25:28.008+09:00 TRACE 28452 --- [iam-core] [    Test worker] org.hibernate.orm.jdbc.bind              : binding parameter (10:INTEGER) <- [0]
    2025-12-28T16:25:28.008+09:00 TRACE 28452 --- [iam-core] [    Test worker] org.hibernate.orm.jdbc.bind              : binding parameter (11:VARCHAR) <- [null]
    2025-12-28T16:25:28.008+09:00 TRACE 28452 --- [iam-core] [    Test worker] org.hibernate.orm.jdbc.bind              : binding parameter (12:VARCHAR) <- [SUCCESS]
    2025-12-28T16:25:28.008+09:00 TRACE 28452 --- [iam-core] [    Test worker] org.hibernate.orm.jdbc.bind              : binding parameter (13:VARCHAR) <- [null]
    2025-12-28T16:25:28.008+09:00 TRACE 28452 --- [iam-core] [    Test worker] org.hibernate.orm.jdbc.bind              : binding parameter (14:VARCHAR) <- [jane.doe]
    2025-12-28T16:25:28.008+09:00 TRACE 28452 --- [iam-core] [    Test worker] org.hibernate.orm.jdbc.bind              : binding parameter (15:VARCHAR) <- [T-793016755222960347]
    2025-12-28T16:25:28.008+09:00 TRACE 28452 --- [iam-core] [    Test worker] org.hibernate.orm.jdbc.bind              : binding parameter (16:VARCHAR) <- [AD_PROVISION]
    2025-12-28T16:25:28.008+09:00 TRACE 28452 --- [iam-core] [    Test worker] org.hibernate.orm.jdbc.bind              : binding parameter (17:BIGINT) <- [793016755225919660]
    2025-12-28T16:25:28.009+09:00 DEBUG 28452 --- [iam-core] [    Test worker] org.hibernate.SQL                        : 
        insert 
        into
            sync_history
            (completed_at, created_at, duration_ms, expires_at, message, parent_history_id, payload, request_payload, response_payload, retry_count, source_system, status, target_system, target_user, trace_id, type, history_id) 
        values
            (?, ?, ?, ?, ?, ?, ?, ?, ?, ?, ?, ?, ?, ?, ?, ?, ?)
    Hibernate: 
        insert 
        into
            sync_history
            (completed_at, created_at, duration_ms, expires_at, message, parent_history_id, payload, request_payload, response_payload, retry_count, source_system, status, target_system, target_user, trace_id, type, history_id) 
        values
            (?, ?, ?, ?, ?, ?, ?, ?, ?, ?, ?, ?, ?, ?, ?, ?, ?)
    2025-12-28T16:25:28.009+09:00 TRACE 28452 --- [iam-core] [    Test worker] org.hibernate.orm.jdbc.bind              : binding parameter (1:TIMESTAMP) <- [null]
    2025-12-28T16:25:28.009+09:00 TRACE 28452 --- [iam-core] [    Test worker] org.hibernate.orm.jdbc.bind              : binding parameter (2:TIMESTAMP) <- [2025-12-28T16:25:28.009621]
    2025-12-28T16:25:28.009+09:00 TRACE 28452 --- [iam-core] [    Test worker] org.hibernate.orm.jdbc.bind              : binding parameter (3:BIGINT) <- [null]
    2025-12-28T16:25:28.009+09:00 TRACE 28452 --- [iam-core] [    Test worker] org.hibernate.orm.jdbc.bind              : binding parameter (4:TIMESTAMP) <- [null]
    2025-12-28T16:25:28.009+09:00 TRACE 28452 --- [iam-core] [    Test worker] org.hibernate.orm.jdbc.bind              : binding parameter (5:VARCHAR) <- [null]
    2025-12-28T16:25:28.009+09:00 TRACE 28452 --- [iam-core] [    Test worker] org.hibernate.orm.jdbc.bind              : binding parameter (6:BIGINT) <- [null]
    2025-12-28T16:25:28.009+09:00 TRACE 28452 --- [iam-core] [    Test worker] org.hibernate.orm.jdbc.bind              : binding parameter (7:VARCHAR) <- [null]
    2025-12-28T16:25:28.009+09:00 TRACE 28452 --- [iam-core] [    Test worker] org.hibernate.orm.jdbc.bind              : binding parameter (8:VARCHAR) <- [{
      "userId": "793016755209142518",
      "syncType": "UPDATE_SIMPLE",
      "targetSystem": "HubSpot",
      "snapshot": {
        "layer": "TARGET",
        "data": { "account": "hong.g", "status": "active" }
      },
      "mappings": [
        { "fromLabel": "IAM", "toLabel": "HubSpot", "fromField": "userName", "toField": "account", "value": "hong.g" }
      ]
    }
    ]
    2025-12-28T16:25:28.009+09:00 TRACE 28452 --- [iam-core] [    Test worker] org.hibernate.orm.jdbc.bind              : binding parameter (9:VARCHAR) <- [Provisioned to HubSpot]
    2025-12-28T16:25:28.009+09:00 TRACE 28452 --- [iam-core] [    Test worker] org.hibernate.orm.jdbc.bind              : binding parameter (10:INTEGER) <- [0]
    2025-12-28T16:25:28.009+09:00 TRACE 28452 --- [iam-core] [    Test worker] org.hibernate.orm.jdbc.bind              : binding parameter (11:VARCHAR) <- [null]
    2025-12-28T16:25:28.009+09:00 TRACE 28452 --- [iam-core] [    Test worker] org.hibernate.orm.jdbc.bind              : binding parameter (12:VARCHAR) <- [SUCCESS]
    2025-12-28T16:25:28.009+09:00 TRACE 28452 --- [iam-core] [    Test worker] org.hibernate.orm.jdbc.bind              : binding parameter (13:VARCHAR) <- [null]
    2025-12-28T16:25:28.009+09:00 TRACE 28452 --- [iam-core] [    Test worker] org.hibernate.orm.jdbc.bind              : binding parameter (14:VARCHAR) <- [jane.doe]
    2025-12-28T16:25:28.009+09:00 TRACE 28452 --- [iam-core] [    Test worker] org.hibernate.orm.jdbc.bind              : binding parameter (15:VARCHAR) <- [T-793016755222960347]
    2025-12-28T16:25:28.009+09:00 TRACE 28452 --- [iam-core] [    Test worker] org.hibernate.orm.jdbc.bind              : binding parameter (16:VARCHAR) <- [AD_PROVISION]
    2025-12-28T16:25:28.009+09:00 TRACE 28452 --- [iam-core] [    Test worker] org.hibernate.orm.jdbc.bind              : binding parameter (17:BIGINT) <- [793016755225919661]
    2025-12-28T16:25:28.009+09:00 DEBUG 28452 --- [iam-core] [    Test worker] org.hibernate.SQL                        : 
        insert 
        into
            sync_history
            (completed_at, created_at, duration_ms, expires_at, message, parent_history_id, payload, request_payload, response_payload, retry_count, source_system, status, target_system, target_user, trace_id, type, history_id) 
        values
            (?, ?, ?, ?, ?, ?, ?, ?, ?, ?, ?, ?, ?, ?, ?, ?, ?)
    Hibernate: 
        insert 
        into
            sync_history
            (completed_at, created_at, duration_ms, expires_at, message, parent_history_id, payload, request_payload, response_payload, retry_count, source_system, status, target_system, target_user, trace_id, type, history_id) 
        values
            (?, ?, ?, ?, ?, ?, ?, ?, ?, ?, ?, ?, ?, ?, ?, ?, ?)
    2025-12-28T16:25:28.009+09:00 TRACE 28452 --- [iam-core] [    Test worker] org.hibernate.orm.jdbc.bind              : binding parameter (1:TIMESTAMP) <- [null]
    2025-12-28T16:25:28.009+09:00 TRACE 28452 --- [iam-core] [    Test worker] org.hibernate.orm.jdbc.bind              : binding parameter (2:TIMESTAMP) <- [2025-12-28T16:25:28.009621]
    2025-12-28T16:25:28.009+09:00 TRACE 28452 --- [iam-core] [    Test worker] org.hibernate.orm.jdbc.bind              : binding parameter (3:BIGINT) <- [null]
    2025-12-28T16:25:28.009+09:00 TRACE 28452 --- [iam-core] [    Test worker] org.hibernate.orm.jdbc.bind              : binding parameter (4:TIMESTAMP) <- [null]
    2025-12-28T16:25:28.009+09:00 TRACE 28452 --- [iam-core] [    Test worker] org.hibernate.orm.jdbc.bind              : binding parameter (5:VARCHAR) <- [null]
    2025-12-28T16:25:28.009+09:00 TRACE 28452 --- [iam-core] [    Test worker] org.hibernate.orm.jdbc.bind              : binding parameter (6:BIGINT) <- [null]
    2025-12-28T16:25:28.009+09:00 TRACE 28452 --- [iam-core] [    Test worker] org.hibernate.orm.jdbc.bind              : binding parameter (7:VARCHAR) <- [null]
    2025-12-28T16:25:28.009+09:00 TRACE 28452 --- [iam-core] [    Test worker] org.hibernate.orm.jdbc.bind              : binding parameter (8:VARCHAR) <- [{
      "userId": "793016755209142518",
      "syncType": "UPDATE_SIMPLE",
      "targetSystem": "Dropbox",
      "snapshot": {
        "layer": "TARGET",
        "data": { "account": "hong.g", "status": "active" }
      },
      "mappings": [
        { "fromLabel": "IAM", "toLabel": "Dropbox", "fromField": "userName", "toField": "account", "value": "hong.g" }
      ]
    }
    ]
    2025-12-28T16:25:28.009+09:00 TRACE 28452 --- [iam-core] [    Test worker] org.hibernate.orm.jdbc.bind              : binding parameter (9:VARCHAR) <- [Provisioned to Dropbox]
    2025-12-28T16:25:28.009+09:00 TRACE 28452 --- [iam-core] [    Test worker] org.hibernate.orm.jdbc.bind              : binding parameter (10:INTEGER) <- [0]
    2025-12-28T16:25:28.009+09:00 TRACE 28452 --- [iam-core] [    Test worker] org.hibernate.orm.jdbc.bind              : binding parameter (11:VARCHAR) <- [null]
    2025-12-28T16:25:28.009+09:00 TRACE 28452 --- [iam-core] [    Test worker] org.hibernate.orm.jdbc.bind              : binding parameter (12:VARCHAR) <- [SUCCESS]
    2025-12-28T16:25:28.009+09:00 TRACE 28452 --- [iam-core] [    Test worker] org.hibernate.orm.jdbc.bind              : binding parameter (13:VARCHAR) <- [null]
    2025-12-28T16:25:28.009+09:00 TRACE 28452 --- [iam-core] [    Test worker] org.hibernate.orm.jdbc.bind              : binding parameter (14:VARCHAR) <- [jane.doe]
    2025-12-28T16:25:28.009+09:00 TRACE 28452 --- [iam-core] [    Test worker] org.hibernate.orm.jdbc.bind              : binding parameter (15:VARCHAR) <- [T-793016755222960347]
    2025-12-28T16:25:28.009+09:00 TRACE 28452 --- [iam-core] [    Test worker] org.hibernate.orm.jdbc.bind              : binding parameter (16:VARCHAR) <- [AD_PROVISION]
    2025-12-28T16:25:28.009+09:00 TRACE 28452 --- [iam-core] [    Test worker] org.hibernate.orm.jdbc.bind              : binding parameter (17:BIGINT) <- [793016755225919662]
    2025-12-28T16:25:28.009+09:00 DEBUG 28452 --- [iam-core] [    Test worker] org.hibernate.SQL                        : 
        insert 
        into
            sync_history
            (completed_at, created_at, duration_ms, expires_at, message, parent_history_id, payload, request_payload, response_payload, retry_count, source_system, status, target_system, target_user, trace_id, type, history_id) 
        values
            (?, ?, ?, ?, ?, ?, ?, ?, ?, ?, ?, ?, ?, ?, ?, ?, ?)
    Hibernate: 
        insert 
        into
            sync_history
            (completed_at, created_at, duration_ms, expires_at, message, parent_history_id, payload, request_payload, response_payload, retry_count, source_system, status, target_system, target_user, trace_id, type, history_id) 
        values
            (?, ?, ?, ?, ?, ?, ?, ?, ?, ?, ?, ?, ?, ?, ?, ?, ?)
    2025-12-28T16:25:28.009+09:00 TRACE 28452 --- [iam-core] [    Test worker] org.hibernate.orm.jdbc.bind              : binding parameter (1:TIMESTAMP) <- [null]
    2025-12-28T16:25:28.011+09:00 TRACE 28452 --- [iam-core] [    Test worker] org.hibernate.orm.jdbc.bind              : binding parameter (2:TIMESTAMP) <- [2025-12-28T16:25:28.009621]
    2025-12-28T16:25:28.011+09:00 TRACE 28452 --- [iam-core] [    Test worker] org.hibernate.orm.jdbc.bind              : binding parameter (3:BIGINT) <- [null]
    2025-12-28T16:25:28.011+09:00 TRACE 28452 --- [iam-core] [    Test worker] org.hibernate.orm.jdbc.bind              : binding parameter (4:TIMESTAMP) <- [null]
    2025-12-28T16:25:28.011+09:00 TRACE 28452 --- [iam-core] [    Test worker] org.hibernate.orm.jdbc.bind              : binding parameter (5:VARCHAR) <- [null]
    2025-12-28T16:25:28.011+09:00 TRACE 28452 --- [iam-core] [    Test worker] org.hibernate.orm.jdbc.bind              : binding parameter (6:BIGINT) <- [null]
    2025-12-28T16:25:28.011+09:00 TRACE 28452 --- [iam-core] [    Test worker] org.hibernate.orm.jdbc.bind              : binding parameter (7:VARCHAR) <- [null]
    2025-12-28T16:25:28.011+09:00 TRACE 28452 --- [iam-core] [    Test worker] org.hibernate.orm.jdbc.bind              : binding parameter (8:VARCHAR) <- [{
      "userId": "793016755209142518",
      "syncType": "UPDATE_SIMPLE",
      "targetSystem": "Bitbucket",
      "snapshot": {
        "layer": "TARGET",
        "data": { "account": "hong.g", "status": "active" }
      },
      "mappings": [
        { "fromLabel": "IAM", "toLabel": "Bitbucket", "fromField": "userName", "toField": "account", "value": "hong.g" }
      ]
    }
    ]
    2025-12-28T16:25:28.011+09:00 TRACE 28452 --- [iam-core] [    Test worker] org.hibernate.orm.jdbc.bind              : binding parameter (9:VARCHAR) <- [Provisioned to Bitbucket]
    2025-12-28T16:25:28.011+09:00 TRACE 28452 --- [iam-core] [    Test worker] org.hibernate.orm.jdbc.bind              : binding parameter (10:INTEGER) <- [0]
    2025-12-28T16:25:28.011+09:00 TRACE 28452 --- [iam-core] [    Test worker] org.hibernate.orm.jdbc.bind              : binding parameter (11:VARCHAR) <- [null]
    2025-12-28T16:25:28.011+09:00 TRACE 28452 --- [iam-core] [    Test worker] org.hibernate.orm.jdbc.bind              : binding parameter (12:VARCHAR) <- [SUCCESS]
    2025-12-28T16:25:28.011+09:00 TRACE 28452 --- [iam-core] [    Test worker] org.hibernate.orm.jdbc.bind              : binding parameter (13:VARCHAR) <- [null]
    2025-12-28T16:25:28.011+09:00 TRACE 28452 --- [iam-core] [    Test worker] org.hibernate.orm.jdbc.bind              : binding parameter (14:VARCHAR) <- [jane.doe]
    2025-12-28T16:25:28.011+09:00 TRACE 28452 --- [iam-core] [    Test worker] org.hibernate.orm.jdbc.bind              : binding parameter (15:VARCHAR) <- [T-793016755222960347]
    2025-12-28T16:25:28.011+09:00 TRACE 28452 --- [iam-core] [    Test worker] org.hibernate.orm.jdbc.bind              : binding parameter (16:VARCHAR) <- [AD_PROVISION]
    2025-12-28T16:25:28.011+09:00 TRACE 28452 --- [iam-core] [    Test worker] org.hibernate.orm.jdbc.bind              : binding parameter (17:BIGINT) <- [793016755225919663]
    2025-12-28T16:25:28.011+09:00 DEBUG 28452 --- [iam-core] [    Test worker] org.hibernate.SQL                        : 
        insert 
        into
            sync_history
            (completed_at, created_at, duration_ms, expires_at, message, parent_history_id, payload, request_payload, response_payload, retry_count, source_system, status, target_system, target_user, trace_id, type, history_id) 
        values
            (?, ?, ?, ?, ?, ?, ?, ?, ?, ?, ?, ?, ?, ?, ?, ?, ?)
    Hibernate: 
        insert 
        into
            sync_history
            (completed_at, created_at, duration_ms, expires_at, message, parent_history_id, payload, request_payload, response_payload, retry_count, source_system, status, target_system, target_user, trace_id, type, history_id) 
        values
            (?, ?, ?, ?, ?, ?, ?, ?, ?, ?, ?, ?, ?, ?, ?, ?, ?)
    2025-12-28T16:25:28.011+09:00 TRACE 28452 --- [iam-core] [    Test worker] org.hibernate.orm.jdbc.bind              : binding parameter (1:TIMESTAMP) <- [null]
    2025-12-28T16:25:28.011+09:00 TRACE 28452 --- [iam-core] [    Test worker] org.hibernate.orm.jdbc.bind              : binding parameter (2:TIMESTAMP) <- [2025-12-28T16:25:28.011013]
    2025-12-28T16:25:28.011+09:00 TRACE 28452 --- [iam-core] [    Test worker] org.hibernate.orm.jdbc.bind              : binding parameter (3:BIGINT) <- [null]
    2025-12-28T16:25:28.011+09:00 TRACE 28452 --- [iam-core] [    Test worker] org.hibernate.orm.jdbc.bind              : binding parameter (4:TIMESTAMP) <- [null]
    2025-12-28T16:25:28.011+09:00 TRACE 28452 --- [iam-core] [    Test worker] org.hibernate.orm.jdbc.bind              : binding parameter (5:VARCHAR) <- [null]
    2025-12-28T16:25:28.011+09:00 TRACE 28452 --- [iam-core] [    Test worker] org.hibernate.orm.jdbc.bind              : binding parameter (6:BIGINT) <- [null]
    2025-12-28T16:25:28.011+09:00 TRACE 28452 --- [iam-core] [    Test worker] org.hibernate.orm.jdbc.bind              : binding parameter (7:VARCHAR) <- [null]
    2025-12-28T16:25:28.011+09:00 TRACE 28452 --- [iam-core] [    Test worker] org.hibernate.orm.jdbc.bind              : binding parameter (8:VARCHAR) <- [{
      "userId": "793016755209142518",
      "syncType": "UPDATE_SIMPLE",
      "targetSystem": "PagerDuty",
      "snapshot": {
        "layer": "TARGET",
        "data": { "account": "hong.g", "status": "active" }
      },
      "mappings": [
        { "fromLabel": "IAM", "toLabel": "PagerDuty", "fromField": "userName", "toField": "account", "value": "hong.g" }
      ]
    }
    ]
    2025-12-28T16:25:28.011+09:00 TRACE 28452 --- [iam-core] [    Test worker] org.hibernate.orm.jdbc.bind              : binding parameter (9:VARCHAR) <- [Provisioned to PagerDuty]
    2025-12-28T16:25:28.011+09:00 TRACE 28452 --- [iam-core] [    Test worker] org.hibernate.orm.jdbc.bind              : binding parameter (10:INTEGER) <- [0]
    2025-12-28T16:25:28.011+09:00 TRACE 28452 --- [iam-core] [    Test worker] org.hibernate.orm.jdbc.bind              : binding parameter (11:VARCHAR) <- [null]
    2025-12-28T16:25:28.011+09:00 TRACE 28452 --- [iam-core] [    Test worker] org.hibernate.orm.jdbc.bind              : binding parameter (12:VARCHAR) <- [SUCCESS]
    2025-12-28T16:25:28.011+09:00 TRACE 28452 --- [iam-core] [    Test worker] org.hibernate.orm.jdbc.bind              : binding parameter (13:VARCHAR) <- [null]
    2025-12-28T16:25:28.011+09:00 TRACE 28452 --- [iam-core] [    Test worker] org.hibernate.orm.jdbc.bind              : binding parameter (14:VARCHAR) <- [jane.doe]
    2025-12-28T16:25:28.011+09:00 TRACE 28452 --- [iam-core] [    Test worker] org.hibernate.orm.jdbc.bind              : binding parameter (15:VARCHAR) <- [T-793016755222960347]
    2025-12-28T16:25:28.011+09:00 TRACE 28452 --- [iam-core] [    Test worker] org.hibernate.orm.jdbc.bind              : binding parameter (16:VARCHAR) <- [AD_PROVISION]
    2025-12-28T16:25:28.011+09:00 TRACE 28452 --- [iam-core] [    Test worker] org.hibernate.orm.jdbc.bind              : binding parameter (17:BIGINT) <- [793016755225919664]
    2025-12-28T16:25:28.018+09:00 DEBUG 28452 --- [iam-core] [    Test worker] org.hibernate.SQL                        : 
        update
            iam_user_extension 
        set
            extensions=cast(? as jsonb) 
        where
            user_id=?
    Hibernate: 
        update
            iam_user_extension 
        set
            extensions=cast(? as jsonb) 
        where
            user_id=?
    2025-12-28T16:25:28.020+09:00 TRACE 28452 --- [iam-core] [    Test worker] org.hibernate.orm.jdbc.bind              : binding parameter (1:JSON) <- [{urn:ietf:params:scim:schemas:extension:enterprise:2.0:User=com.iam.core.domain.user.EnterpriseUserExtension@3f30c9cf}]
    2025-12-28T16:25:28.020+09:00 TRACE 28452 --- [iam-core] [    Test worker] org.hibernate.orm.jdbc.bind              : binding parameter (2:BIGINT) <- [793016755070730299]
    2025-12-28T16:25:28.023+09:00 DEBUG 28452 --- [iam-core] [    Test worker] org.hibernate.SQL                        : 
        update
            iam_user_extension 
        set
            extensions=cast(? as jsonb) 
        where
            user_id=?
    Hibernate: 
        update
            iam_user_extension 
        set
            extensions=cast(? as jsonb) 
        where
            user_id=?
    2025-12-28T16:25:28.023+09:00 TRACE 28452 --- [iam-core] [    Test worker] org.hibernate.orm.jdbc.bind              : binding parameter (1:JSON) <- [{urn:ietf:params:scim:schemas:extension:enterprise:2.0:User=com.iam.core.domain.user.EnterpriseUserExtension@3c3b7825}]
    2025-12-28T16:25:28.023+09:00 TRACE 28452 --- [iam-core] [    Test worker] org.hibernate.orm.jdbc.bind              : binding parameter (2:BIGINT) <- [793016755209142518]
    2025-12-28T16:25:28.024+09:00 DEBUG 28452 --- [iam-core] [    Test worker] org.hibernate.SQL                        : 
        update
            iam_user_extension 
        set
            extensions=cast(? as jsonb) 
        where
            user_id=?
    Hibernate: 
        update
            iam_user_extension 
        set
            extensions=cast(? as jsonb) 
        where
            user_id=?
    2025-12-28T16:25:28.024+09:00 TRACE 28452 --- [iam-core] [    Test worker] org.hibernate.orm.jdbc.bind              : binding parameter (1:JSON) <- [{urn:ietf:params:scim:schemas:extension:enterprise:2.0:User=com.iam.core.domain.user.EnterpriseUserExtension@7054b8a1}]
    2025-12-28T16:25:28.024+09:00 TRACE 28452 --- [iam-core] [    Test worker] org.hibernate.orm.jdbc.bind              : binding parameter (2:BIGINT) <- [793016755209142519]
    2025-12-28T16:25:28.024+09:00 DEBUG 28452 --- [iam-core] [    Test worker] org.hibernate.SQL                        : 
        update
            iam_user_extension 
        set
            extensions=cast(? as jsonb) 
        where
            user_id=?
    Hibernate: 
        update
            iam_user_extension 
        set
            extensions=cast(? as jsonb) 
        where
            user_id=?
    2025-12-28T16:25:28.024+09:00 TRACE 28452 --- [iam-core] [    Test worker] org.hibernate.orm.jdbc.bind              : binding parameter (1:JSON) <- [{urn:ietf:params:scim:schemas:extension:enterprise:2.0:User=com.iam.core.domain.user.EnterpriseUserExtension@73c842dc}]
    2025-12-28T16:25:28.024+09:00 TRACE 28452 --- [iam-core] [    Test worker] org.hibernate.orm.jdbc.bind              : binding parameter (2:BIGINT) <- [793016755209142520]
    2025-12-28T16:25:28.030+09:00 DEBUG 28452 --- [iam-core] [    Test worker] org.hibernate.SQL                        : 
        insert 
        into
            iam_user_schema
            (user_id, schema_uri) 
        values
            (?, ?)
    Hibernate: 
        insert 
        into
            iam_user_schema
            (user_id, schema_uri) 
        values
            (?, ?)
    2025-12-28T16:25:28.030+09:00 TRACE 28452 --- [iam-core] [    Test worker] org.hibernate.orm.jdbc.bind              : binding parameter (1:BIGINT) <- [793016755070730299]
    2025-12-28T16:25:28.030+09:00 TRACE 28452 --- [iam-core] [    Test worker] org.hibernate.orm.jdbc.bind              : binding parameter (2:VARCHAR) <- [urn:ietf:params:scim:schemas:core:2.0:User]
    2025-12-28T16:25:28.030+09:00 DEBUG 28452 --- [iam-core] [    Test worker] org.hibernate.SQL                        : 
        insert 
        into
            iam_user_schema
            (user_id, schema_uri) 
        values
            (?, ?)
    Hibernate: 
        insert 
        into
            iam_user_schema
            (user_id, schema_uri) 
        values
            (?, ?)
    2025-12-28T16:25:28.030+09:00 TRACE 28452 --- [iam-core] [    Test worker] org.hibernate.orm.jdbc.bind              : binding parameter (1:BIGINT) <- [793016755070730299]
    2025-12-28T16:25:28.030+09:00 TRACE 28452 --- [iam-core] [    Test worker] org.hibernate.orm.jdbc.bind              : binding parameter (2:VARCHAR) <- [urn:ietf:params:scim:schemas:extension:enterprise:2.0:User]
    2025-12-28T16:25:28.031+09:00 DEBUG 28452 --- [iam-core] [    Test worker] org.hibernate.SQL                        : 
        insert 
        into
            iam_user_schema
            (user_id, schema_uri) 
        values
            (?, ?)
    Hibernate: 
        insert 
        into
            iam_user_schema
            (user_id, schema_uri) 
        values
            (?, ?)
    2025-12-28T16:25:28.031+09:00 TRACE 28452 --- [iam-core] [    Test worker] org.hibernate.orm.jdbc.bind              : binding parameter (1:BIGINT) <- [793016755209142518]
    2025-12-28T16:25:28.031+09:00 TRACE 28452 --- [iam-core] [    Test worker] org.hibernate.orm.jdbc.bind              : binding parameter (2:VARCHAR) <- [urn:ietf:params:scim:schemas:core:2.0:User]
    2025-12-28T16:25:28.031+09:00 DEBUG 28452 --- [iam-core] [    Test worker] org.hibernate.SQL                        : 
        insert 
        into
            iam_user_schema
            (user_id, schema_uri) 
        values
            (?, ?)
    Hibernate: 
        insert 
        into
            iam_user_schema
            (user_id, schema_uri) 
        values
            (?, ?)
    2025-12-28T16:25:28.031+09:00 TRACE 28452 --- [iam-core] [    Test worker] org.hibernate.orm.jdbc.bind              : binding parameter (1:BIGINT) <- [793016755209142518]
    2025-12-28T16:25:28.031+09:00 TRACE 28452 --- [iam-core] [    Test worker] org.hibernate.orm.jdbc.bind              : binding parameter (2:VARCHAR) <- [urn:ietf:params:scim:schemas:extension:enterprise:2.0:User]
    2025-12-28T16:25:28.032+09:00 DEBUG 28452 --- [iam-core] [    Test worker] org.hibernate.SQL                        : 
        insert 
        into
            iam_user_schema
            (user_id, schema_uri) 
        values
            (?, ?)
    Hibernate: 
        insert 
        into
            iam_user_schema
            (user_id, schema_uri) 
        values
            (?, ?)
    2025-12-28T16:25:28.032+09:00 TRACE 28452 --- [iam-core] [    Test worker] org.hibernate.orm.jdbc.bind              : binding parameter (1:BIGINT) <- [793016755209142519]
    2025-12-28T16:25:28.032+09:00 TRACE 28452 --- [iam-core] [    Test worker] org.hibernate.orm.jdbc.bind              : binding parameter (2:VARCHAR) <- [urn:ietf:params:scim:schemas:core:2.0:User]
    2025-12-28T16:25:28.032+09:00 DEBUG 28452 --- [iam-core] [    Test worker] org.hibernate.SQL                        : 
        insert 
        into
            iam_user_schema
            (user_id, schema_uri) 
        values
            (?, ?)
    Hibernate: 
        insert 
        into
            iam_user_schema
            (user_id, schema_uri) 
        values
            (?, ?)
    2025-12-28T16:25:28.032+09:00 TRACE 28452 --- [iam-core] [    Test worker] org.hibernate.orm.jdbc.bind              : binding parameter (1:BIGINT) <- [793016755209142519]
    2025-12-28T16:25:28.032+09:00 TRACE 28452 --- [iam-core] [    Test worker] org.hibernate.orm.jdbc.bind              : binding parameter (2:VARCHAR) <- [urn:ietf:params:scim:schemas:extension:enterprise:2.0:User]
    2025-12-28T16:25:28.032+09:00 DEBUG 28452 --- [iam-core] [    Test worker] org.hibernate.SQL                        : 
        insert 
        into
            iam_user_schema
            (user_id, schema_uri) 
        values
            (?, ?)
    Hibernate: 
        insert 
        into
            iam_user_schema
            (user_id, schema_uri) 
        values
            (?, ?)
    2025-12-28T16:25:28.032+09:00 TRACE 28452 --- [iam-core] [    Test worker] org.hibernate.orm.jdbc.bind              : binding parameter (1:BIGINT) <- [793016755209142520]
    2025-12-28T16:25:28.032+09:00 TRACE 28452 --- [iam-core] [    Test worker] org.hibernate.orm.jdbc.bind              : binding parameter (2:VARCHAR) <- [urn:ietf:params:scim:schemas:core:2.0:User]
    2025-12-28T16:25:28.032+09:00 DEBUG 28452 --- [iam-core] [    Test worker] org.hibernate.SQL                        : 
        insert 
        into
            iam_user_schema
            (user_id, schema_uri) 
        values
            (?, ?)
    Hibernate: 
        insert 
        into
            iam_user_schema
            (user_id, schema_uri) 
        values
            (?, ?)
    2025-12-28T16:25:28.032+09:00 TRACE 28452 --- [iam-core] [    Test worker] org.hibernate.orm.jdbc.bind              : binding parameter (1:BIGINT) <- [793016755209142520]
    2025-12-28T16:25:28.032+09:00 TRACE 28452 --- [iam-core] [    Test worker] org.hibernate.orm.jdbc.bind              : binding parameter (2:VARCHAR) <- [urn:ietf:params:scim:schemas:extension:enterprise:2.0:User]

UserSyncServiceTest > HR ?좉퇋 ?ъ슜???숆린????DB???뺤긽 ??λ릺怨?而щ읆怨?JSONB媛 遺꾨━?섏뼱???쒕떎 STANDARD_OUT
    2025-12-28T16:25:28.061+09:00  INFO 28452 --- [iam-core] [    Test worker] c.i.c.a.service.UserSyncService          : Processing sync for system: SAP_HR, traceId: trace-123
    2025-12-28T16:25:28.061+09:00  INFO 28452 --- [iam-core] [    Test worker] c.i.c.a.service.TransformationService    : Starting transformation for system: SAP_HR
    2025-12-28T16:25:28.081+09:00 DEBUG 28452 --- [iam-core] [    Test worker] org.hibernate.SQL                        : 
        select
            tm1_0.map_id,
            tm1_0.created_at,
            tm1_0.exec_order,
            tm1_0.is_mandatory,
            tm1_0.rule_id,
            tm1_0.system_id 
        from
            iam_trans_mapping tm1_0 
        where
            tm1_0.system_id=? 
        order by
            tm1_0.exec_order
    Hibernate: 
        select
            tm1_0.map_id,
            tm1_0.created_at,
            tm1_0.exec_order,
            tm1_0.is_mandatory,
            tm1_0.rule_id,
            tm1_0.system_id 
        from
            iam_trans_mapping tm1_0 
        where
            tm1_0.system_id=? 
        order by
            tm1_0.exec_order
    2025-12-28T16:25:28.082+09:00 TRACE 28452 --- [iam-core] [    Test worker] org.hibernate.orm.jdbc.bind              : binding parameter (1:VARCHAR) <- [SAP_HR]
    2025-12-28T16:25:28.085+09:00  INFO 28452 --- [iam-core] [    Test worker] c.i.c.a.service.TransformationService    : Found 1 rule mappings for system: SAP_HR (Raw Keys: [familyName, givenName, formattedName, externalId, active, userName, title, urn:ietf:params:scim:schemas:extension:enterprise:2.0:User])
    2025-12-28T16:25:28.086+09:00 DEBUG 28452 --- [iam-core] [    Test worker] org.hibernate.SQL                        : 
        select
            trv1_0.ver_id,
            trv1_0.change_log,
            trv1_0.created_at,
            trv1_0.created_by,
            trv1_0.is_current,
            trv1_0.rule_id,
            trv1_0.script_content,
            trv1_0.script_hash,
            trv1_0.version_no 
        from
            iam_trans_rule_version trv1_0 
        where
            trv1_0.rule_id=? 
            and trv1_0.is_current
    Hibernate: 
        select
            trv1_0.ver_id,
            trv1_0.change_log,
            trv1_0.created_at,
            trv1_0.created_by,
            trv1_0.is_current,
            trv1_0.rule_id,
            trv1_0.script_content,
            trv1_0.script_hash,
            trv1_0.version_no 
        from
            iam_trans_rule_version trv1_0 
        where
            trv1_0.rule_id=? 
            and trv1_0.is_current
    2025-12-28T16:25:28.086+09:00 TRACE 28452 --- [iam-core] [    Test worker] org.hibernate.orm.jdbc.bind              : binding parameter (1:VARCHAR) <- [SAP_CORE_TRANS]
    2025-12-28T16:25:28.088+09:00 DEBUG 28452 --- [iam-core] [    Test worker] c.i.c.a.service.TransformationService    : Executing rule: SAP_CORE_TRANS (order: 1)
    2025-12-28T16:25:28.088+09:00  INFO 28452 --- [iam-core] [    Test worker] c.i.c.a.service.RuleScriptEngine         : Compiling new script with hash: init-hash
    2025-12-28T16:25:28.536+09:00 DEBUG 28452 --- [iam-core] [    Test worker] c.i.c.a.service.TransformationService    : Rule result: {userName=hong.g@iam.com, familyName=Hong, givenName=Gildong, title=Senior Engineer, active=BooleanData[value=true], employeeNumber=StringData[value=H001], department=null}
    2025-12-28T16:25:28.537+09:00 DEBUG 28452 --- [iam-core] [    Test worker] c.i.c.a.s.IdentityCorrelationService     : Correlating identity: systemId=SAP_HR, externalId=H001
    2025-12-28T16:25:28.539+09:00 DEBUG 28452 --- [iam-core] [    Test worker] org.hibernate.SQL                        : 
        select
            il1_0.id,
            il1_0.is_active,
            il1_0.external_id,
            il1_0.iam_user_id,
            il1_0.system_type 
        from
            identity_link il1_0 
        where
            il1_0.system_type=? 
            and il1_0.external_id=?
    Hibernate: 
        select
            il1_0.id,
            il1_0.is_active,
            il1_0.external_id,
            il1_0.iam_user_id,
            il1_0.system_type 
        from
            identity_link il1_0 
        where
            il1_0.system_type=? 
            and il1_0.external_id=?
    2025-12-28T16:25:28.540+09:00 TRACE 28452 --- [iam-core] [    Test worker] org.hibernate.orm.jdbc.bind              : binding parameter (1:VARCHAR) <- [SAP_HR]
    2025-12-28T16:25:28.540+09:00 TRACE 28452 --- [iam-core] [    Test worker] org.hibernate.orm.jdbc.bind              : binding parameter (2:VARCHAR) <- [H001]
    2025-12-28T16:25:28.540+09:00 DEBUG 28452 --- [iam-core] [    Test worker] c.i.c.a.s.IdentityCorrelationService     : No IdentityLink found. Checking IamUser directly by externalId: H001
    2025-12-28T16:25:28.541+09:00 DEBUG 28452 --- [iam-core] [    Test worker] org.hibernate.SQL                        : 
        select
            iu1_0.user_id,
            iu1_0.active,
            iu1_0.created,
            iu1_0.external_id,
            iu1_0.family_name,
            iu1_0.formatted_name,
            iu1_0.given_name,
            iu1_0.last_modified,
            iu1_0.resource_type,
            iu1_0.title,
            iu1_0.user_name 
        from
            iam_user iu1_0 
        where
            iu1_0.external_id=?
    Hibernate: 
        select
            iu1_0.user_id,
            iu1_0.active,
            iu1_0.created,
            iu1_0.external_id,
            iu1_0.family_name,
            iu1_0.formatted_name,
            iu1_0.given_name,
            iu1_0.last_modified,
            iu1_0.resource_type,
            iu1_0.title,
            iu1_0.user_name 
        from
            iam_user iu1_0 
        where
            iu1_0.external_id=?
    2025-12-28T16:25:28.541+09:00 TRACE 28452 --- [iam-core] [    Test worker] org.hibernate.orm.jdbc.bind              : binding parameter (1:VARCHAR) <- [H001]
    2025-12-28T16:25:28.544+09:00  INFO 28452 --- [iam-core] [    Test worker] c.i.c.a.service.UserSyncService          : Creating new user via engine for system: SAP_HR, ID: H001
    2025-12-28T16:25:28.544+09:00  INFO 28452 --- [iam-core] [    Test worker] c.i.c.a.service.IamUserUpdateService     : Creating new IamUser for externalId: H001
    2025-12-28T16:25:28.544+09:00 DEBUG 28452 --- [iam-core] [    Test worker] c.i.c.a.service.IamUserUpdateService     : Updating IamUser: id=null, attributes=[familyName, givenName, formattedName, externalId, active, userName, title, department, urn:ietf:params:scim:schemas:extension:enterprise:2.0:User, employeeNumber]
    2025-12-28T16:25:28.556+09:00  INFO 28452 --- [iam-core] [    Test worker] c.i.c.a.service.UserSyncService          : Published provisioning command for user: 793016757578924244
    2025-12-28T16:25:28.558+09:00 DEBUG 28452 --- [iam-core] [    Test worker] org.hibernate.SQL                        : 
        insert 
        into
            iam_user
            (active, created, external_id, family_name, formatted_name, given_name, last_modified, resource_type, title, user_name, user_id) 
        values
            (?, ?, ?, ?, ?, ?, ?, ?, ?, ?, ?)
    Hibernate: 
        insert 
        into
            iam_user
            (active, created, external_id, family_name, formatted_name, given_name, last_modified, resource_type, title, user_name, user_id) 
        values
            (?, ?, ?, ?, ?, ?, ?, ?, ?, ?, ?)
    2025-12-28T16:25:28.559+09:00 TRACE 28452 --- [iam-core] [    Test worker] org.hibernate.orm.jdbc.bind              : binding parameter (1:BOOLEAN) <- [true]
    2025-12-28T16:25:28.559+09:00 TRACE 28452 --- [iam-core] [    Test worker] org.hibernate.orm.jdbc.bind              : binding parameter (2:TIMESTAMP) <- [2025-12-28T16:25:28.544509700]
    2025-12-28T16:25:28.559+09:00 TRACE 28452 --- [iam-core] [    Test worker] org.hibernate.orm.jdbc.bind              : binding parameter (3:VARCHAR) <- [H001]
    2025-12-28T16:25:28.559+09:00 TRACE 28452 --- [iam-core] [    Test worker] org.hibernate.orm.jdbc.bind              : binding parameter (4:VARCHAR) <- [Hong]
    2025-12-28T16:25:28.559+09:00 TRACE 28452 --- [iam-core] [    Test worker] org.hibernate.orm.jdbc.bind              : binding parameter (5:VARCHAR) <- [Hong Gildong]
    2025-12-28T16:25:28.559+09:00 TRACE 28452 --- [iam-core] [    Test worker] org.hibernate.orm.jdbc.bind              : binding parameter (6:VARCHAR) <- [Gildong]
    2025-12-28T16:25:28.559+09:00 TRACE 28452 --- [iam-core] [    Test worker] org.hibernate.orm.jdbc.bind              : binding parameter (7:TIMESTAMP) <- [2025-12-28T16:25:28.544509700]
    2025-12-28T16:25:28.559+09:00 TRACE 28452 --- [iam-core] [    Test worker] org.hibernate.orm.jdbc.bind              : binding parameter (8:VARCHAR) <- [User]
    2025-12-28T16:25:28.559+09:00 TRACE 28452 --- [iam-core] [    Test worker] org.hibernate.orm.jdbc.bind              : binding parameter (9:VARCHAR) <- [Senior Engineer]
    2025-12-28T16:25:28.559+09:00 TRACE 28452 --- [iam-core] [    Test worker] org.hibernate.orm.jdbc.bind              : binding parameter (10:VARCHAR) <- [hong.g@iam.com]
    2025-12-28T16:25:28.559+09:00 TRACE 28452 --- [iam-core] [    Test worker] org.hibernate.orm.jdbc.bind              : binding parameter (11:BIGINT) <- [793016757578924244]
    2025-12-28T16:25:28.560+09:00 DEBUG 28452 --- [iam-core] [    Test worker] org.hibernate.SQL                        : 
        insert 
        into
            iam_user_extension
            (extensions, user_id) 
        values
            (cast(? as jsonb), ?)
    Hibernate: 
        insert 
        into
            iam_user_extension
            (extensions, user_id) 
        values
            (cast(? as jsonb), ?)
    2025-12-28T16:25:28.560+09:00 TRACE 28452 --- [iam-core] [    Test worker] org.hibernate.orm.jdbc.bind              : binding parameter (1:JSON) <- [{GenericExtension=com.iam.core.domain.common.GenericExtension@67ee26af, urn:ietf:params:scim:schemas:extension:enterprise:2.0:User=com.iam.core.domain.user.EnterpriseUserExtension@6d5fc2ca}]
    2025-12-28T16:25:28.560+09:00 TRACE 28452 --- [iam-core] [    Test worker] org.hibernate.orm.jdbc.bind              : binding parameter (2:BIGINT) <- [793016757578924244]
    2025-12-28T16:25:28.560+09:00 DEBUG 28452 --- [iam-core] [    Test worker] org.hibernate.SQL                        : 
        insert 
        into
            identity_link
            (is_active, external_id, iam_user_id, system_type, id) 
        values
            (?, ?, ?, ?, ?)
    Hibernate: 
        insert 
        into
            identity_link
            (is_active, external_id, iam_user_id, system_type, id) 
        values
            (?, ?, ?, ?, ?)
    2025-12-28T16:25:28.561+09:00 TRACE 28452 --- [iam-core] [    Test worker] org.hibernate.orm.jdbc.bind              : binding parameter (1:BOOLEAN) <- [true]
    2025-12-28T16:25:28.561+09:00 TRACE 28452 --- [iam-core] [    Test worker] org.hibernate.orm.jdbc.bind              : binding parameter (2:VARCHAR) <- [H001]
    2025-12-28T16:25:28.561+09:00 TRACE 28452 --- [iam-core] [    Test worker] org.hibernate.orm.jdbc.bind              : binding parameter (3:BIGINT) <- [793016757578924244]
    2025-12-28T16:25:28.561+09:00 TRACE 28452 --- [iam-core] [    Test worker] org.hibernate.orm.jdbc.bind              : binding parameter (4:VARCHAR) <- [SAP_HR]
    2025-12-28T16:25:28.561+09:00 TRACE 28452 --- [iam-core] [    Test worker] org.hibernate.orm.jdbc.bind              : binding parameter (5:BIGINT) <- [793016757595701466]
    2025-12-28T16:25:28.561+09:00 DEBUG 28452 --- [iam-core] [    Test worker] org.hibernate.SQL                        : 
        update
            iam_user_extension 
        set
            extensions=cast(? as jsonb) 
        where
            user_id=?
    Hibernate: 
        update
            iam_user_extension 
        set
            extensions=cast(? as jsonb) 
        where
            user_id=?
    2025-12-28T16:25:28.561+09:00 TRACE 28452 --- [iam-core] [    Test worker] org.hibernate.orm.jdbc.bind              : binding parameter (1:JSON) <- [{GenericExtension=com.iam.core.domain.common.GenericExtension@16c30e11, urn:ietf:params:scim:schemas:extension:enterprise:2.0:User=com.iam.core.domain.user.EnterpriseUserExtension@20120154}]
    2025-12-28T16:25:28.561+09:00 TRACE 28452 --- [iam-core] [    Test worker] org.hibernate.orm.jdbc.bind              : binding parameter (2:BIGINT) <- [793016757578924244]
    2025-12-28T16:25:28.561+09:00 DEBUG 28452 --- [iam-core] [    Test worker] org.hibernate.SQL                        : 
        insert 
        into
            iam_user_schema
            (user_id, schema_uri) 
        values
            (?, ?)
    Hibernate: 
        insert 
        into
            iam_user_schema
            (user_id, schema_uri) 
        values
            (?, ?)
    2025-12-28T16:25:28.561+09:00 TRACE 28452 --- [iam-core] [    Test worker] org.hibernate.orm.jdbc.bind              : binding parameter (1:BIGINT) <- [793016757578924244]
    2025-12-28T16:25:28.561+09:00 TRACE 28452 --- [iam-core] [    Test worker] org.hibernate.orm.jdbc.bind              : binding parameter (2:VARCHAR) <- [urn:ietf:params:scim:schemas:extension:enterprise:2.0:User]
    2025-12-28T16:25:28.561+09:00 DEBUG 28452 --- [iam-core] [    Test worker] org.hibernate.SQL                        : 
        select
            il1_0.id,
            il1_0.is_active,
            il1_0.external_id,
            il1_0.iam_user_id,
            il1_0.system_type 
        from
            identity_link il1_0 
        where
            il1_0.system_type=? 
            and il1_0.external_id=?
    Hibernate: 
        select
            il1_0.id,
            il1_0.is_active,
            il1_0.external_id,
            il1_0.iam_user_id,
            il1_0.system_type 
        from
            identity_link il1_0 
        where
            il1_0.system_type=? 
            and il1_0.external_id=?
    2025-12-28T16:25:28.561+09:00 TRACE 28452 --- [iam-core] [    Test worker] org.hibernate.orm.jdbc.bind              : binding parameter (1:VARCHAR) <- [SAP_HR]
    2025-12-28T16:25:28.561+09:00 TRACE 28452 --- [iam-core] [    Test worker] org.hibernate.orm.jdbc.bind              : binding parameter (2:VARCHAR) <- [H001]

UserSyncServiceTest > HR ?좉퇋 ?ъ슜???숆린????DB???뺤긽 ??λ릺怨?而щ읆怨?JSONB媛 遺꾨━?섏뼱???쒕떎 FAILED
    org.opentest4j.AssertionFailedError: 
    expected: "Dev Team"
     but was: ""
        at app//com.iam.core.application.service.UserSyncServiceTest.processHrSync_NewUser_ShouldSaveHybrid(UserSyncServiceTest.java:78)

UserSyncServiceTest > 湲곗〈 ?ъ슜???뺣낫 蹂寃???Core 而щ읆怨?Extension JSONB媛 紐⑤몢 ?낅뜲?댄듃 ?섏뼱???쒕떎 STANDARD_OUT
    2025-12-28T16:25:28.610+09:00  INFO 28452 --- [iam-core] [    Test worker] c.i.c.a.service.UserSyncService          : Processing sync for system: SAP_HR, traceId: trace-1
    2025-12-28T16:25:28.611+09:00  INFO 28452 --- [iam-core] [    Test worker] c.i.c.a.service.TransformationService    : Starting transformation for system: SAP_HR
    2025-12-28T16:25:28.613+09:00 DEBUG 28452 --- [iam-core] [    Test worker] org.hibernate.SQL                        : 
        select
            tm1_0.map_id,
            tm1_0.created_at,
            tm1_0.exec_order,
            tm1_0.is_mandatory,
            tm1_0.rule_id,
            tm1_0.system_id 
        from
            iam_trans_mapping tm1_0 
        where
            tm1_0.system_id=? 
        order by
            tm1_0.exec_order
    Hibernate: 
        select
            tm1_0.map_id,
            tm1_0.created_at,
            tm1_0.exec_order,
            tm1_0.is_mandatory,
            tm1_0.rule_id,
            tm1_0.system_id 
        from
            iam_trans_mapping tm1_0 
        where
            tm1_0.system_id=? 
        order by
            tm1_0.exec_order
    2025-12-28T16:25:28.614+09:00 TRACE 28452 --- [iam-core] [    Test worker] org.hibernate.orm.jdbc.bind              : binding parameter (1:VARCHAR) <- [SAP_HR]
    2025-12-28T16:25:28.615+09:00  INFO 28452 --- [iam-core] [    Test worker] c.i.c.a.service.TransformationService    : Found 1 rule mappings for system: SAP_HR (Raw Keys: [familyName, givenName, formattedName, externalId, active, userName, title, urn:ietf:params:scim:schemas:extension:enterprise:2.0:User])
    2025-12-28T16:25:28.617+09:00 DEBUG 28452 --- [iam-core] [    Test worker] org.hibernate.SQL                        : 
        select
            trv1_0.ver_id,
            trv1_0.change_log,
            trv1_0.created_at,
            trv1_0.created_by,
            trv1_0.is_current,
            trv1_0.rule_id,
            trv1_0.script_content,
            trv1_0.script_hash,
            trv1_0.version_no 
        from
            iam_trans_rule_version trv1_0 
        where
            trv1_0.rule_id=? 
            and trv1_0.is_current
    Hibernate: 
        select
            trv1_0.ver_id,
            trv1_0.change_log,
            trv1_0.created_at,
            trv1_0.created_by,
            trv1_0.is_current,
            trv1_0.rule_id,
            trv1_0.script_content,
            trv1_0.script_hash,
            trv1_0.version_no 
        from
            iam_trans_rule_version trv1_0 
        where
            trv1_0.rule_id=? 
            and trv1_0.is_current
    2025-12-28T16:25:28.617+09:00 TRACE 28452 --- [iam-core] [    Test worker] org.hibernate.orm.jdbc.bind              : binding parameter (1:VARCHAR) <- [SAP_CORE_TRANS]
    2025-12-28T16:25:28.618+09:00 DEBUG 28452 --- [iam-core] [    Test worker] c.i.c.a.service.TransformationService    : Executing rule: SAP_CORE_TRANS (order: 1)
    2025-12-28T16:25:28.618+09:00 DEBUG 28452 --- [iam-core] [    Test worker] c.i.c.a.service.TransformationService    : Rule result: {userName=kim.f@iam.com, familyName=Kim, givenName=Free, title=Junior, active=BooleanData[value=true], employeeNumber=StringData[value=H002], department=null}
    2025-12-28T16:25:28.618+09:00 DEBUG 28452 --- [iam-core] [    Test worker] c.i.c.a.s.IdentityCorrelationService     : Correlating identity: systemId=SAP_HR, externalId=H002
    2025-12-28T16:25:28.619+09:00 DEBUG 28452 --- [iam-core] [    Test worker] org.hibernate.SQL                        : 
        select
            il1_0.id,
            il1_0.is_active,
            il1_0.external_id,
            il1_0.iam_user_id,
            il1_0.system_type 
        from
            identity_link il1_0 
        where
            il1_0.system_type=? 
            and il1_0.external_id=?
    Hibernate: 
        select
            il1_0.id,
            il1_0.is_active,
            il1_0.external_id,
            il1_0.iam_user_id,
            il1_0.system_type 
        from
            identity_link il1_0 
        where
            il1_0.system_type=? 
            and il1_0.external_id=?
    2025-12-28T16:25:28.619+09:00 TRACE 28452 --- [iam-core] [    Test worker] org.hibernate.orm.jdbc.bind              : binding parameter (1:VARCHAR) <- [SAP_HR]
    2025-12-28T16:25:28.619+09:00 TRACE 28452 --- [iam-core] [    Test worker] org.hibernate.orm.jdbc.bind              : binding parameter (2:VARCHAR) <- [H002]
    2025-12-28T16:25:28.620+09:00 DEBUG 28452 --- [iam-core] [    Test worker] c.i.c.a.s.IdentityCorrelationService     : No IdentityLink found. Checking IamUser directly by externalId: H002
    2025-12-28T16:25:28.621+09:00 DEBUG 28452 --- [iam-core] [    Test worker] org.hibernate.SQL                        : 
        select
            iu1_0.user_id,
            iu1_0.active,
            iu1_0.created,
            iu1_0.external_id,
            iu1_0.family_name,
            iu1_0.formatted_name,
            iu1_0.given_name,
            iu1_0.last_modified,
            iu1_0.resource_type,
            iu1_0.title,
            iu1_0.user_name 
        from
            iam_user iu1_0 
        where
            iu1_0.external_id=?
    Hibernate: 
        select
            iu1_0.user_id,
            iu1_0.active,
            iu1_0.created,
            iu1_0.external_id,
            iu1_0.family_name,
            iu1_0.formatted_name,
            iu1_0.given_name,
            iu1_0.last_modified,
            iu1_0.resource_type,
            iu1_0.title,
            iu1_0.user_name 
        from
            iam_user iu1_0 
        where
            iu1_0.external_id=?
    2025-12-28T16:25:28.622+09:00 TRACE 28452 --- [iam-core] [    Test worker] org.hibernate.orm.jdbc.bind              : binding parameter (1:VARCHAR) <- [H002]
    2025-12-28T16:25:28.622+09:00  INFO 28452 --- [iam-core] [    Test worker] c.i.c.a.service.UserSyncService          : Creating new user via engine for system: SAP_HR, ID: H002
    2025-12-28T16:25:28.622+09:00  INFO 28452 --- [iam-core] [    Test worker] c.i.c.a.service.IamUserUpdateService     : Creating new IamUser for externalId: H002
    2025-12-28T16:25:28.622+09:00 DEBUG 28452 --- [iam-core] [    Test worker] c.i.c.a.service.IamUserUpdateService     : Updating IamUser: id=null, attributes=[familyName, givenName, formattedName, externalId, active, userName, title, department, urn:ietf:params:scim:schemas:extension:enterprise:2.0:User, employeeNumber]
    2025-12-28T16:25:28.623+09:00  INFO 28452 --- [iam-core] [    Test worker] c.i.c.a.service.UserSyncService          : Published provisioning command for user: 793016757906079921
    2025-12-28T16:25:28.624+09:00  INFO 28452 --- [iam-core] [    Test worker] c.i.c.a.service.UserSyncService          : Processing sync for system: SAP_HR, traceId: trace-2
    2025-12-28T16:25:28.624+09:00  INFO 28452 --- [iam-core] [    Test worker] c.i.c.a.service.TransformationService    : Starting transformation for system: SAP_HR
    2025-12-28T16:25:28.626+09:00 DEBUG 28452 --- [iam-core] [    Test worker] org.hibernate.SQL                        : 
        select
            tm1_0.map_id,
            tm1_0.created_at,
            tm1_0.exec_order,
            tm1_0.is_mandatory,
            tm1_0.rule_id,
            tm1_0.system_id 
        from
            iam_trans_mapping tm1_0 
        where
            tm1_0.system_id=? 
        order by
            tm1_0.exec_order
    Hibernate: 
        select
            tm1_0.map_id,
            tm1_0.created_at,
            tm1_0.exec_order,
            tm1_0.is_mandatory,
            tm1_0.rule_id,
            tm1_0.system_id 
        from
            iam_trans_mapping tm1_0 
        where
            tm1_0.system_id=? 
        order by
            tm1_0.exec_order
    2025-12-28T16:25:28.626+09:00 TRACE 28452 --- [iam-core] [    Test worker] org.hibernate.orm.jdbc.bind              : binding parameter (1:VARCHAR) <- [SAP_HR]
    2025-12-28T16:25:28.627+09:00  INFO 28452 --- [iam-core] [    Test worker] c.i.c.a.service.TransformationService    : Found 1 rule mappings for system: SAP_HR (Raw Keys: [familyName, givenName, formattedName, externalId, active, userName, title, urn:ietf:params:scim:schemas:extension:enterprise:2.0:User])
    2025-12-28T16:25:28.627+09:00 DEBUG 28452 --- [iam-core] [    Test worker] org.hibernate.SQL                        : 
        select
            trv1_0.ver_id,
            trv1_0.change_log,
            trv1_0.created_at,
            trv1_0.created_by,
            trv1_0.is_current,
            trv1_0.rule_id,
            trv1_0.script_content,
            trv1_0.script_hash,
            trv1_0.version_no 
        from
            iam_trans_rule_version trv1_0 
        where
            trv1_0.rule_id=? 
            and trv1_0.is_current
    Hibernate: 
        select
            trv1_0.ver_id,
            trv1_0.change_log,
            trv1_0.created_at,
            trv1_0.created_by,
            trv1_0.is_current,
            trv1_0.rule_id,
            trv1_0.script_content,
            trv1_0.script_hash,
            trv1_0.version_no 
        from
            iam_trans_rule_version trv1_0 
        where
            trv1_0.rule_id=? 
            and trv1_0.is_current
    2025-12-28T16:25:28.627+09:00 TRACE 28452 --- [iam-core] [    Test worker] org.hibernate.orm.jdbc.bind              : binding parameter (1:VARCHAR) <- [SAP_CORE_TRANS]
    2025-12-28T16:25:28.628+09:00 DEBUG 28452 --- [iam-core] [    Test worker] c.i.c.a.service.TransformationService    : Executing rule: SAP_CORE_TRANS (order: 1)
    2025-12-28T16:25:28.628+09:00 DEBUG 28452 --- [iam-core] [    Test worker] c.i.c.a.service.TransformationService    : Rule result: {userName=kim.f@iam.com, familyName=Kim, givenName=Future, title=Senior, active=BooleanData[value=true], employeeNumber=StringData[value=H002], department=null}
    2025-12-28T16:25:28.628+09:00 DEBUG 28452 --- [iam-core] [    Test worker] c.i.c.a.s.IdentityCorrelationService     : Correlating identity: systemId=SAP_HR, externalId=H002
    2025-12-28T16:25:28.631+09:00 DEBUG 28452 --- [iam-core] [    Test worker] org.hibernate.SQL                        : 
        insert 
        into
            iam_user
            (active, created, external_id, family_name, formatted_name, given_name, last_modified, resource_type, title, user_name, user_id) 
        values
            (?, ?, ?, ?, ?, ?, ?, ?, ?, ?, ?)
    Hibernate: 
        insert 
        into
            iam_user
            (active, created, external_id, family_name, formatted_name, given_name, last_modified, resource_type, title, user_name, user_id) 
        values
            (?, ?, ?, ?, ?, ?, ?, ?, ?, ?, ?)
    2025-12-28T16:25:28.631+09:00 TRACE 28452 --- [iam-core] [    Test worker] org.hibernate.orm.jdbc.bind              : binding parameter (1:BOOLEAN) <- [true]
    2025-12-28T16:25:28.631+09:00 TRACE 28452 --- [iam-core] [    Test worker] org.hibernate.orm.jdbc.bind              : binding parameter (2:TIMESTAMP) <- [2025-12-28T16:25:28.622915700]
    2025-12-28T16:25:28.631+09:00 TRACE 28452 --- [iam-core] [    Test worker] org.hibernate.orm.jdbc.bind              : binding parameter (3:VARCHAR) <- [H002]
    2025-12-28T16:25:28.631+09:00 TRACE 28452 --- [iam-core] [    Test worker] org.hibernate.orm.jdbc.bind              : binding parameter (4:VARCHAR) <- [Kim]
    2025-12-28T16:25:28.631+09:00 TRACE 28452 --- [iam-core] [    Test worker] org.hibernate.orm.jdbc.bind              : binding parameter (5:VARCHAR) <- [Kim Free]
    2025-12-28T16:25:28.631+09:00 TRACE 28452 --- [iam-core] [    Test worker] org.hibernate.orm.jdbc.bind              : binding parameter (6:VARCHAR) <- [Free]
    2025-12-28T16:25:28.631+09:00 TRACE 28452 --- [iam-core] [    Test worker] org.hibernate.orm.jdbc.bind              : binding parameter (7:TIMESTAMP) <- [2025-12-28T16:25:28.622915700]
    2025-12-28T16:25:28.631+09:00 TRACE 28452 --- [iam-core] [    Test worker] org.hibernate.orm.jdbc.bind              : binding parameter (8:VARCHAR) <- [User]
    2025-12-28T16:25:28.631+09:00 TRACE 28452 --- [iam-core] [    Test worker] org.hibernate.orm.jdbc.bind              : binding parameter (9:VARCHAR) <- [Junior]
    2025-12-28T16:25:28.631+09:00 TRACE 28452 --- [iam-core] [    Test worker] org.hibernate.orm.jdbc.bind              : binding parameter (10:VARCHAR) <- [kim.f@iam.com]
    2025-12-28T16:25:28.631+09:00 TRACE 28452 --- [iam-core] [    Test worker] org.hibernate.orm.jdbc.bind              : binding parameter (11:BIGINT) <- [793016757906079921]
    2025-12-28T16:25:28.631+09:00 DEBUG 28452 --- [iam-core] [    Test worker] org.hibernate.SQL                        : 
        insert 
        into
            iam_user_extension
            (extensions, user_id) 
        values
            (cast(? as jsonb), ?)
    Hibernate: 
        insert 
        into
            iam_user_extension
            (extensions, user_id) 
        values
            (cast(? as jsonb), ?)
    2025-12-28T16:25:28.632+09:00 TRACE 28452 --- [iam-core] [    Test worker] org.hibernate.orm.jdbc.bind              : binding parameter (1:JSON) <- [{GenericExtension=com.iam.core.domain.common.GenericExtension@7e762feb, urn:ietf:params:scim:schemas:extension:enterprise:2.0:User=com.iam.core.domain.user.EnterpriseUserExtension@76466a5}]
    2025-12-28T16:25:28.632+09:00 TRACE 28452 --- [iam-core] [    Test worker] org.hibernate.orm.jdbc.bind              : binding parameter (2:BIGINT) <- [793016757906079921]
    2025-12-28T16:25:28.632+09:00 DEBUG 28452 --- [iam-core] [    Test worker] org.hibernate.SQL                        : 
        insert 
        into
            identity_link
            (is_active, external_id, iam_user_id, system_type, id) 
        values
            (?, ?, ?, ?, ?)
    Hibernate: 
        insert 
        into
            identity_link
            (is_active, external_id, iam_user_id, system_type, id) 
        values
            (?, ?, ?, ?, ?)
    2025-12-28T16:25:28.632+09:00 TRACE 28452 --- [iam-core] [    Test worker] org.hibernate.orm.jdbc.bind              : binding parameter (1:BOOLEAN) <- [true]
    2025-12-28T16:25:28.632+09:00 TRACE 28452 --- [iam-core] [    Test worker] org.hibernate.orm.jdbc.bind              : binding parameter (2:VARCHAR) <- [H002]
    2025-12-28T16:25:28.632+09:00 TRACE 28452 --- [iam-core] [    Test worker] org.hibernate.orm.jdbc.bind              : binding parameter (3:BIGINT) <- [793016757906079921]
    2025-12-28T16:25:28.632+09:00 TRACE 28452 --- [iam-core] [    Test worker] org.hibernate.orm.jdbc.bind              : binding parameter (4:VARCHAR) <- [SAP_HR]
    2025-12-28T16:25:28.632+09:00 TRACE 28452 --- [iam-core] [    Test worker] org.hibernate.orm.jdbc.bind              : binding parameter (5:BIGINT) <- [793016757906079922]
    2025-12-28T16:25:28.632+09:00 DEBUG 28452 --- [iam-core] [    Test worker] org.hibernate.SQL                        : 
        update
            iam_user_extension 
        set
            extensions=cast(? as jsonb) 
        where
            user_id=?
    Hibernate: 
        update
            iam_user_extension 
        set
            extensions=cast(? as jsonb) 
        where
            user_id=?
    2025-12-28T16:25:28.633+09:00 TRACE 28452 --- [iam-core] [    Test worker] org.hibernate.orm.jdbc.bind              : binding parameter (1:JSON) <- [{GenericExtension=com.iam.core.domain.common.GenericExtension@5e6dcfa, urn:ietf:params:scim:schemas:extension:enterprise:2.0:User=com.iam.core.domain.user.EnterpriseUserExtension@705b4359}]
    2025-12-28T16:25:28.633+09:00 TRACE 28452 --- [iam-core] [    Test worker] org.hibernate.orm.jdbc.bind              : binding parameter (2:BIGINT) <- [793016757906079921]
    2025-12-28T16:25:28.633+09:00 DEBUG 28452 --- [iam-core] [    Test worker] org.hibernate.SQL                        : 
        insert 
        into
            iam_user_schema
            (user_id, schema_uri) 
        values
            (?, ?)
    Hibernate: 
        insert 
        into
            iam_user_schema
            (user_id, schema_uri) 
        values
            (?, ?)
    2025-12-28T16:25:28.633+09:00 TRACE 28452 --- [iam-core] [    Test worker] org.hibernate.orm.jdbc.bind              : binding parameter (1:BIGINT) <- [793016757906079921]
    2025-12-28T16:25:28.633+09:00 TRACE 28452 --- [iam-core] [    Test worker] org.hibernate.orm.jdbc.bind              : binding parameter (2:VARCHAR) <- [urn:ietf:params:scim:schemas:extension:enterprise:2.0:User]
    2025-12-28T16:25:28.634+09:00 DEBUG 28452 --- [iam-core] [    Test worker] org.hibernate.SQL                        : 
        select
            il1_0.id,
            il1_0.is_active,
            il1_0.external_id,
            il1_0.iam_user_id,
            il1_0.system_type 
        from
            identity_link il1_0 
        where
            il1_0.system_type=? 
            and il1_0.external_id=?
    Hibernate: 
        select
            il1_0.id,
            il1_0.is_active,
            il1_0.external_id,
            il1_0.iam_user_id,
            il1_0.system_type 
        from
            identity_link il1_0 
        where
            il1_0.system_type=? 
            and il1_0.external_id=?
    2025-12-28T16:25:28.634+09:00 TRACE 28452 --- [iam-core] [    Test worker] org.hibernate.orm.jdbc.bind              : binding parameter (1:VARCHAR) <- [SAP_HR]
    2025-12-28T16:25:28.634+09:00 TRACE 28452 --- [iam-core] [    Test worker] org.hibernate.orm.jdbc.bind              : binding parameter (2:VARCHAR) <- [H002]
    2025-12-28T16:25:28.634+09:00  INFO 28452 --- [iam-core] [    Test worker] c.i.c.a.service.UserSyncService          : Updating existing user via engine for system: SAP_HR, userId: 793016757906079921
    2025-12-28T16:25:28.634+09:00 DEBUG 28452 --- [iam-core] [    Test worker] c.i.c.a.service.IamUserUpdateService     : Updating IamUser: id=793016757906079921, attributes=[familyName, givenName, formattedName, externalId, active, userName, title, department, urn:ietf:params:scim:schemas:extension:enterprise:2.0:User, employeeNumber]
    2025-12-28T16:25:28.636+09:00  INFO 28452 --- [iam-core] [    Test worker] c.i.c.a.service.UserSyncService          : Published provisioning command for user: 793016757906079921
    2025-12-28T16:25:28.638+09:00 DEBUG 28452 --- [iam-core] [    Test worker] org.hibernate.SQL                        : 
        select
            il1_0.id,
            il1_0.is_active,
            il1_0.external_id,
            il1_0.iam_user_id,
            il1_0.system_type 
        from
            identity_link il1_0 
        where
            il1_0.system_type=? 
            and il1_0.external_id=?
    Hibernate: 
        select
            il1_0.id,
            il1_0.is_active,
            il1_0.external_id,
            il1_0.iam_user_id,
            il1_0.system_type 
        from
            identity_link il1_0 
        where
            il1_0.system_type=? 
            and il1_0.external_id=?
    2025-12-28T16:25:28.639+09:00 TRACE 28452 --- [iam-core] [    Test worker] org.hibernate.orm.jdbc.bind              : binding parameter (1:VARCHAR) <- [SAP_HR]
    2025-12-28T16:25:28.639+09:00 TRACE 28452 --- [iam-core] [    Test worker] org.hibernate.orm.jdbc.bind              : binding parameter (2:VARCHAR) <- [H002]

UserSyncServiceTest > 湲곗〈 ?ъ슜???뺣낫 蹂寃???Core 而щ읆怨?Extension JSONB媛 紐⑤몢 ?낅뜲?댄듃 ?섏뼱???쒕떎 FAILED
    org.opentest4j.AssertionFailedError: 
    expected: "IT Team"
     but was: ""
        at app//com.iam.core.application.service.UserSyncServiceTest.processHrSync_UpdateUser_ShouldUpdateHybrid(UserSyncServiceTest.java:119)

Gradle Test Executor 12 finished executing tests.
2025-12-28T16:25:28.650+09:00  INFO 28452 --- [iam-core] [ionShutdownHook] j.LocalContainerEntityManagerFactoryBean : Closing JPA EntityManagerFactory for persistence unit 'default'
2025-12-28T16:25:28.651+09:00 DEBUG 28452 --- [iam-core] [ionShutdownHook] org.hibernate.SQL                        : 
    set client_min_messages = WARNING
Hibernate: 
    set client_min_messages = WARNING
2025-12-28T16:25:28.651+09:00 DEBUG 28452 --- [iam-core] [ionShutdownHook] org.hibernate.SQL                        : 
    alter table if exists iam_user_extension 
       drop constraint if exists FKtl2g2k0iy6fq4x4wkubk61qse
Hibernate: 
    alter table if exists iam_user_extension 
       drop constraint if exists FKtl2g2k0iy6fq4x4wkubk61qse
2025-12-28T16:25:28.652+09:00 DEBUG 28452 --- [iam-core] [ionShutdownHook] org.hibernate.SQL                        : 
    alter table if exists iam_user_schema 
       drop constraint if exists FKti7a7wdijn9xlkk4jl9vmfons
Hibernate: 
    alter table if exists iam_user_schema 
       drop constraint if exists FKti7a7wdijn9xlkk4jl9vmfons
2025-12-28T16:25:28.652+09:00 DEBUG 28452 --- [iam-core] [ionShutdownHook] org.hibernate.SQL                        : 
    drop table if exists iam_source_system cascade
Hibernate: 
    drop table if exists iam_source_system cascade
2025-12-28T16:25:28.653+09:00 DEBUG 28452 --- [iam-core] [ionShutdownHook] org.hibernate.SQL                        : 
    drop table if exists iam_sync_transform_failure cascade
Hibernate: 
    drop table if exists iam_sync_transform_failure cascade
2025-12-28T16:25:28.654+09:00 DEBUG 28452 --- [iam-core] [ionShutdownHook] org.hibernate.SQL                        : 
    drop table if exists iam_trans_mapping cascade
Hibernate: 
    drop table if exists iam_trans_mapping cascade
2025-12-28T16:25:28.654+09:00 DEBUG 28452 --- [iam-core] [ionShutdownHook] org.hibernate.SQL                        : 
    drop table if exists iam_trans_rule_meta cascade
Hibernate: 
    drop table if exists iam_trans_rule_meta cascade
2025-12-28T16:25:28.654+09:00 DEBUG 28452 --- [iam-core] [ionShutdownHook] org.hibernate.SQL                        : 
    drop table if exists iam_trans_rule_version cascade
Hibernate: 
    drop table if exists iam_trans_rule_version cascade
2025-12-28T16:25:28.654+09:00 DEBUG 28452 --- [iam-core] [ionShutdownHook] org.hibernate.SQL                        : 
    drop table if exists iam_user cascade
Hibernate: 
    drop table if exists iam_user cascade
2025-12-28T16:25:28.655+09:00 DEBUG 28452 --- [iam-core] [ionShutdownHook] org.hibernate.SQL                        : 
    drop table if exists iam_user_extension cascade
Hibernate: 
    drop table if exists iam_user_extension cascade
2025-12-28T16:25:28.655+09:00 DEBUG 28452 --- [iam-core] [ionShutdownHook] org.hibernate.SQL                        : 
    drop table if exists iam_user_schema cascade
Hibernate: 
    drop table if exists iam_user_schema cascade
2025-12-28T16:25:28.655+09:00 DEBUG 28452 --- [iam-core] [ionShutdownHook] org.hibernate.SQL                        : 
    drop table if exists identity_link cascade
Hibernate: 
    drop table if exists identity_link cascade
2025-12-28T16:25:28.656+09:00 DEBUG 28452 --- [iam-core] [ionShutdownHook] org.hibernate.SQL                        : 
    drop table if exists sync_history cascade
Hibernate: 
    drop table if exists sync_history cascade
2025-12-28T16:25:28.660+09:00  INFO 28452 --- [iam-core] [ionShutdownHook] com.zaxxer.hikari.HikariDataSource       : HikariPool-1 - Shutdown initiated...
2025-12-28T16:25:28.660+09:00  INFO 28452 --- [iam-core] [ionShutdownHook] com.zaxxer.hikari.HikariDataSource       : HikariPool-1 - Shutdown completed.

> Task :iam-core:test FAILED

Finished generating test XML results (0.003 secs) into: C:\Dev\project\iam\iam-core\build\test-results\test
Generating HTML test report...
Finished generating test html results (0.005 secs) into: C:\Dev\project\iam\iam-core\build\reports\tests\test
2 tests completed, 2 failed

FAILURE: Build failed with an exception.

* What went wrong:
Execution failed for task ':iam-core:test'.
> There were failing tests. See the report at: file:///C:/Dev/p
roject/iam/iam-core/build/reports/tests/test/index.html

* Try:
> Run with --scan to generate a Build Scan (Powered by Develoci
ty).

BUILD FAILED in 6s
5 actionable tasks: 1 executed, 4 up-to-date
Watched directory hierarchies: [C:\Dev\project\iam]
